Archive member included to satisfy reference by file (symbol)

c:/program files (x86)/atollic/truestudio for stm32 9.0.1/armtools/bin/../lib/gcc/arm-atollic-eabi/6.3.1/../../../../arm-atollic-eabi/lib/armv7e-m/fpu\libc_nano.a(lib_a-init.o)
                              libraries\CMSIS\Source\startup_stm32l452xx.o (__libc_init_array)
c:/program files (x86)/atollic/truestudio for stm32 9.0.1/armtools/bin/../lib/gcc/arm-atollic-eabi/6.3.1/../../../../arm-atollic-eabi/lib/armv7e-m/fpu\libc_nano.a(lib_a-memcpy-stub.o)
                              Src\Drivers\ATCommand\base\ATCommand.o (memcpy)
c:/program files (x86)/atollic/truestudio for stm32 9.0.1/armtools/bin/../lib/gcc/arm-atollic-eabi/6.3.1/../../../../arm-atollic-eabi/lib/armv7e-m/fpu\libc_nano.a(lib_a-strlen.o)
                              Src\Drivers\ATCommand\base\ATCommand.o (strlen)
c:/program files (x86)/atollic/truestudio for stm32 9.0.1/armtools/bin/../lib/gcc/arm-atollic-eabi/6.3.1/../../../../arm-atollic-eabi/lib/armv7e-m/fpu\libc_nano.a(lib_a-vsprintf.o)
                              Src\Architecture\tools\basic\base\tools.o (vsprintf)
c:/program files (x86)/atollic/truestudio for stm32 9.0.1/armtools/bin/../lib/gcc/arm-atollic-eabi/6.3.1/../../../../arm-atollic-eabi/lib/armv7e-m/fpu\libc_nano.a(lib_a-impure.o)
                              c:/program files (x86)/atollic/truestudio for stm32 9.0.1/armtools/bin/../lib/gcc/arm-atollic-eabi/6.3.1/../../../../arm-atollic-eabi/lib/armv7e-m/fpu\libc_nano.a(lib_a-vsprintf.o) (_impure_ptr)
c:/program files (x86)/atollic/truestudio for stm32 9.0.1/armtools/bin/../lib/gcc/arm-atollic-eabi/6.3.1/../../../../arm-atollic-eabi/lib/armv7e-m/fpu\libc_nano.a(lib_a-nano-svfprintf.o)
                              c:/program files (x86)/atollic/truestudio for stm32 9.0.1/armtools/bin/../lib/gcc/arm-atollic-eabi/6.3.1/../../../../arm-atollic-eabi/lib/armv7e-m/fpu\libc_nano.a(lib_a-vsprintf.o) (_svfprintf_r)
c:/program files (x86)/atollic/truestudio for stm32 9.0.1/armtools/bin/../lib/gcc/arm-atollic-eabi/6.3.1/../../../../arm-atollic-eabi/lib/armv7e-m/fpu\libc_nano.a(lib_a-nano-vfprintf_i.o)
                              c:/program files (x86)/atollic/truestudio for stm32 9.0.1/armtools/bin/../lib/gcc/arm-atollic-eabi/6.3.1/../../../../arm-atollic-eabi/lib/armv7e-m/fpu\libc_nano.a(lib_a-nano-svfprintf.o) (_printf_i)
c:/program files (x86)/atollic/truestudio for stm32 9.0.1/armtools/bin/../lib/gcc/arm-atollic-eabi/6.3.1/../../../../arm-atollic-eabi/lib/armv7e-m/fpu\libc_nano.a(lib_a-memchr.o)
                              c:/program files (x86)/atollic/truestudio for stm32 9.0.1/armtools/bin/../lib/gcc/arm-atollic-eabi/6.3.1/../../../../arm-atollic-eabi/lib/armv7e-m/fpu\libc_nano.a(lib_a-nano-svfprintf.o) (memchr)
c:/program files (x86)/atollic/truestudio for stm32 9.0.1/armtools/bin/../lib/gcc/arm-atollic-eabi/6.3.1/../../../../arm-atollic-eabi/lib/armv7e-m/fpu\libc_nano.a(lib_a-memmove.o)
                              c:/program files (x86)/atollic/truestudio for stm32 9.0.1/armtools/bin/../lib/gcc/arm-atollic-eabi/6.3.1/../../../../arm-atollic-eabi/lib/armv7e-m/fpu\libc_nano.a(lib_a-nano-svfprintf.o) (memmove)
c:/program files (x86)/atollic/truestudio for stm32 9.0.1/armtools/bin/../lib/gcc/arm-atollic-eabi/6.3.1/../../../../arm-atollic-eabi/lib/armv7e-m/fpu\libc_nano.a(lib_a-nano-freer.o)
                              c:/program files (x86)/atollic/truestudio for stm32 9.0.1/armtools/bin/../lib/gcc/arm-atollic-eabi/6.3.1/../../../../arm-atollic-eabi/lib/armv7e-m/fpu\libc_nano.a(lib_a-nano-svfprintf.o) (_free_r)
c:/program files (x86)/atollic/truestudio for stm32 9.0.1/armtools/bin/../lib/gcc/arm-atollic-eabi/6.3.1/../../../../arm-atollic-eabi/lib/armv7e-m/fpu\libc_nano.a(lib_a-nano-mallocr.o)
                              c:/program files (x86)/atollic/truestudio for stm32 9.0.1/armtools/bin/../lib/gcc/arm-atollic-eabi/6.3.1/../../../../arm-atollic-eabi/lib/armv7e-m/fpu\libc_nano.a(lib_a-nano-svfprintf.o) (_malloc_r)
c:/program files (x86)/atollic/truestudio for stm32 9.0.1/armtools/bin/../lib/gcc/arm-atollic-eabi/6.3.1/../../../../arm-atollic-eabi/lib/armv7e-m/fpu\libc_nano.a(lib_a-nano-reallocr.o)
                              c:/program files (x86)/atollic/truestudio for stm32 9.0.1/armtools/bin/../lib/gcc/arm-atollic-eabi/6.3.1/../../../../arm-atollic-eabi/lib/armv7e-m/fpu\libc_nano.a(lib_a-nano-svfprintf.o) (_realloc_r)
c:/program files (x86)/atollic/truestudio for stm32 9.0.1/armtools/bin/../lib/gcc/arm-atollic-eabi/6.3.1/../../../../arm-atollic-eabi/lib/armv7e-m/fpu\libc_nano.a(lib_a-sbrkr.o)
                              c:/program files (x86)/atollic/truestudio for stm32 9.0.1/armtools/bin/../lib/gcc/arm-atollic-eabi/6.3.1/../../../../arm-atollic-eabi/lib/armv7e-m/fpu\libc_nano.a(lib_a-nano-mallocr.o) (_sbrk_r)
c:/program files (x86)/atollic/truestudio for stm32 9.0.1/armtools/bin/../lib/gcc/arm-atollic-eabi/6.3.1/../../../../arm-atollic-eabi/lib/armv7e-m/fpu\libc_nano.a(lib_a-mlock.o)
[...]
Memory Configuration

Name             Origin             Length             Attributes
FLASH            0x08000000         0x00080000         xr
RAM              0x20000000         0x00020000         xrw
RAM2             0x10000000         0x00008000         rw
MEMORY_B1        0x60000000         0x00000000         xr
*default*        0x00000000         0xffffffff

Linker script and memory map

LOAD c:/program files (x86)/atollic/truestudio for stm32 9.0.1/armtools/bin/../lib/gcc/arm-atollic-eabi/6.3.1/armv7e-m/fpu/crti.o
LOAD c:/program files (x86)/atollic/truestudio for stm32 9.0.1/armtools/bin/../lib/gcc/arm-atollic-eabi/6.3.1/armv7e-m/fpu/crtbegin.o
LOAD Src\Applications\Main\main.o
LOAD Src\Applications\System_App\System_app.o
LOAD Src\Architecture\SREG\base\sreg.o
LOAD Src\Architecture\SREG\custom\sreg_dat.o
LOAD Src\Architecture\Scheduler\base\Scheduler.o
LOAD Src\Architecture\Scheduler\custom\Scheduler_map.o
LOAD Src\Architecture\StateMachine\base\stateMachine.o
LOAD Src\Architecture\tools\basic\base\CheckCalc.o
LOAD Src\Architecture\tools\basic\base\CircularBuffer.o
LOAD Src\Architecture\tools\basic\base\crc.o
LOAD Src\Architecture\tools\basic\base\tools.o
LOAD Src\Drivers\ATCommand\base\ATCommand.o
LOAD Src\Drivers\ATCommand\custom\ATCommand_map.o
LOAD Src\Drivers\ATCommand\fsm\ATCommand_fsm.o
LOAD Src\Drivers\SD\base\sd.o
LOAD Src\Drivers\SD\custom\sd_map.o
LOAD Src\Drivers\SwTimer\base\SwTimer.o
LOAD Src\Drivers\SwTimer\base\SwTimer_api.o
LOAD Src\Drivers\pipeDevice\base\PipeDevice.o
LOAD Src\Drivers\pipeDevice\custom\PipeDevice_map.o
LOAD Src\HAL\DMA\base\DMA.o
LOAD Src\HAL\DMA\custom\dma_map.o
LOAD Src\HAL\Flash\base\Flash.o
LOAD Src\HAL\Flash\base\Flash_api.o
LOAD Src\HAL\Flash\custom\Flash_map.o
LOAD Src\HAL\GPIO\base\GPIO.o
LOAD Src\HAL\GPIO\base\GPIO_api.o
LOAD Src\HAL\GPIO\custom\GPIO_map.o
LOAD Src\HAL\Interrupts\base\interrupts.o
LOAD Src\HAL\Interrupts\base\interrupts_api.o
LOAD Src\HAL\Interrupts\custom\interrupts_it.o
LOAD Src\HAL\Interrupts\custom\interrupts_map.o
LOAD Src\HAL\System\base\System.o
LOAD Src\HAL\System\base\System_api.o
LOAD Src\HAL\System\custom\System_map.o
LOAD Src\HAL\spi\base\spi.o
LOAD Src\HAL\spi\base\spi_api.o
LOAD Src\HAL\spi\custom\spi_map.o
LOAD Src\HAL\uart\base\uart.o
LOAD Src\HAL\uart\base\uart_api.o
LOAD Src\HAL\uart\custom\UART_map.o
LOAD Src\Middleware\System_mw\System_mw.o
LOAD libraries\CMSIS\Source\startup_stm32l452xx.o
LOAD libraries\CMSIS\Source\system_stm32l4xx.o
LOAD libraries\ST_HAL\Src\stm32l4xx_hal.o
LOAD libraries\ST_HAL\Src\stm32l4xx_hal_adc.o
LOAD libraries\ST_HAL\Src\stm32l4xx_hal_adc_ex.o
LOAD libraries\ST_HAL\Src\stm32l4xx_hal_can.o
LOAD libraries\ST_HAL\Src\stm32l4xx_hal_comp.o
LOAD libraries\ST_HAL\Src\stm32l4xx_hal_cortex.o
LOAD libraries\ST_HAL\Src\stm32l4xx_hal_crc.o
LOAD libraries\ST_HAL\Src\stm32l4xx_hal_crc_ex.o
LOAD libraries\ST_HAL\Src\stm32l4xx_hal_cryp.o
LOAD libraries\ST_HAL\Src\stm32l4xx_hal_cryp_ex.o
LOAD libraries\ST_HAL\Src\stm32l4xx_hal_dac.o
LOAD libraries\ST_HAL\Src\stm32l4xx_hal_dac_ex.o
LOAD libraries\ST_HAL\Src\stm32l4xx_hal_dcmi.o
LOAD libraries\ST_HAL\Src\stm32l4xx_hal_dfsdm.o
LOAD libraries\ST_HAL\Src\stm32l4xx_hal_dfsdm_ex.o
LOAD libraries\ST_HAL\Src\stm32l4xx_hal_dma.o
LOAD libraries\ST_HAL\Src\stm32l4xx_hal_dma2d.o
LOAD libraries\ST_HAL\Src\stm32l4xx_hal_dma_ex.o
LOAD libraries\ST_HAL\Src\stm32l4xx_hal_dsi.o
LOAD libraries\ST_HAL\Src\stm32l4xx_hal_firewall.o
LOAD libraries\ST_HAL\Src\stm32l4xx_hal_flash.o
LOAD libraries\ST_HAL\Src\stm32l4xx_hal_flash_ex.o
LOAD libraries\ST_HAL\Src\stm32l4xx_hal_flash_ramfunc.o
LOAD libraries\ST_HAL\Src\stm32l4xx_hal_gfxmmu.o
LOAD libraries\ST_HAL\Src\stm32l4xx_hal_gpio.o
LOAD libraries\ST_HAL\Src\stm32l4xx_hal_hash.o
LOAD libraries\ST_HAL\Src\stm32l4xx_hal_hash_ex.o
LOAD libraries\ST_HAL\Src\stm32l4xx_hal_hcd.o
LOAD libraries\ST_HAL\Src\stm32l4xx_hal_i2c.o
LOAD libraries\ST_HAL\Src\stm32l4xx_hal_i2c_ex.o
LOAD libraries\ST_HAL\Src\stm32l4xx_hal_irda.o
LOAD libraries\ST_HAL\Src\stm32l4xx_hal_iwdg.o
LOAD libraries\ST_HAL\Src\stm32l4xx_hal_lcd.o
LOAD libraries\ST_HAL\Src\stm32l4xx_hal_lptim.o
LOAD libraries\ST_HAL\Src\stm32l4xx_hal_ltdc.o
LOAD libraries\ST_HAL\Src\stm32l4xx_hal_ltdc_ex.o
LOAD libraries\ST_HAL\Src\stm32l4xx_hal_nand.o
LOAD libraries\ST_HAL\Src\stm32l4xx_hal_nor.o
LOAD libraries\ST_HAL\Src\stm32l4xx_hal_opamp.o
LOAD libraries\ST_HAL\Src\stm32l4xx_hal_opamp_ex.o
LOAD libraries\ST_HAL\Src\stm32l4xx_hal_ospi.o
LOAD libraries\ST_HAL\Src\stm32l4xx_hal_pcd.o
LOAD libraries\ST_HAL\Src\stm32l4xx_hal_pcd_ex.o
LOAD libraries\ST_HAL\Src\stm32l4xx_hal_pwr.o
LOAD libraries\ST_HAL\Src\stm32l4xx_hal_pwr_ex.o
LOAD libraries\ST_HAL\Src\stm32l4xx_hal_qspi.o
LOAD libraries\ST_HAL\Src\stm32l4xx_hal_rcc.o
LOAD libraries\ST_HAL\Src\stm32l4xx_hal_rcc_ex.o
LOAD libraries\ST_HAL\Src\stm32l4xx_hal_rng.o
LOAD libraries\ST_HAL\Src\stm32l4xx_hal_rtc.o
LOAD libraries\ST_HAL\Src\stm32l4xx_hal_rtc_ex.o
LOAD libraries\ST_HAL\Src\stm32l4xx_hal_sai.o
LOAD libraries\ST_HAL\Src\stm32l4xx_hal_sai_ex.o
LOAD libraries\ST_HAL\Src\stm32l4xx_hal_sd.o
LOAD libraries\ST_HAL\Src\stm32l4xx_hal_sd_ex.o
LOAD libraries\ST_HAL\Src\stm32l4xx_hal_smartcard.o
LOAD libraries\ST_HAL\Src\stm32l4xx_hal_smartcard_ex.o
LOAD libraries\ST_HAL\Src\stm32l4xx_hal_smbus.o
LOAD libraries\ST_HAL\Src\stm32l4xx_hal_spi.o
LOAD libraries\ST_HAL\Src\stm32l4xx_hal_spi_ex.o
LOAD libraries\ST_HAL\Src\stm32l4xx_hal_sram.o
LOAD libraries\ST_HAL\Src\stm32l4xx_hal_swpmi.o
LOAD libraries\ST_HAL\Src\stm32l4xx_hal_tim.o
LOAD libraries\ST_HAL\Src\stm32l4xx_hal_tim_ex.o
LOAD libraries\ST_HAL\Src\stm32l4xx_hal_tsc.o
LOAD libraries\ST_HAL\Src\stm32l4xx_hal_uart.o
LOAD libraries\ST_HAL\Src\stm32l4xx_hal_uart_ex.o
LOAD libraries\ST_HAL\Src\stm32l4xx_hal_usart.o
LOAD libraries\ST_HAL\Src\stm32l4xx_hal_usart_ex.o
LOAD libraries\ST_HAL\Src\stm32l4xx_hal_wwdg.o
LOAD libraries\ST_HAL\Src\stm32l4xx_ll_sdmmc.o
                0x00000080                malloc_getpagesize_P = 0x80
START GROUP
LOAD c:/program files (x86)/atollic/truestudio for stm32 9.0.1/armtools/bin/../lib/gcc/arm-atollic-eabi/6.3.1/../../../../arm-atollic-eabi/lib/armv7e-m/fpu\libc_nano.a
LOAD c:/program files (x86)/atollic/truestudio for stm32 9.0.1/armtools/bin/../lib/gcc/arm-atollic-eabi/6.3.1/../../../../arm-atollic-eabi/lib/armv7e-m/fpu\libm.a
END GROUP
START GROUP
LOAD c:/program files (x86)/atollic/truestudio for stm32 9.0.1/armtools/bin/../lib/gcc/arm-atollic-eabi/6.3.1/armv7e-m/fpu\libgcc.a
LOAD c:/program files (x86)/atollic/truestudio for stm32 9.0.1/armtools/bin/../lib/gcc/arm-atollic-eabi/6.3.1/../../../../arm-atollic-eabi/lib/armv7e-m/fpu\libc_nano.a
END GROUP
START GROUP
LOAD c:/program files (x86)/atollic/truestudio for stm32 9.0.1/armtools/bin/../lib/gcc/arm-atollic-eabi/6.3.1/armv7e-m/fpu\libgcc.a
LOAD c:/program files (x86)/atollic/truestudio for stm32 9.0.1/armtools/bin/../lib/gcc/arm-atollic-eabi/6.3.1/../../../../arm-atollic-eabi/lib/armv7e-m/fpu\libc_nano.a
LOAD c:/program files (x86)/atollic/truestudio for stm32 9.0.1/armtools/bin/../lib/gcc/arm-atollic-eabi/6.3.1/../../../../arm-atollic-eabi/lib/armv7e-m/fpu\libnosys.a
END GROUP
START GROUP
LOAD c:/program files (x86)/atollic/truestudio for stm32 9.0.1/armtools/bin/../lib/gcc/arm-atollic-eabi/6.3.1/armv7e-m/fpu\libgcc.a
LOAD c:/program files (x86)/atollic/truestudio for stm32 9.0.1/armtools/bin/../lib/gcc/arm-atollic-eabi/6.3.1/../../../../arm-atollic-eabi/lib/armv7e-m/fpu\libc_nano.a
LOAD c:/program files (x86)/atollic/truestudio for stm32 9.0.1/armtools/bin/../lib/gcc/arm-atollic-eabi/6.3.1/../../../../arm-atollic-eabi/lib/armv7e-m/fpu\libnosys.a
END GROUP
LOAD c:/program files (x86)/atollic/truestudio for stm32 9.0.1/armtools/bin/../lib/gcc/arm-atollic-eabi/6.3.1/armv7e-m/fpu/crtend.o
LOAD c:/program files (x86)/atollic/truestudio for stm32 9.0.1/armtools/bin/../lib/gcc/arm-atollic-eabi/6.3.1/armv7e-m/fpu/crtn.o
                0x20020000                _estack = 0x20020000
                0x00000000                _Min_Heap_Size = 0x0
                0x00000400                _Min_Stack_Size = 0x400

.isr_vector     0x08000000      0x194
                0x08000000                . = ALIGN (0x4)
 *(.isr_vector)
 .isr_vector    0x08000000      0x194 libraries\CMSIS\Source\startup_stm32l452xx.o
                0x08000000                g_pfnVectors
                0x08000194                . = ALIGN (0x4)

.text           0x080001a0     0x522c
                0x080001a0                . = ALIGN (0x4)
 *(.text)
 .text          0x080001a0       0x40 c:/program files (x86)/atollic/truestudio for stm32 9.0.1/armtools/bin/../lib/gcc/arm-atollic-eabi/6.3.1/armv7e-m/fpu/crtbegin.o
 .text          0x080001e0       0x10 c:/program files (x86)/atollic/truestudio for stm32 9.0.1/armtools/bin/../lib/gcc/arm-atollic-eabi/6.3.1/../../../../arm-atollic-eabi/lib/armv7e-m/fpu\libc_nano.a(lib_a-strlen.o)
                0x080001e0                strlen
 .text          0x080001f0       0xa0 c:/program files (x86)/atollic/truestudio for stm32 9.0.1/armtools/bin/../lib/gcc/arm-atollic-eabi/6.3.1/../../../../arm-atollic-eabi/lib/armv7e-m/fpu\libc_nano.a(lib_a-memchr.o)
                0x080001f0                memchr
 .text          0x08000290       0x30 c:/program files (x86)/atollic/truestudio for stm32 9.0.1/armtools/bin/../lib/gcc/arm-atollic-eabi/6.3.1/armv7e-m/fpu\libgcc.a(_aeabi_uldivmod.o)
                0x08000290                __aeabi_uldivmod
 .text          0x080002c0      0x2dc c:/program files (x86)/atollic/truestudio for stm32 9.0.1/armtools/bin/../lib/gcc/arm-atollic-eabi/6.3.1/armv7e-m/fpu\libgcc.a(_udivmoddi4.o)
                0x080002c0                __udivmoddi4
 .text          0x0800059c        0x4 c:/program files (x86)/atollic/truestudio for stm32 9.0.1/armtools/bin/../lib/gcc/arm-atollic-eabi/6.3.1/armv7e-m/fpu\libgcc.a(_dvmd_tls.o)
                0x0800059c                __aeabi_idiv0
                0x0800059c                __aeabi_ldiv0
 *(.text*)
 .text.main     0x080005a0       0x3c Src\Applications\Main\main.o
                0x080005a0                main
 .text.initSystemApp
                0x080005dc       0x14 Src\Applications\System_App\System_app.o
                0x080005dc                initSystemApp
 .text.callSystemApp
                0x080005f0       0xdc Src\Applications\System_App\System_app.o
                0x080005f0                callSystemApp
 .text.ATLTECallback
                0x080006cc       0x2c Src\Applications\System_App\System_app.o
                0x080006cc                ATLTECallback
 .text.ATGPSCallback
                0x080006f8       0x2c Src\Applications\System_App\System_app.o
                0x080006f8                ATGPSCallback
 .text.sregWrite
                0x08000724       0x48 Src\Architecture\SREG\base\sreg.o
                0x08000724                sregWrite
 .text.sregReadParam
                0x0800076c       0xa8 Src\Architecture\SREG\base\sreg.o
                0x0800076c                sregReadParam
 .text.initSregAll
                0x08000814       0x24 Src\Architecture\SREG\base\sreg.o
                0x08000814                initSregAll
 .text.readSregTableStd
                0x08000838       0x1a Src\Architecture\SREG\base\sreg.o
                0x08000838                readSregTableStd
 .text.readSreg
                0x08000852        0x8 Src\Architecture\SREG\base\sreg.o
                0x08000852                readSreg
 .text.writeSregTableStd
                0x0800085a       0x2e Src\Architecture\SREG\base\sreg.o
                0x0800085a                writeSregTableStd
 .text.writeSreg
                0x08000888        0x8 Src\Architecture\SREG\base\sreg.o
                0x08000888                writeSreg
 .text.SchedulerResetProcessTable
                0x08000890       0x6c Src\Architecture\Scheduler\base\Scheduler.o
                0x08000890                SchedulerResetProcessTable
 .text.SchedulerInit
                0x080008fc       0x48 Src\Architecture\Scheduler\base\Scheduler.o
                0x080008fc                SchedulerInit
 .text.SchedulerProcessesAutoEnable
                0x08000944       0x5c Src\Architecture\Scheduler\base\Scheduler.o
                0x08000944                SchedulerProcessesAutoEnable
 .text.SchedulerUpdateTaskTime
                0x080009a0       0x54 Src\Architecture\Scheduler\base\Scheduler.o
                0x080009a0                SchedulerUpdateTaskTime
 .text.SchedulerExecuteSystemProcess
                0x080009f4       0x64 Src\Architecture\Scheduler\base\Scheduler.o
 .text.SchedulerNextSystemProcess
                0x08000a58       0xd4 Src\Architecture\Scheduler\base\Scheduler.o
                0x08000a58                SchedulerNextSystemProcess
 .text.checkCondition
                0x08000b2c       0x22 Src\Architecture\StateMachine\base\stateMachine.o
 *fill*         0x08000b4e        0x2 
 .text.checkEvent
                0x08000b50       0x60 Src\Architecture\StateMachine\base\stateMachine.o
 .text.checkAction
                0x08000bb0       0x22 Src\Architecture\StateMachine\base\stateMachine.o
 .text.checkExitAction
                0x08000bd2       0x14 Src\Architecture\StateMachine\base\stateMachine.o
 .text.checkEntryAction
                0x08000be6       0x14 Src\Architecture\StateMachine\base\stateMachine.o
 .text.clearEvents
                0x08000bfa       0x1a Src\Architecture\StateMachine\base\stateMachine.o
 .text.clearEvent
                0x08000c14        0xc Src\Architecture\StateMachine\base\stateMachine.o
 .text.checkTimingEvents
                0x08000c20       0x58 Src\Architecture\StateMachine\base\stateMachine.o
 .text.checkDestination
                0x08000c78       0xac Src\Architecture\StateMachine\base\stateMachine.o
 .text.executeFsm
                0x08000d24       0xac Src\Architecture\StateMachine\base\stateMachine.o
 .text.startFsm
                0x08000dd0       0x50 Src\Architecture\StateMachine\base\stateMachine.o
 .text.initFsm  0x08000e20       0x24 Src\Architecture\StateMachine\base\stateMachine.o
                0x08000e20                initFsm
 .text.callFsmTask
                0x08000e44       0x68 Src\Architecture\StateMachine\base\stateMachine.o
                0x08000e44                callFsmTask
 .text.configureFsm
                0x08000eac       0x50 Src\Architecture\StateMachine\base\stateMachine.o
                0x08000eac                configureFsm
 .text.resetFsm
                0x08000efc       0x28 Src\Architecture\StateMachine\base\stateMachine.o
                0x08000efc                resetFsm
 .text.announceFsmEvent
                0x08000f24       0xa4 Src\Architecture\StateMachine\base\stateMachine.o
                0x08000f24                announceFsmEvent
 .text.setLogFsm
                0x08000fc8       0x20 Src\Architecture\StateMachine\base\stateMachine.o
                0x08000fc8                setLogFsm
 .text.CreateQueue
                0x08000fe8        0xe Src\Architecture\tools\basic\base\CircularBuffer.o
                0x08000fe8                CreateQueue
 .text.AddQueueByte
                0x08000ff6       0x2e Src\Architecture\tools\basic\base\CircularBuffer.o
                0x08000ff6                AddQueueByte
 .text.GetQueueByte
                0x08001024       0x2c Src\Architecture\tools\basic\base\CircularBuffer.o
                0x08001024                GetQueueByte
 .text.GetQueuePendingBytes
                0x08001050        0x4 Src\Architecture\tools\basic\base\CircularBuffer.o
                0x08001050                GetQueuePendingBytes
 .text.GetQueueFreeBytes
                0x08001054        0xa Src\Architecture\tools\basic\base\CircularBuffer.o
                0x08001054                GetQueueFreeBytes
 .text.vprint   0x0800105e       0x10 Src\Architecture\tools\basic\base\tools.o
 .text.my_printf
                0x0800106e       0x22 Src\Architecture\tools\basic\base\tools.o
                0x0800106e                my_printf
 .text.my_printTraceBin
                0x08001090        0x2 Src\Architecture\tools\basic\base\tools.o
                0x08001090                my_printTraceBin
 *fill*         0x08001092        0x2 
 .text.ATCommandParse
                0x08001094       0xb0 Src\Drivers\ATCommand\base\ATCommand.o
                0x08001094                ATCommandParse
 .text.AtProcessResponse
                0x08001144       0xb4 Src\Drivers\ATCommand\base\ATCommand.o
                0x08001144                AtProcessResponse
 .text.AtCheckMaxRetries
                0x080011f8        0x4 Src\Drivers\ATCommand\base\ATCommand.o
                0x080011f8                AtCheckMaxRetries
 .text.AtCheckExpectedResponse
                0x080011fc        0x4 Src\Drivers\ATCommand\base\ATCommand.o
                0x080011fc                AtCheckExpectedResponse
 .text.AtCheckNoMaxRetries
                0x08001200        0x4 Src\Drivers\ATCommand\base\ATCommand.o
                0x08001200                AtCheckNoMaxRetries
 .text.AtCheckNoExpectedResponse
                0x08001204        0x4 Src\Drivers\ATCommand\base\ATCommand.o
                0x08001204                AtCheckNoExpectedResponse
 .text.AtSendCommand
                0x08001208       0x44 Src\Drivers\ATCommand\base\ATCommand.o
                0x08001208                AtSendCommand
 .text.AtCheckResponse
                0x0800124c       0xbc Src\Drivers\ATCommand\base\ATCommand.o
                0x0800124c                AtCheckResponse
 .text.AtReportTimeout
                0x08001308       0x30 Src\Drivers\ATCommand\base\ATCommand.o
                0x08001308                AtReportTimeout
 .text.AtReportResponse
                0x08001338       0x20 Src\Drivers\ATCommand\base\ATCommand.o
                0x08001338                AtReportResponse
 .text.AtPublishURC
                0x08001358        0x4 Src\Drivers\ATCommand\base\ATCommand.o
                0x08001358                AtPublishURC
 .text.AtCommandStart
                0x0800135c       0x4c Src\Drivers\ATCommand\base\ATCommand.o
                0x0800135c                AtCommandStart
 .text.ATCommandSetRequest
                0x080013a8       0x58 Src\Drivers\ATCommand\base\ATCommand.o
                0x080013a8                ATCommandSetRequest
 .text.diffTime
                0x08001400        0xe Src\Drivers\SwTimer\base\SwTimer.o
 *fill*         0x0800140e        0x2 
 .text.getTime  0x08001410        0xc Src\Drivers\SwTimer\base\SwTimer.o
 .text.SwTimerInit
                0x0800141c       0x1c Src\Drivers\SwTimer\base\SwTimer.o
                0x0800141c                SwTimerInit
 .text.SwTimerResetTimer
                0x08001438       0x18 Src\Drivers\SwTimer\base\SwTimer.o
                0x08001438                SwTimerResetTimer
 .text.SwTimerStartTimer
                0x08001450       0x2c Src\Drivers\SwTimer\base\SwTimer.o
                0x08001450                SwTimerStartTimer
 .text.SwTimerUpdateTimer
                0x0800147c       0x68 Src\Drivers\SwTimer\base\SwTimer.o
                0x0800147c                SwTimerUpdateTimer
 .text.SwTimerIrq
                0x080014e4       0x20 Src\Drivers\SwTimer\base\SwTimer.o
                0x080014e4                SwTimerIrq
 .text.pipeDeviceInit
                0x08001504       0x40 Src\Drivers\pipeDevice\base\PipeDevice.o
                0x08001504                pipeDeviceInit
 .text.pipeDeviceByteReceived
                0x08001544       0x34 Src\Drivers\pipeDevice\base\PipeDevice.o
                0x08001544                pipeDeviceByteReceived
 .text.pipeDeviceParseCommand
                0x08001578       0xf0 Src\Drivers\pipeDevice\base\PipeDevice.o
                0x08001578                pipeDeviceParseCommand
 .text.pipeDeviceExtractData
                0x08001668       0x64 Src\Drivers\pipeDevice\base\PipeDevice.o
                0x08001668                pipeDeviceExtractData
 .text.pipeDevice1ByteReceived
                0x080016cc        0xc Src\Drivers\pipeDevice\base\PipeDevice.o
                0x080016cc                pipeDevice1ByteReceived
 .text.FlashCalcOffset
                0x080016d8        0x6 Src\HAL\Flash\base\Flash.o
                0x080016d8                FlashCalcOffset
 *fill*         0x080016de        0x2 
 .text.FlashInit
                0x080016e0       0xb0 Src\HAL\Flash\base\Flash.o
                0x080016e0                FlashInit
 .text.GPIOWritePort
                0x08001790       0x38 Src\HAL\GPIO\base\GPIO.o
                0x08001790                GPIOWritePort
 .text.InitGPIOClock
                0x080017c8      0x110 Src\HAL\GPIO\base\GPIO.o
                0x080017c8                InitGPIOClock
 .text.GPIOInit
                0x080018d8       0x54 Src\HAL\GPIO\base\GPIO.o
                0x080018d8                GPIOInit
 .text.interruptsInit
                0x0800192c       0x30 Src\HAL\Interrupts\base\interrupts.o
                0x0800192c                interruptsInit
 .text.interruptsStart
                0x0800195c       0x34 Src\HAL\Interrupts\base\interrupts.o
                0x0800195c                interruptsStart
 .text.interruptsEnable
                0x08001990       0x28 Src\HAL\Interrupts\base\interrupts.o
                0x08001990                interruptsEnable
 .text.interruptsDisable
                0x080019b8       0x14 Src\HAL\Interrupts\base\interrupts.o
                0x080019b8                interruptsDisable
 .text.NMI_Handler
                0x080019cc        0x2 Src\HAL\Interrupts\custom\interrupts_it.o
                0x080019cc                NMI_Handler
 .text.HardFault_Handler
                0x080019ce        0x2 Src\HAL\Interrupts\custom\interrupts_it.o
                0x080019ce                HardFault_Handler
 .text.MemManage_Handler
                0x080019d0        0x2 Src\HAL\Interrupts\custom\interrupts_it.o
                0x080019d0                MemManage_Handler
 .text.BusFault_Handler
                0x080019d2        0x2 Src\HAL\Interrupts\custom\interrupts_it.o
                0x080019d2                BusFault_Handler
 .text.UsageFault_Handler
                0x080019d4        0x2 Src\HAL\Interrupts\custom\interrupts_it.o
                0x080019d4                UsageFault_Handler
 .text.SVC_Handler
                0x080019d6        0x2 Src\HAL\Interrupts\custom\interrupts_it.o
                0x080019d6                SVC_Handler
 .text.PendSV_Handler
                0x080019d8        0x2 Src\HAL\Interrupts\custom\interrupts_it.o
                0x080019d8                PendSV_Handler
 .text.SysTick_Handler
                0x080019da        0x8 Src\HAL\Interrupts\custom\interrupts_it.o
                0x080019da                SysTick_Handler
 .text.RTC_WKUP_IRQHandler
                0x080019e2        0x2 Src\HAL\Interrupts\custom\interrupts_it.o
                0x080019e2                RTC_WKUP_IRQHandler
 .text.EXTI0_IRQHandler
                0x080019e4        0x2 Src\HAL\Interrupts\custom\interrupts_it.o
                0x080019e4                EXTI0_IRQHandler
 .text.EXTI1_IRQHandler
                0x080019e6        0x2 Src\HAL\Interrupts\custom\interrupts_it.o
                0x080019e6                EXTI1_IRQHandler
 .text.EXTI9_5_IRQHandler
                0x080019e8        0xa Src\HAL\Interrupts\custom\interrupts_it.o
                0x080019e8                EXTI9_5_IRQHandler
 .text.USART1_IRQHandler
                0x080019f2        0x8 Src\HAL\Interrupts\custom\interrupts_it.o
                0x080019f2                USART1_IRQHandler
 .text.USART2_IRQHandler
                0x080019fa        0x8 Src\HAL\Interrupts\custom\interrupts_it.o
                0x080019fa                USART2_IRQHandler
 .text.I2C1_EV_IRQHandler
                0x08001a02        0x8 Src\HAL\Interrupts\custom\interrupts_it.o
                0x08001a02                I2C1_EV_IRQHandler
 .text.I2C2_EV_IRQHandler
                0x08001a0a        0x8 Src\HAL\Interrupts\custom\interrupts_it.o
                0x08001a0a                I2C2_EV_IRQHandler
 .text.SPI1_IRQHandler
                0x08001a12        0x8 Src\HAL\Interrupts\custom\interrupts_it.o
                0x08001a12                SPI1_IRQHandler
 .text.SPI2_IRQHandler
                0x08001a1a        0x8 Src\HAL\Interrupts\custom\interrupts_it.o
                0x08001a1a                SPI2_IRQHandler
 .text.SPI3_IRQHandler
                0x08001a22        0x8 Src\HAL\Interrupts\custom\interrupts_it.o
                0x08001a22                SPI3_IRQHandler
 .text.TIM2_IRQHandler
                0x08001a2a        0x2 Src\HAL\Interrupts\custom\interrupts_it.o
                0x08001a2a                TIM2_IRQHandler
 .text.TIM3_IRQHandler
                0x08001a2c        0x2 Src\HAL\Interrupts\custom\interrupts_it.o
                0x08001a2c                TIM3_IRQHandler
 .text.HAL_SYSTICK_Callback
                0x08001a2e       0x10 Src\HAL\Interrupts\custom\interrupts_map.o
                0x08001a2e                HAL_SYSTICK_Callback
 .text.HAL_GPIO_EXTI_Callback
                0x08001a3e        0x2 Src\HAL\Interrupts\custom\interrupts_map.o
                0x08001a3e                HAL_GPIO_EXTI_Callback
 .text.HAL_UART1_Callback
                0x08001a40        0x2 Src\HAL\Interrupts\custom\interrupts_map.o
                0x08001a40                HAL_UART1_Callback
 .text.HAL_UART2_Callback
                0x08001a42        0xa Src\HAL\Interrupts\custom\interrupts_map.o
                0x08001a42                HAL_UART2_Callback
 .text.HAL_I2C1_Callback
                0x08001a4c        0x2 Src\HAL\Interrupts\custom\interrupts_map.o
                0x08001a4c                HAL_I2C1_Callback
 .text.HAL_I2C2_Callback
                0x08001a4e        0x2 Src\HAL\Interrupts\custom\interrupts_map.o
                0x08001a4e                HAL_I2C2_Callback
 .text.HAL_SPI1_Callback
                0x08001a50        0xa Src\HAL\Interrupts\custom\interrupts_map.o
                0x08001a50                HAL_SPI1_Callback
 .text.HAL_SPI2_Callback
                0x08001a5a        0x2 Src\HAL\Interrupts\custom\interrupts_map.o
                0x08001a5a                HAL_SPI2_Callback
 .text.HAL_SPI3_Callback
                0x08001a5c        0xa Src\HAL\Interrupts\custom\interrupts_map.o
                0x08001a5c                HAL_SPI3_Callback
 *fill*         0x08001a66        0x2 
 .text.storePowerUpReason
                0x08001a68       0xb4 Src\HAL\System\base\System.o
 .text.watchdogInit
                0x08001b1c        0x4 Src\HAL\System\base\System.o
 .text.SystemClock_Config
                0x08001b20       0xd4 Src\HAL\System\base\System.o
 .text.RTCSetInitDateTime
                0x08001bf4       0x68 Src\HAL\System\base\System.o
 .text.RTCInit  0x08001c5c       0x5c Src\HAL\System\base\System.o
 .text.stm32L4Init
                0x08001cb8       0x1e Src\HAL\System\base\System.o
                0x08001cb8                stm32L4Init
 .text.systemGetCLkFreq
                0x08001cd6        0xe Src\HAL\System\base\System.o
                0x08001cd6                systemGetCLkFreq
 .text.systemPreConfiguration
                0x08001ce4        0x2 Src\HAL\System\base\System.o
                0x08001ce4                systemPreConfiguration
 *fill*         0x08001ce6        0x2 
 .text.spiRestartSlaveMode
                0x08001ce8       0x3c Src\HAL\spi\base\spi.o
 .text.HAL_SPI_ErrorCallback
                0x08001d24        0x8 Src\HAL\spi\base\spi.o
                0x08001d24                HAL_SPI_ErrorCallback
 .text.HAL_SPI_MspInit
                0x08001d2c       0x50 Src\HAL\spi\base\spi.o
                0x08001d2c                HAL_SPI_MspInit
 .text.HAL_SPI_MspDeInit
                0x08001d7c       0x48 Src\HAL\spi\base\spi.o
                0x08001d7c                HAL_SPI_MspDeInit
 .text.spiDriverMainIRQHandler
                0x08001dc4       0xe4 Src\HAL\spi\base\spi.o
                0x08001dc4                spiDriverMainIRQHandler
 .text.spiInit  0x08001ea8       0x90 Src\HAL\spi\base\spi.o
                0x08001ea8                spiInit
 .text.spiStart
                0x08001f38       0x5c Src\HAL\spi\base\spi.o
                0x08001f38                spiStart
 .text.uartDriverWriteIT
                0x08001f94       0x74 Src\HAL\uart\base\uart.o
 .text.HAL_UART_MspInit
                0x08002008       0x58 Src\HAL\uart\base\uart.o
                0x08002008                HAL_UART_MspInit
 .text.HAL_UART_MspDeInit
                0x08002060       0x44 Src\HAL\uart\base\uart.o
                0x08002060                HAL_UART_MspDeInit
 .text.HAL_UART_TxCpltCallback
                0x080020a4       0x7c Src\HAL\uart\base\uart.o
                0x080020a4                HAL_UART_TxCpltCallback
 .text.HAL_UART_RxCpltCallback
                0x08002120       0x74 Src\HAL\uart\base\uart.o
                0x08002120                HAL_UART_RxCpltCallback
 .text.uartDriverMainIRQHandler
                0x08002194       0x20 Src\HAL\uart\base\uart.o
                0x08002194                uartDriverMainIRQHandler
 .text.HAL_UART_ErrorCallback
                0x080021b4        0x2 Src\HAL\uart\base\uart.o
                0x080021b4                HAL_UART_ErrorCallback
 *fill*         0x080021b6        0x2 
 .text.uartInit
                0x080021b8       0x74 Src\HAL\uart\base\uart.o
                0x080021b8                uartInit
 .text.uartStart
                0x0800222c       0x44 Src\HAL\uart\base\uart.o
                0x0800222c                uartStart
 .text.uartDriverSetBufferSize
                0x08002270       0x10 Src\HAL\uart\base\uart.o
                0x08002270                uartDriverSetBufferSize
 .text.uartDriverWrite
                0x08002280       0x18 Src\HAL\uart\base\uart.o
                0x08002280                uartDriverWrite
 .text.Reset_Handler
                0x08002298       0x50 libraries\CMSIS\Source\startup_stm32l452xx.o
                0x08002298                Reset_Handler
 .text.Default_Handler
                0x080022e8        0x2 libraries\CMSIS\Source\startup_stm32l452xx.o
                0x080022e8                RTC_Alarm_IRQHandler
                0x080022e8                EXTI2_IRQHandler
                0x080022e8                DebugMon_Handler
                0x080022e8                TIM1_CC_IRQHandler
                0x080022e8                TSC_IRQHandler
                0x080022e8                TAMP_STAMP_IRQHandler
                0x080022e8                EXTI3_IRQHandler
                0x080022e8                LPTIM2_IRQHandler
                0x080022e8                DFSDM1_FLT1_IRQHandler
                0x080022e8                I2C3_ER_IRQHandler
                0x080022e8                CAN1_RX0_IRQHandler
                0x080022e8                FPU_IRQHandler
                0x080022e8                TIM1_UP_TIM16_IRQHandler
                0x080022e8                TIM6_DAC_IRQHandler
                0x080022e8                DMA2_Channel2_IRQHandler
                0x080022e8                DMA1_Channel4_IRQHandler
                0x080022e8                ADC1_IRQHandler
                0x080022e8                USART3_IRQHandler
                0x080022e8                DMA1_Channel7_IRQHandler
                0x080022e8                CAN1_RX1_IRQHandler
                0x080022e8                DMA2_Channel1_IRQHandler
                0x080022e8                QUADSPI_IRQHandler
                0x080022e8                DMA1_Channel6_IRQHandler
                0x080022e8                UART4_IRQHandler
                0x080022e8                DMA2_Channel4_IRQHandler
                0x080022e8                RCC_IRQHandler
                0x080022e8                TIM1_TRG_COM_IRQHandler
                0x080022e8                DMA1_Channel1_IRQHandler
                0x080022e8                Default_Handler
                0x080022e8                DMA2_Channel7_IRQHandler
                0x080022e8                EXTI15_10_IRQHandler
                0x080022e8                SDMMC1_IRQHandler
                0x080022e8                I2C3_EV_IRQHandler
                0x080022e8                USB_IRQHandler
                0x080022e8                PVD_PVM_IRQHandler
                0x080022e8                CAN1_TX_IRQHandler
                0x080022e8                DMA2_Channel5_IRQHandler
                0x080022e8                CRS_IRQHandler
                0x080022e8                DMA1_Channel5_IRQHandler
                0x080022e8                EXTI4_IRQHandler
                0x080022e8                RNG_IRQHandler
                0x080022e8                DMA1_Channel3_IRQHandler
                0x080022e8                COMP_IRQHandler
                0x080022e8                WWDG_IRQHandler
                0x080022e8                I2C4_EV_IRQHandler
                0x080022e8                LPUART1_IRQHandler
                0x080022e8                DMA2_Channel6_IRQHandler
                0x080022e8                DFSDM1_FLT0_IRQHandler
                0x080022e8                I2C2_ER_IRQHandler
                0x080022e8                DMA1_Channel2_IRQHandler
                0x080022e8                CAN1_SCE_IRQHandler
                0x080022e8                FLASH_IRQHandler
                0x080022e8                I2C1_ER_IRQHandler
                0x080022e8                LPTIM1_IRQHandler
                0x080022e8                I2C4_ER_IRQHandler
                0x080022e8                SAI1_IRQHandler
                0x080022e8                DMA2_Channel3_IRQHandler
                0x080022e8                TIM1_BRK_TIM15_IRQHandler
 *fill*         0x080022ea        0x2 
 .text.SystemInit
                0x080022ec       0x48 libraries\CMSIS\Source\system_stm32l4xx.o
                0x080022ec                SystemInit
 .text.HAL_InitTick
                0x08002334       0x2c libraries\ST_HAL\Src\stm32l4xx_hal.o
                0x08002334                HAL_InitTick
 .text.HAL_IncTick
                0x08002360       0x10 libraries\ST_HAL\Src\stm32l4xx_hal.o
                0x08002360                HAL_IncTick
 .text.HAL_GetTick
                0x08002370        0xc libraries\ST_HAL\Src\stm32l4xx_hal.o
                0x08002370                HAL_GetTick
 .text.HAL_NVIC_SetPriority
                0x0800237c       0x64 libraries\ST_HAL\Src\stm32l4xx_hal_cortex.o
                0x0800237c                HAL_NVIC_SetPriority
 .text.HAL_NVIC_EnableIRQ
                0x080023e0       0x18 libraries\ST_HAL\Src\stm32l4xx_hal_cortex.o
                0x080023e0                HAL_NVIC_EnableIRQ
 .text.HAL_SYSTICK_Config
                0x080023f8       0x2c libraries\ST_HAL\Src\stm32l4xx_hal_cortex.o
                0x080023f8                HAL_SYSTICK_Config
 .text.HAL_SYSTICK_CLKSourceConfig
                0x08002424       0x20 libraries\ST_HAL\Src\stm32l4xx_hal_cortex.o
                0x08002424                HAL_SYSTICK_CLKSourceConfig
 .text.HAL_SYSTICK_IRQHandler
                0x08002444        0x8 libraries\ST_HAL\Src\stm32l4xx_hal_cortex.o
                0x08002444                HAL_SYSTICK_IRQHandler
 .text.HAL_DMA_Abort_IT
                0x0800244c       0x50 libraries\ST_HAL\Src\stm32l4xx_hal_dma.o
                0x0800244c                HAL_DMA_Abort_IT
 .text.HAL_GPIO_Init
                0x0800249c      0x1a0 libraries\ST_HAL\Src\stm32l4xx_hal_gpio.o
                0x0800249c                HAL_GPIO_Init
 .text.HAL_GPIO_WritePin
                0x0800263c        0xa libraries\ST_HAL\Src\stm32l4xx_hal_gpio.o
                0x0800263c                HAL_GPIO_WritePin
 .text.HAL_GPIO_TogglePin
                0x08002646        0x8 libraries\ST_HAL\Src\stm32l4xx_hal_gpio.o
                0x08002646                HAL_GPIO_TogglePin
 *fill*         0x0800264e        0x2 
 .text.HAL_GPIO_EXTI_IRQHandler
                0x08002650       0x1c libraries\ST_HAL\Src\stm32l4xx_hal_gpio.o
                0x08002650                HAL_GPIO_EXTI_IRQHandler
 .text.HAL_PWREx_GetVoltageRange
                0x0800266c       0x10 libraries\ST_HAL\Src\stm32l4xx_hal_pwr_ex.o
                0x0800266c                HAL_PWREx_GetVoltageRange
 .text.HAL_PWREx_ControlVoltageScaling
                0x0800267c       0x90 libraries\ST_HAL\Src\stm32l4xx_hal_pwr_ex.o
                0x0800267c                HAL_PWREx_ControlVoltageScaling
 .text.RCC_SetFlashLatencyFromMSIRange
                0x0800270c       0x90 libraries\ST_HAL\Src\stm32l4xx_hal_rcc.o
 .text.HAL_RCC_GetSysClockFreq
                0x0800279c      0x100 libraries\ST_HAL\Src\stm32l4xx_hal_rcc.o
                0x0800279c                HAL_RCC_GetSysClockFreq
 .text.HAL_RCC_OscConfig
                0x0800289c      0x5d8 libraries\ST_HAL\Src\stm32l4xx_hal_rcc.o
                0x0800289c                HAL_RCC_OscConfig
 .text.HAL_RCC_ClockConfig
                0x08002e74      0x150 libraries\ST_HAL\Src\stm32l4xx_hal_rcc.o
                0x08002e74                HAL_RCC_ClockConfig
 .text.HAL_RCC_GetHCLKFreq
                0x08002fc4        0xc libraries\ST_HAL\Src\stm32l4xx_hal_rcc.o
                0x08002fc4                HAL_RCC_GetHCLKFreq
 .text.HAL_RCC_GetPCLK1Freq
                0x08002fd0       0x20 libraries\ST_HAL\Src\stm32l4xx_hal_rcc.o
                0x08002fd0                HAL_RCC_GetPCLK1Freq
 .text.HAL_RCC_GetPCLK2Freq
                0x08002ff0       0x20 libraries\ST_HAL\Src\stm32l4xx_hal_rcc.o
                0x08002ff0                HAL_RCC_GetPCLK2Freq
 .text.RCCEx_PLLSAI1_Config
                0x08003010      0x17c libraries\ST_HAL\Src\stm32l4xx_hal_rcc_ex.o
 .text.HAL_RCCEx_PeriphCLKConfig
                0x0800318c      0x398 libraries\ST_HAL\Src\stm32l4xx_hal_rcc_ex.o
                0x0800318c                HAL_RCCEx_PeriphCLKConfig
 .text.HAL_RTC_MspInit
                0x08003524        0x2 libraries\ST_HAL\Src\stm32l4xx_hal_rtc.o
                0x08003524                HAL_RTC_MspInit
 .text.HAL_RTC_WaitForSynchro
                0x08003526       0x32 libraries\ST_HAL\Src\stm32l4xx_hal_rtc.o
                0x08003526                HAL_RTC_WaitForSynchro
 .text.RTC_EnterInitMode
                0x08003558       0x3c libraries\ST_HAL\Src\stm32l4xx_hal_rtc.o
                0x08003558                RTC_EnterInitMode
 .text.HAL_RTC_Init
                0x08003594       0xd4 libraries\ST_HAL\Src\stm32l4xx_hal_rtc.o
                0x08003594                HAL_RTC_Init
 .text.RTC_ByteToBcd2
                0x08003668       0x16 libraries\ST_HAL\Src\stm32l4xx_hal_rtc.o
                0x08003668                RTC_ByteToBcd2
 .text.HAL_RTC_SetTime
                0x0800367e      0x110 libraries\ST_HAL\Src\stm32l4xx_hal_rtc.o
                0x0800367e                HAL_RTC_SetTime
 .text.HAL_RTC_SetDate
                0x0800378e       0xec libraries\ST_HAL\Src\stm32l4xx_hal_rtc.o
                0x0800378e                HAL_RTC_SetDate
 .text.SPI_WaitFlagStateUntilTimeout
                0x0800387a       0x92 libraries\ST_HAL\Src\stm32l4xx_hal_spi.o
 .text.SPI_WaitFifoStateUntilTimeout
                0x0800390c       0xa4 libraries\ST_HAL\Src\stm32l4xx_hal_spi.o
 .text.SPI_EndRxTxTransaction
                0x080039b0       0x68 libraries\ST_HAL\Src\stm32l4xx_hal_spi.o
 .text.SPI_EndRxTransaction
                0x08003a18       0x86 libraries\ST_HAL\Src\stm32l4xx_hal_spi.o
 .text.HAL_SPI_Init
                0x08003a9e       0xb0 libraries\ST_HAL\Src\stm32l4xx_hal_spi.o
                0x08003a9e                HAL_SPI_Init
 .text.HAL_SPI_DeInit
                0x08003b4e       0x2c libraries\ST_HAL\Src\stm32l4xx_hal_spi.o
                0x08003b4e                HAL_SPI_DeInit
 *fill*         0x08003b7a        0x2 
 .text.HAL_SPI_TransmitReceive_IT
                0x08003b7c       0xf8 libraries\ST_HAL\Src\stm32l4xx_hal_spi.o
                0x08003b7c                HAL_SPI_TransmitReceive_IT
 .text.HAL_SPI_Receive_IT
                0x08003c74       0xdc libraries\ST_HAL\Src\stm32l4xx_hal_spi.o
                0x08003c74                HAL_SPI_Receive_IT
 .text.HAL_SPI_RxCpltCallback
                0x08003d50        0x2 libraries\ST_HAL\Src\stm32l4xx_hal_spi.o
                0x08003d50                HAL_SPI_RxCpltCallback
 .text.HAL_SPI_TxRxCpltCallback
                0x08003d52        0x2 libraries\ST_HAL\Src\stm32l4xx_hal_spi.o
                0x08003d52                HAL_SPI_TxRxCpltCallback
 .text.SPI_CloseRx_ISR
                0x08003d54       0x40 libraries\ST_HAL\Src\stm32l4xx_hal_spi.o
 .text.SPI_RxISR_8BIT
                0x08003d94       0x2c libraries\ST_HAL\Src\stm32l4xx_hal_spi.o
 .text.SPI_RxISR_16BIT
                0x08003dc0       0x2e libraries\ST_HAL\Src\stm32l4xx_hal_spi.o
 .text.SPI_CloseRxTx_ISR
                0x08003dee       0x5e libraries\ST_HAL\Src\stm32l4xx_hal_spi.o
 .text.SPI_2linesTxISR_8BIT
                0x08003e4c       0x5a libraries\ST_HAL\Src\stm32l4xx_hal_spi.o
 .text.SPI_2linesRxISR_8BIT
                0x08003ea6       0x7a libraries\ST_HAL\Src\stm32l4xx_hal_spi.o
 .text.SPI_2linesTxISR_16BIT
                0x08003f20       0x3a libraries\ST_HAL\Src\stm32l4xx_hal_spi.o
 .text.SPI_2linesRxISR_16BIT
                0x08003f5a       0x3e libraries\ST_HAL\Src\stm32l4xx_hal_spi.o
 .text.HAL_SPI_IRQHandler
                0x08003f98      0x104 libraries\ST_HAL\Src\stm32l4xx_hal_spi.o
                0x08003f98                HAL_SPI_IRQHandler
 .text.SPI_DMAAbortOnError
                0x0800409c       0x12 libraries\ST_HAL\Src\stm32l4xx_hal_spi.o
 .text.UART_EndRxTransfer
                0x080040ae       0x20 libraries\ST_HAL\Src\stm32l4xx_hal_uart.o
 .text.UART_TxISR_8BIT
                0x080040ce       0x46 libraries\ST_HAL\Src\stm32l4xx_hal_uart.o
 .text.UART_TxISR_16BIT
                0x08004114       0x4c libraries\ST_HAL\Src\stm32l4xx_hal_uart.o
 .text.HAL_UART_DeInit
                0x08004160       0x3e libraries\ST_HAL\Src\stm32l4xx_hal_uart.o
                0x08004160                HAL_UART_DeInit
 *fill*         0x0800419e        0x2 
 .text.HAL_UART_Transmit_IT
                0x080041a0       0x78 libraries\ST_HAL\Src\stm32l4xx_hal_uart.o
                0x080041a0                HAL_UART_Transmit_IT
 .text.HAL_UART_Receive_IT
                0x08004218       0xd4 libraries\ST_HAL\Src\stm32l4xx_hal_uart.o
                0x08004218                HAL_UART_Receive_IT
 .text.UART_EndTransmit_IT
                0x080042ec       0x1c libraries\ST_HAL\Src\stm32l4xx_hal_uart.o
 .text.UART_RxISR_8BIT
                0x08004308       0x64 libraries\ST_HAL\Src\stm32l4xx_hal_uart.o
 .text.UART_RxISR_16BIT
                0x0800436c       0x64 libraries\ST_HAL\Src\stm32l4xx_hal_uart.o
 .text.HAL_UART_IRQHandler
                0x080043d0      0x15c libraries\ST_HAL\Src\stm32l4xx_hal_uart.o
                0x080043d0                HAL_UART_IRQHandler
 .text.UART_DMAAbortOnError
                0x0800452c       0x14 libraries\ST_HAL\Src\stm32l4xx_hal_uart.o
 .text.UART_SetConfig
                0x08004540      0x3d0 libraries\ST_HAL\Src\stm32l4xx_hal_uart.o
                0x08004540                UART_SetConfig
 .text.UART_AdvFeatureConfig
                0x08004910       0xca libraries\ST_HAL\Src\stm32l4xx_hal_uart.o
                0x08004910                UART_AdvFeatureConfig
 .text.UART_WaitOnFlagUntilTimeout
                0x080049da       0x64 libraries\ST_HAL\Src\stm32l4xx_hal_uart.o
                0x080049da                UART_WaitOnFlagUntilTimeout
 .text.UART_CheckIdleState
                0x08004a3e       0x70 libraries\ST_HAL\Src\stm32l4xx_hal_uart.o
                0x08004a3e                UART_CheckIdleState
 .text.HAL_UART_Init
                0x08004aae       0x68 libraries\ST_HAL\Src\stm32l4xx_hal_uart.o
                0x08004aae                HAL_UART_Init
 .text.HAL_UARTEx_WakeupCallback
                0x08004b16        0x2 libraries\ST_HAL\Src\stm32l4xx_hal_uart_ex.o
                0x08004b16                HAL_UARTEx_WakeupCallback
 .text.__libc_init_array
                0x08004b18       0x48 c:/program files (x86)/atollic/truestudio for stm32 9.0.1/armtools/bin/../lib/gcc/arm-atollic-eabi/6.3.1/../../../../arm-atollic-eabi/lib/armv7e-m/fpu\libc_nano.a(lib_a-init.o)
                0x08004b18                __libc_init_array
 .text.memcpy   0x08004b60       0x16 c:/program files (x86)/atollic/truestudio for stm32 9.0.1/armtools/bin/../lib/gcc/arm-atollic-eabi/6.3.1/../../../../arm-atollic-eabi/lib/armv7e-m/fpu\libc_nano.a(lib_a-memcpy-stub.o)
                0x08004b60                memcpy
 .text._vsprintf_r
                0x08004b76       0x30 c:/program files (x86)/atollic/truestudio for stm32 9.0.1/armtools/bin/../lib/gcc/arm-atollic-eabi/6.3.1/../../../../arm-atollic-eabi/lib/armv7e-m/fpu\libc_nano.a(lib_a-vsprintf.o)
                0x08004b76                _vsprintf_r
                0x08004b76                _vsiprintf_r
 *fill*         0x08004ba6        0x2 
 .text.vsprintf
                0x08004ba8       0x14 c:/program files (x86)/atollic/truestudio for stm32 9.0.1/armtools/bin/../lib/gcc/arm-atollic-eabi/6.3.1/../../../../arm-atollic-eabi/lib/armv7e-m/fpu\libc_nano.a(lib_a-vsprintf.o)
                0x08004ba8                vsiprintf
                0x08004ba8                vsprintf
 .text.__ssputs_r
                0x08004bbc       0xb6 c:/program files (x86)/atollic/truestudio for stm32 9.0.1/armtools/bin/../lib/gcc/arm-atollic-eabi/6.3.1/../../../../arm-atollic-eabi/lib/armv7e-m/fpu\libc_nano.a(lib_a-nano-svfprintf.o)
                0x08004bbc                __ssputs_r
 *fill*         0x08004c72        0x2 
 .text._svfprintf_r
                0x08004c74      0x1e8 c:/program files (x86)/atollic/truestudio for stm32 9.0.1/armtools/bin/../lib/gcc/arm-atollic-eabi/6.3.1/../../../../arm-atollic-eabi/lib/armv7e-m/fpu\libc_nano.a(lib_a-nano-svfprintf.o)
                0x08004c74                _svfiprintf_r
                0x08004c74                _svfprintf_r
 .text._printf_common
                0x08004e5c       0xec c:/program files (x86)/atollic/truestudio for stm32 9.0.1/armtools/bin/../lib/gcc/arm-atollic-eabi/6.3.1/../../../../arm-atollic-eabi/lib/armv7e-m/fpu\libc_nano.a(lib_a-nano-vfprintf_i.o)
                0x08004e5c                _printf_common
 .text._printf_i
                0x08004f48      0x240 c:/program files (x86)/atollic/truestudio for stm32 9.0.1/armtools/bin/../lib/gcc/arm-atollic-eabi/6.3.1/../../../../arm-atollic-eabi/lib/armv7e-m/fpu\libc_nano.a(lib_a-nano-vfprintf_i.o)
                0x08004f48                _printf_i
 .text.memmove  0x08005188       0x34 c:/program files (x86)/atollic/truestudio for stm32 9.0.1/armtools/bin/../lib/gcc/arm-atollic-eabi/6.3.1/../../../../arm-atollic-eabi/lib/armv7e-m/fpu\libc_nano.a(lib_a-memmove.o)
                0x08005188                memmove
 .text._free_r  0x080051bc       0x9c c:/program files (x86)/atollic/truestudio for stm32 9.0.1/armtools/bin/../lib/gcc/arm-atollic-eabi/6.3.1/../../../../arm-atollic-eabi/lib/armv7e-m/fpu\libc_nano.a(lib_a-nano-freer.o)
                0x080051bc                _free_r
 .text._malloc_r
                0x08005258       0xbc c:/program files (x86)/atollic/truestudio for stm32 9.0.1/armtools/bin/../lib/gcc/arm-atollic-eabi/6.3.1/../../../../arm-atollic-eabi/lib/armv7e-m/fpu\libc_nano.a(lib_a-nano-mallocr.o)
                0x08005258                _malloc_r
 .text._realloc_r
                0x08005314       0x4c c:/program files (x86)/atollic/truestudio for stm32 9.0.1/armtools/bin/../lib/gcc/arm-atollic-eabi/6.3.1/../../../../arm-atollic-eabi/lib/armv7e-m/fpu\libc_nano.a(lib_a-nano-reallocr.o)
                0x08005314                _realloc_r
 .text._sbrk_r  0x08005360       0x20 c:/program files (x86)/atollic/truestudio for stm32 9.0.1/armtools/bin/../lib/gcc/arm-atollic-eabi/6.3.1/../../../../arm-atollic-eabi/lib/armv7e-m/fpu\libc_nano.a(lib_a-sbrkr.o)
                0x08005360                _sbrk_r
 .text.__malloc_lock
                0x08005380        0x2 c:/program files (x86)/atollic/truestudio for stm32 9.0.1/armtools/bin/../lib/gcc/arm-atollic-eabi/6.3.1/../../../../arm-atollic-eabi/lib/armv7e-m/fpu\libc_nano.a(lib_a-mlock.o)
                0x08005380                __malloc_lock
 .text.__malloc_unlock
                0x08005382        0x2 c:/program files (x86)/atollic/truestudio for stm32 9.0.1/armtools/bin/../lib/gcc/arm-atollic-eabi/6.3.1/../../../../arm-atollic-eabi/lib/armv7e-m/fpu\libc_nano.a(lib_a-mlock.o)
                0x08005382                __malloc_unlock
 .text._malloc_usable_size_r
                0x08005384       0x12 c:/program files (x86)/atollic/truestudio for stm32 9.0.1/armtools/bin/../lib/gcc/arm-atollic-eabi/6.3.1/../../../../arm-atollic-eabi/lib/armv7e-m/fpu\libc_nano.a(lib_a-nano-msizer.o)
                0x08005384                _malloc_usable_size_r
 *fill*         0x08005396        0x2 
 .text._sbrk    0x08005398       0x1c c:/program files (x86)/atollic/truestudio for stm32 9.0.1/armtools/bin/../lib/gcc/arm-atollic-eabi/6.3.1/../../../../arm-atollic-eabi/lib/armv7e-m/fpu\libnosys.a(sbrk.o)
                0x08005398                _sbrk
 *(.glue_7)
 .glue_7        0x080053b4        0x0 linker stubs
 *(.glue_7t)
 .glue_7t       0x080053b4        0x0 linker stubs
 *(.eh_frame)
 .eh_frame      0x080053b4        0x0 c:/program files (x86)/atollic/truestudio for stm32 9.0.1/armtools/bin/../lib/gcc/arm-atollic-eabi/6.3.1/armv7e-m/fpu/crtbegin.o
 *(.init)
 .init          0x080053b4        0x4 c:/program files (x86)/atollic/truestudio for stm32 9.0.1/armtools/bin/../lib/gcc/arm-atollic-eabi/6.3.1/armv7e-m/fpu/crti.o
                0x080053b4                _init
 .init          0x080053b8        0x8 c:/program files (x86)/atollic/truestudio for stm32 9.0.1/armtools/bin/../lib/gcc/arm-atollic-eabi/6.3.1/armv7e-m/fpu/crtn.o
 *(.fini)
 .fini          0x080053c0        0x4 c:/program files (x86)/atollic/truestudio for stm32 9.0.1/armtools/bin/../lib/gcc/arm-atollic-eabi/6.3.1/armv7e-m/fpu/crti.o
                0x080053c0                _fini
 .fini          0x080053c4        0x8 c:/program files (x86)/atollic/truestudio for stm32 9.0.1/armtools/bin/../lib/gcc/arm-atollic-eabi/6.3.1/armv7e-m/fpu/crtn.o
                0x080053cc                . = ALIGN (0x4)
                0x080053cc                _etext = .

.vfp11_veneer   0x080053cc        0x0
 .vfp11_veneer  0x080053cc        0x0 linker stubs

.v4_bx          0x080053cc        0x0
 .v4_bx         0x080053cc        0x0 linker stubs

.iplt           0x080053cc        0x0
 .iplt          0x080053cc        0x0 c:/program files (x86)/atollic/truestudio for stm32 9.0.1/armtools/bin/../lib/gcc/arm-atollic-eabi/6.3.1/armv7e-m/fpu/crtbegin.o

.rodata         0x080053cc      0x4e8
                0x080053cc                . = ALIGN (0x4)
 *(.rodata)
 *(.rodata*)
 .rodata.ATGPSCallback.str1.4
                0x080053cc        0x6 Src\Applications\System_App\System_app.o
 *fill*         0x080053d2        0x2 
 .rodata.ATLTECallback.str1.4
                0x080053d4        0x6 Src\Applications\System_App\System_app.o
 *fill*         0x080053da        0x2 
 .rodata.callSystemApp.str1.4
                0x080053dc       0x20 Src\Applications\System_App\System_app.o
 .rodata.SREG16InstanceMap
                0x080053fc        0x0 Src\Architecture\SREG\custom\sreg_dat.o
                0x080053fc                SREG16InstanceMap
 .rodata.SREG32InstanceMap
                0x080053fc       0x18 Src\Architecture\SREG\custom\sreg_dat.o
                0x080053fc                SREG32InstanceMap
 .rodata.SREG8InstanceMap
                0x08005414       0x15 Src\Architecture\SREG\custom\sreg_dat.o
                0x08005414                SREG8InstanceMap
 *fill*         0x08005429        0x3 
 .rodata.SREGInstanceMap
                0x0800542c       0x24 Src\Architecture\SREG\custom\sreg_dat.o
                0x0800542c                SREGInstanceMap
 .rodata.SchedulerInstanceMap
                0x08005450       0x24 Src\Architecture\Scheduler\custom\Scheduler_map.o
                0x08005450                SchedulerInstanceMap
 .rodata.announceFsmEvent.str1.4
                0x08005474       0x24 Src\Architecture\StateMachine\base\stateMachine.o
 .rodata.checkDestination.str1.4
                0x08005498       0x30 Src\Architecture\StateMachine\base\stateMachine.o
 .rodata.startFsm.str1.4
                0x080054c8       0x27 Src\Architecture\StateMachine\base\stateMachine.o
 *fill*         0x080054ef        0x1 
 .rodata.ATCommandParse.str1.4
                0x080054f0        0x3 Src\Drivers\ATCommand\base\ATCommand.o
 *fill*         0x080054f3        0x1 
 .rodata.AtCommandStart.str1.4
                0x080054f4        0xb Src\Drivers\ATCommand\base\ATCommand.o
 *fill*         0x080054ff        0x1 
 .rodata.fsmState0
                0x08005500       0x2e Src\Drivers\ATCommand\fsm\ATCommand_fsm.o
 *fill*         0x0800552e        0x2 
 .rodata.fsmState1
                0x08005530       0x42 Src\Drivers\ATCommand\fsm\ATCommand_fsm.o
 *fill*         0x08005572        0x2 
 .rodata.fsmStateATCommand
                0x08005574        0x8 Src\Drivers\ATCommand\fsm\ATCommand_fsm.o
                0x08005574                fsmStateATCommand
 .rodata.str1.4
                0x0800557c       0x70 Src\Drivers\ATCommand\fsm\ATCommand_fsm.o
                                 0x6e (size before relaxing)
 .rodata.pipeMap
                0x080055ec        0xc Src\Drivers\pipeDevice\custom\PipeDevice_map.o
                0x080055ec                pipeMap
 .rodata.FlashInstanceMap
                0x080055f8       0x10 Src\HAL\Flash\custom\Flash_map.o
                0x080055f8                FlashInstanceMap
 .rodata.GPIOInstanceMap
                0x08005608      0x110 Src\HAL\GPIO\custom\GPIO_map.o
                0x08005608                GPIOInstanceMap
 .rodata.SystemMap
                0x08005718       0x54 Src\HAL\System\custom\System_map.o
                0x08005718                SystemMap
 .rodata.SPIInstanceMap
                0x0800576c       0xa0 Src\HAL\spi\custom\spi_map.o
                0x0800576c                SPIInstanceMap
 .rodata.UARTInstanceMap
                0x0800580c       0x2c Src\HAL\uart\custom\UART_map.o
                0x0800580c                UARTInstanceMap
 .rodata.AHBPrescTable
                0x08005838       0x10 libraries\CMSIS\Source\system_stm32l4xx.o
                0x08005838                AHBPrescTable
 .rodata.APBPrescTable
                0x08005848        0x8 libraries\CMSIS\Source\system_stm32l4xx.o
                0x08005848                APBPrescTable
 .rodata.MSIRangeTable
                0x08005850       0x30 libraries\CMSIS\Source\system_stm32l4xx.o
                0x08005850                MSIRangeTable
 .rodata._svfprintf_r.str1.1
                0x08005880       0x11 c:/program files (x86)/atollic/truestudio for stm32 9.0.1/armtools/bin/../lib/gcc/arm-atollic-eabi/6.3.1/../../../../arm-atollic-eabi/lib/armv7e-m/fpu\libc_nano.a(lib_a-nano-svfprintf.o)
 .rodata._printf_i.str1.1
                0x08005891       0x22 c:/program files (x86)/atollic/truestudio for stm32 9.0.1/armtools/bin/../lib/gcc/arm-atollic-eabi/6.3.1/../../../../arm-atollic-eabi/lib/armv7e-m/fpu\libc_nano.a(lib_a-nano-vfprintf_i.o)
                0x080058b4                . = ALIGN (0x4)
 *fill*         0x080058b3        0x1 

.ARM.extab
 *(.ARM.extab* .gnu.linkonce.armextab.*)

.ARM            0x080058b4        0x8
                0x080058b4                __exidx_start = .
 *(.ARM.exidx*)
 .ARM.exidx     0x080058b4        0x8 c:/program files (x86)/atollic/truestudio for stm32 9.0.1/armtools/bin/../lib/gcc/arm-atollic-eabi/6.3.1/armv7e-m/fpu\libgcc.a(_udivmoddi4.o)
                0x080058bc                __exidx_end = .

.rel.dyn        0x080058bc        0x0
 .rel.iplt      0x080058bc        0x0 c:/program files (x86)/atollic/truestudio for stm32 9.0.1/armtools/bin/../lib/gcc/arm-atollic-eabi/6.3.1/armv7e-m/fpu/crtbegin.o

.preinit_array  0x080058bc        0x0
                0x080058bc                PROVIDE (__preinit_array_start, .)
 *(.preinit_array*)
                0x080058bc                PROVIDE (__preinit_array_end, .)

.init_array     0x080058bc        0x4
                0x080058bc                PROVIDE (__init_array_start, .)
 *(SORT(.init_array.*))
 *(.init_array*)
 .init_array    0x080058bc        0x4 c:/program files (x86)/atollic/truestudio for stm32 9.0.1/armtools/bin/../lib/gcc/arm-atollic-eabi/6.3.1/armv7e-m/fpu/crtbegin.o
                0x080058c0                PROVIDE (__init_array_end, .)

.fini_array     0x080058c0        0x4
                [!provide]                PROVIDE (__fini_array_start, .)
 *(SORT(.fini_array.*))
 *(.fini_array*)
 .fini_array    0x080058c0        0x4 c:/program files (x86)/atollic/truestudio for stm32 9.0.1/armtools/bin/../lib/gcc/arm-atollic-eabi/6.3.1/armv7e-m/fpu/crtbegin.o
                [!provide]                PROVIDE (__fini_array_end, .)
                0x080058c4                _sidata = LOADADDR (.data)

.data           0x20000000       0xf8 load address 0x080058c4
                0x20000000                . = ALIGN (0x4)
                0x20000000                _sdata = .
 *(.data)
 *(.data*)
 .data.ATActualClient
                0x20000000        0x1 Src\Drivers\ATCommand\base\ATCommand.o
 *fill*         0x20000001        0x3 
 .data.ATClient
                0x20000004       0x18 Src\Drivers\ATCommand\custom\ATCommand_map.o
                0x20000004                ATClient
 .data.fsmEventATCommand
                0x2000001c       0x30 Src\Drivers\ATCommand\fsm\ATCommand_fsm.o
                0x2000001c                fsmEventATCommand
 .data.interruptsInstanceMap
                0x2000004c       0x44 Src\HAL\Interrupts\custom\interrupts_map.o
                0x2000004c                interruptsInstanceMap
 .data.SystemCoreClock
                0x20000090        0x4 libraries\CMSIS\Source\system_stm32l4xx.o
                0x20000090                SystemCoreClock
 .data._impure_ptr
                0x20000094        0x4 c:/program files (x86)/atollic/truestudio for stm32 9.0.1/armtools/bin/../lib/gcc/arm-atollic-eabi/6.3.1/../../../../arm-atollic-eabi/lib/armv7e-m/fpu\libc_nano.a(lib_a-impure.o)
                0x20000094                _impure_ptr
 .data.impure_data
                0x20000098       0x60 c:/program files (x86)/atollic/truestudio for stm32 9.0.1/armtools/bin/../lib/gcc/arm-atollic-eabi/6.3.1/../../../../arm-atollic-eabi/lib/armv7e-m/fpu\libc_nano.a(lib_a-impure.o)
                0x200000f8                . = ALIGN (0x4)
                0x200000f8                _edata = .
                0x080059bc                _siram2 = LOADADDR (.ram2)

.igot.plt       0x200000f8        0x0 load address 0x080059bc
 .igot.plt      0x200000f8        0x0 c:/program files (x86)/atollic/truestudio for stm32 9.0.1/armtools/bin/../lib/gcc/arm-atollic-eabi/6.3.1/armv7e-m/fpu/crtbegin.o

.ram2           0x10000000        0x0 load address 0x080059bc
                0x10000000                . = ALIGN (0x4)
                0x10000000                _sram2 = .
 *(.ram2)
 *(.ram2*)
                0x10000000                . = ALIGN (0x4)
                0x10000000                _eram2 = .
                0x10000000                . = ALIGN (0x4)

.bss            0x200000f8      0x8b0
                0x200000f8                _sbss = .
                0x200000f8                __bss_start__ = _sbss
 *(.bss)
 .bss           0x200000f8       0x1c c:/program files (x86)/atollic/truestudio for stm32 9.0.1/armtools/bin/../lib/gcc/arm-atollic-eabi/6.3.1/armv7e-m/fpu/crtbegin.o
 *(.bss*)
 .bss.x         0x20000114        0x1 Src\Applications\System_App\System_app.o
                0x20000114                x
 *fill*         0x20000115        0x3 
 .bss.fsmContext
                0x20000118      0x140 Src\Architecture\StateMachine\base\stateMachine.o
 .bss.ATActualRequest
                0x20000258        0xc Src\Drivers\ATCommand\base\ATCommand.o
 .bss.commandHeader
                0x20000264        0xf Src\Drivers\ATCommand\base\ATCommand.o
 *fill*         0x20000273        0x1 
 .bss.fsmATCmd  0x20000274       0x1c Src\Drivers\ATCommand\base\ATCommand.o
 .bss.indexfsmATCmd
                0x20000290        0x1 Src\Drivers\ATCommand\base\ATCommand.o
 .bss.isRequestInProgress
                0x20000291        0x1 Src\Drivers\ATCommand\base\ATCommand.o
 .bss.toRetries
                0x20000292        0x1 Src\Drivers\ATCommand\base\ATCommand.o
 *fill*         0x20000293        0x1 
 .bss.SwTimersArray
                0x20000294       0x10 Src\Drivers\SwTimer\base\SwTimer.o
 .bss.timeMs    0x200002a4        0x4 Src\Drivers\SwTimer\base\SwTimer.o
 .bss.countIrqAllDisable
                0x200002a8        0x2 Src\HAL\Interrupts\base\interrupts.o
 .bss.powerUpReason
                0x200002aa        0x1 Src\HAL\System\base\System.o
                0x200002aa                powerUpReason
 .bss.uartPortIrq
                0x200002ab        0x1 Src\HAL\uart\base\uart.o
 .bss.__malloc_free_list
                0x200002ac        0x4 c:/program files (x86)/atollic/truestudio for stm32 9.0.1/armtools/bin/../lib/gcc/arm-atollic-eabi/6.3.1/../../../../arm-atollic-eabi/lib/armv7e-m/fpu\libc_nano.a(lib_a-nano-mallocr.o)
                0x200002ac                __malloc_free_list
 .bss.__malloc_sbrk_start
                0x200002b0        0x4 c:/program files (x86)/atollic/truestudio for stm32 9.0.1/armtools/bin/../lib/gcc/arm-atollic-eabi/6.3.1/../../../../arm-atollic-eabi/lib/armv7e-m/fpu\libc_nano.a(lib_a-nano-mallocr.o)
                0x200002b0                __malloc_sbrk_start
 .bss.heap_end.5239
                0x200002b4        0x4 c:/program files (x86)/atollic/truestudio for stm32 9.0.1/armtools/bin/../lib/gcc/arm-atollic-eabi/6.3.1/../../../../arm-atollic-eabi/lib/armv7e-m/fpu\libnosys.a(sbrk.o)
 *(COMMON)
 COMMON         0x200002b8        0x1 Src\Applications\System_App\System_app.o
                0x200002b8                requestPowerState
 *fill*         0x200002b9        0x3 
 COMMON         0x200002bc       0x10 Src\Architecture\SREG\base\sreg.o
                0x200002bc                SREG8Context
                0x200002c4                SREG32Context
                0x200002cc                SREG16Context
 COMMON         0x200002cc       0x56 Src\Architecture\Scheduler\base\Scheduler.o
                0x200002cc                ticks_per_us
                0x200002d0                schedulerContext
                0x20000318                ptrTask
                0x2000031c                schedulerProcess
 *fill*         0x20000322        0x2 
 COMMON         0x20000324       0x87 Src\Drivers\ATCommand\base\ATCommand.o
                0x20000324                respSize
                0x20000328                AtRxBuffer
                0x20000368                actualCommand
                0x200003a8                commandSize
                0x200003aa                AtRxBufferBytes
 *fill*         0x200003ab        0x1 
 COMMON         0x200003ac        0x8 Src\Drivers\pipeDevice\base\PipeDevice.o
                0x200003ac                pipes
 COMMON         0x200003b4       0x96 Src\Drivers\pipeDevice\custom\PipeDevice_map.o
                0x200003b4                pipe1Buffer
 *fill*         0x2000044a        0x2 
 COMMON         0x2000044c       0x30 Src\HAL\Flash\base\Flash.o
                0x2000044c                FlashContext
 COMMON         0x2000047c       0x24 Src\HAL\System\base\System.o
                0x2000047c                RTCHandler
 COMMON         0x200004a0      0x10c Src\HAL\spi\base\spi.o
                0x200004a0                ST_SpiHandlers
                0x20000568                spiCBuffers
                0x20000598                halRxSlaveBuffer
                0x200005a4                spiBufferSize
 COMMON         0x200005ac      0x1f4 Src\HAL\spi\custom\spi_map.o
                0x200005ac                spi3WrBuffer
                0x20000674                spi3RdBuffer
                0x200006d8                spi1RdBuffer
                0x2000073c                spi1WrBuffer
 COMMON         0x200007a0       0x99 Src\HAL\uart\base\uart.o
                0x200007a0                uartCBuffers
                0x200007b8                uartStatus
                0x200007bc                uartBufferSize
                0x200007c0                ST_UartHandlers
                0x20000838                byteRxBuffer
 *fill*         0x20000839        0x3 
 COMMON         0x2000083c      0x164 Src\HAL\uart\custom\UART_map.o
                0x2000083c                uart2RxBuffer
                0x200008a0                uart2TxBuffer
 COMMON         0x200009a0        0x4 libraries\ST_HAL\Src\stm32l4xx_hal.o
                0x200009a0                uwTick
 COMMON         0x200009a4        0x4 c:/program files (x86)/atollic/truestudio for stm32 9.0.1/armtools/bin/../lib/gcc/arm-atollic-eabi/6.3.1/../../../../arm-atollic-eabi/lib/armv7e-m/fpu\libc_nano.a(lib_a-reent.o)
                0x200009a4                errno
                0x200009a8                . = ALIGN (0x4)
                0x200009a8                _ebss = .
                0x200009a8                __bss_end__ = _ebss

._user_heap_stack
                0x200009a8      0x400
                0x200009a8                . = ALIGN (0x4)
                0x200009a8                PROVIDE (end, .)
                [!provide]                PROVIDE (_end, .)
                0x200009a8                . = (. + _Min_Heap_Size)
                0x20000da8                . = (. + _Min_Stack_Size)
 *fill*         0x200009a8      0x400 
                0x20000da8                . = ALIGN (0x4)

.memory_b1_text
 *(.mb1text)
 *(.mb1text*)
 *(.mb1rodata)
 *(.mb1rodata*)

/DISCARD/
 libc.a(*)
 libm.a(*)
 libgcc.a(*)

.ARM.attributes
                0x00000000       0x30
 *(.ARM.attributes)
 .ARM.attributes
                0x00000000       0x22 c:/program files (x86)/atollic/truestudio for stm32 9.0.1/armtools/bin/../lib/gcc/arm-atollic-eabi/6.3.1/armv7e-m/fpu/crti.o
 .ARM.attributes
                0x00000022       0x34 c:/program files (x86)/atollic/truestudio for stm32 9.0.1/armtools/bin/../lib/gcc/arm-atollic-eabi/6.3.1/armv7e-m/fpu/crtbegin.o
 .ARM.attributes
                0x00000056       0x39 Src\Applications\Main\main.o
 .ARM.attributes
                0x0000008f       0x39 Src\Applications\System_App\System_app.o
 .ARM.attributes
                0x000000c8       0x39 Src\Architecture\SREG\base\sreg.o
 .ARM.attributes
                0x00000101       0x39 Src\Architecture\SREG\custom\sreg_dat.o
 .ARM.attributes
                0x0000013a       0x39 Src\Architecture\Scheduler\base\Scheduler.o
 .ARM.attributes
                0x00000173       0x39 Src\Architecture\Scheduler\custom\Scheduler_map.o
 .ARM.attributes
                0x000001ac       0x39 Src\Architecture\StateMachine\base\stateMachine.o
 .ARM.attributes
                0x000001e5       0x39 Src\Architecture\tools\basic\base\CircularBuffer.o
 .ARM.attributes
                0x0000021e       0x39 Src\Architecture\tools\basic\base\tools.o
 .ARM.attributes
                0x00000257       0x39 Src\Drivers\ATCommand\base\ATCommand.o
 .ARM.attributes
                0x00000290       0x39 Src\Drivers\ATCommand\custom\ATCommand_map.o
 .ARM.attributes
                0x000002c9       0x39 Src\Drivers\ATCommand\fsm\ATCommand_fsm.o
 .ARM.attributes
                0x00000302       0x39 Src\Drivers\SwTimer\base\SwTimer.o
 .ARM.attributes
                0x0000033b       0x39 Src\Drivers\pipeDevice\base\PipeDevice.o
 .ARM.attributes
                0x00000374       0x39 Src\Drivers\pipeDevice\custom\PipeDevice_map.o
 .ARM.attributes
                0x000003ad       0x39 Src\HAL\Flash\base\Flash.o
 .ARM.attributes
                0x000003e6       0x39 Src\HAL\Flash\custom\Flash_map.o
 .ARM.attributes
                0x0000041f       0x39 Src\HAL\GPIO\base\GPIO.o
 .ARM.attributes
                0x00000458       0x39 Src\HAL\GPIO\custom\GPIO_map.o
 .ARM.attributes
                0x00000491       0x39 Src\HAL\Interrupts\base\interrupts.o
 .ARM.attributes
                0x000004ca       0x39 Src\HAL\Interrupts\custom\interrupts_it.o
 .ARM.attributes
                0x00000503       0x39 Src\HAL\Interrupts\custom\interrupts_map.o
 .ARM.attributes
                0x0000053c       0x39 Src\HAL\System\base\System.o
 .ARM.attributes
                0x00000575       0x39 Src\HAL\System\custom\System_map.o
 .ARM.attributes
                0x000005ae       0x39 Src\HAL\spi\base\spi.o
 .ARM.attributes
                0x000005e7       0x39 Src\HAL\spi\custom\spi_map.o
 .ARM.attributes
                0x00000620       0x39 Src\HAL\uart\base\uart.o
 .ARM.attributes
                0x00000659       0x39 Src\HAL\uart\custom\UART_map.o
 .ARM.attributes
                0x00000692       0x21 libraries\CMSIS\Source\startup_stm32l452xx.o
 .ARM.attributes
                0x000006b3       0x39 libraries\CMSIS\Source\system_stm32l4xx.o
 .ARM.attributes
                0x000006ec       0x39 libraries\ST_HAL\Src\stm32l4xx_hal.o
 .ARM.attributes
                0x00000725       0x39 libraries\ST_HAL\Src\stm32l4xx_hal_cortex.o
 .ARM.attributes
                0x0000075e       0x39 libraries\ST_HAL\Src\stm32l4xx_hal_dma.o
 .ARM.attributes
                0x00000797       0x39 libraries\ST_HAL\Src\stm32l4xx_hal_gpio.o
 .ARM.attributes
                0x000007d0       0x39 libraries\ST_HAL\Src\stm32l4xx_hal_pwr_ex.o
 .ARM.attributes
                0x00000809       0x39 libraries\ST_HAL\Src\stm32l4xx_hal_rcc.o
 .ARM.attributes
                0x00000842       0x39 libraries\ST_HAL\Src\stm32l4xx_hal_rcc_ex.o
 .ARM.attributes
                0x0000087b       0x39 libraries\ST_HAL\Src\stm32l4xx_hal_rtc.o
 .ARM.attributes
                0x000008b4       0x39 libraries\ST_HAL\Src\stm32l4xx_hal_spi.o
 .ARM.attributes
                0x000008ed       0x39 libraries\ST_HAL\Src\stm32l4xx_hal_uart.o
 .ARM.attributes
                0x00000926       0x39 libraries\ST_HAL\Src\stm32l4xx_hal_uart_ex.o
 .ARM.attributes
                0x0000095f       0x34 c:/program files (x86)/atollic/truestudio for stm32 9.0.1/armtools/bin/../lib/gcc/arm-atollic-eabi/6.3.1/../../../../arm-atollic-eabi/lib/armv7e-m/fpu\libc_nano.a(lib_a-init.o)
 .ARM.attributes
                0x00000993       0x34 c:/program files (x86)/atollic/truestudio for stm32 9.0.1/armtools/bin/../lib/gcc/arm-atollic-eabi/6.3.1/../../../../arm-atollic-eabi/lib/armv7e-m/fpu\libc_nano.a(lib_a-memcpy-stub.o)
 .ARM.attributes
                0x000009c7       0x1b c:/program files (x86)/atollic/truestudio for stm32 9.0.1/armtools/bin/../lib/gcc/arm-atollic-eabi/6.3.1/../../../../arm-atollic-eabi/lib/armv7e-m/fpu\libc_nano.a(lib_a-strlen.o)
 .ARM.attributes
                0x000009e2       0x34 c:/program files (x86)/atollic/truestudio for stm32 9.0.1/armtools/bin/../lib/gcc/arm-atollic-eabi/6.3.1/../../../../arm-atollic-eabi/lib/armv7e-m/fpu\libc_nano.a(lib_a-vsprintf.o)
 .ARM.attributes
                0x00000a16       0x34 c:/program files (x86)/atollic/truestudio for stm32 9.0.1/armtools/bin/../lib/gcc/arm-atollic-eabi/6.3.1/../../../../arm-atollic-eabi/lib/armv7e-m/fpu\libc_nano.a(lib_a-impure.o)
 .ARM.attributes
                0x00000a4a       0x34 c:/program files (x86)/atollic/truestudio for stm32 9.0.1/armtools/bin/../lib/gcc/arm-atollic-eabi/6.3.1/../../../../arm-atollic-eabi/lib/armv7e-m/fpu\libc_nano.a(lib_a-nano-svfprintf.o)
 .ARM.attributes
                0x00000a7e       0x34 c:/program files (x86)/atollic/truestudio for stm32 9.0.1/armtools/bin/../lib/gcc/arm-atollic-eabi/6.3.1/../../../../arm-atollic-eabi/lib/armv7e-m/fpu\libc_nano.a(lib_a-nano-vfprintf_i.o)
 .ARM.attributes
                0x00000ab2       0x20 c:/program files (x86)/atollic/truestudio for stm32 9.0.1/armtools/bin/../lib/gcc/arm-atollic-eabi/6.3.1/../../../../arm-atollic-eabi/lib/armv7e-m/fpu\libc_nano.a(lib_a-memchr.o)
 .ARM.attributes
                0x00000ad2       0x34 c:/program files (x86)/atollic/truestudio for stm32 9.0.1/armtools/bin/../lib/gcc/arm-atollic-eabi/6.3.1/../../../../arm-atollic-eabi/lib/armv7e-m/fpu\libc_nano.a(lib_a-memmove.o)
 .ARM.attributes
                0x00000b06       0x34 c:/program files (x86)/atollic/truestudio for stm32 9.0.1/armtools/bin/../lib/gcc/arm-atollic-eabi/6.3.1/../../../../arm-atollic-eabi/lib/armv7e-m/fpu\libc_nano.a(lib_a-nano-freer.o)
 .ARM.attributes
                0x00000b3a       0x34 c:/program files (x86)/atollic/truestudio for stm32 9.0.1/armtools/bin/../lib/gcc/arm-atollic-eabi/6.3.1/../../../../arm-atollic-eabi/lib/armv7e-m/fpu\libc_nano.a(lib_a-nano-mallocr.o)
 .ARM.attributes
                0x00000b6e       0x34 c:/program files (x86)/atollic/truestudio for stm32 9.0.1/armtools/bin/../lib/gcc/arm-atollic-eabi/6.3.1/../../../../arm-atollic-eabi/lib/armv7e-m/fpu\libc_nano.a(lib_a-nano-reallocr.o)
 .ARM.attributes
                0x00000ba2       0x34 c:/program files (x86)/atollic/truestudio for stm32 9.0.1/armtools/bin/../lib/gcc/arm-atollic-eabi/6.3.1/../../../../arm-atollic-eabi/lib/armv7e-m/fpu\libc_nano.a(lib_a-sbrkr.o)
 .ARM.attributes
                0x00000bd6       0x34 c:/program files (x86)/atollic/truestudio for stm32 9.0.1/armtools/bin/../lib/gcc/arm-atollic-eabi/6.3.1/../../../../arm-atollic-eabi/lib/armv7e-m/fpu\libc_nano.a(lib_a-mlock.o)
 .ARM.attributes
                0x00000c0a       0x34 c:/program files (x86)/atollic/truestudio for stm32 9.0.1/armtools/bin/../lib/gcc/arm-atollic-eabi/6.3.1/../../../../arm-atollic-eabi/lib/armv7e-m/fpu\libc_nano.a(lib_a-nano-msizer.o)
 .ARM.attributes
                0x00000c3e       0x34 c:/program files (x86)/atollic/truestudio for stm32 9.0.1/armtools/bin/../lib/gcc/arm-atollic-eabi/6.3.1/../../../../arm-atollic-eabi/lib/armv7e-m/fpu\libc_nano.a(lib_a-reent.o)
 .ARM.attributes
                0x00000c72       0x22 c:/program files (x86)/atollic/truestudio for stm32 9.0.1/armtools/bin/../lib/gcc/arm-atollic-eabi/6.3.1/armv7e-m/fpu\libgcc.a(_aeabi_uldivmod.o)
 .ARM.attributes
                0x00000c94       0x34 c:/program files (x86)/atollic/truestudio for stm32 9.0.1/armtools/bin/../lib/gcc/arm-atollic-eabi/6.3.1/armv7e-m/fpu\libgcc.a(_udivmoddi4.o)
 .ARM.attributes
                0x00000cc8       0x22 c:/program files (x86)/atollic/truestudio for stm32 9.0.1/armtools/bin/../lib/gcc/arm-atollic-eabi/6.3.1/armv7e-m/fpu\libgcc.a(_dvmd_tls.o)
 .ARM.attributes
                0x00000cea       0x34 c:/program files (x86)/atollic/truestudio for stm32 9.0.1/armtools/bin/../lib/gcc/arm-atollic-eabi/6.3.1/../../../../arm-atollic-eabi/lib/armv7e-m/fpu\libnosys.a(sbrk.o)
 .ARM.attributes
                0x00000d1e       0x22 c:/program files (x86)/atollic/truestudio for stm32 9.0.1/armtools/bin/../lib/gcc/arm-atollic-eabi/6.3.1/armv7e-m/fpu/crtn.o
OUTPUT(L4_Example_Project.elf elf32-littlearm)

.debug_info     0x00000000    0x2eb19
 .debug_info    0x00000000      0xed4 Src\Applications\Main\main.o
 .debug_info    0x00000ed4     0x13a9 Src\Applications\System_App\System_app.o
 .debug_info    0x0000227d     0x10d1 Src\Architecture\SREG\base\sreg.o
 .debug_info    0x0000334e      0xc5b Src\Architecture\SREG\custom\sreg_dat.o
 .debug_info    0x00003fa9      0xe59 Src\Architecture\Scheduler\base\Scheduler.o
 .debug_info    0x00004e02      0xa2e Src\Architecture\Scheduler\custom\Scheduler_map.o
 .debug_info    0x00005830     0x13ec Src\Architecture\StateMachine\base\stateMachine.o
 .debug_info    0x00006c1c      0xcc9 Src\Architecture\tools\basic\base\CircularBuffer.o
 .debug_info    0x000078e5      0xfa0 Src\Architecture\tools\basic\base\tools.o
 .debug_info    0x00008885     0x13bd Src\Drivers\ATCommand\base\ATCommand.o
 .debug_info    0x00009c42      0xaea Src\Drivers\ATCommand\custom\ATCommand_map.o
 .debug_info    0x0000a72c      0xfd8 Src\Drivers\ATCommand\fsm\ATCommand_fsm.o
 .debug_info    0x0000b704      0xf88 Src\Drivers\SwTimer\base\SwTimer.o
 .debug_info    0x0000c68c      0xe54 Src\Drivers\pipeDevice\base\PipeDevice.o
 .debug_info    0x0000d4e0      0xa6c Src\Drivers\pipeDevice\custom\PipeDevice_map.o
 .debug_info    0x0000df4c     0x12eb Src\HAL\Flash\base\Flash.o
 .debug_info    0x0000f237      0x9c3 Src\HAL\Flash\custom\Flash_map.o
 .debug_info    0x0000fbfa     0x14cd Src\HAL\GPIO\base\GPIO.o
 .debug_info    0x000110c7      0xf8c Src\HAL\GPIO\custom\GPIO_map.o
 .debug_info    0x00012053     0x134a Src\HAL\Interrupts\base\interrupts.o
 .debug_info    0x0001339d     0x1051 Src\HAL\Interrupts\custom\interrupts_it.o
 .debug_info    0x000143ee     0x1689 Src\HAL\Interrupts\custom\interrupts_map.o
 .debug_info    0x00015a77     0x20e9 Src\HAL\System\base\System.o
 .debug_info    0x00017b60      0xadc Src\HAL\System\custom\System_map.o
 .debug_info    0x0001863c     0x2018 Src\HAL\spi\base\spi.o
 .debug_info    0x0001a654      0xc9d Src\HAL\spi\custom\spi_map.o
 .debug_info    0x0001b2f1     0x1e98 Src\HAL\uart\base\uart.o
 .debug_info    0x0001d189      0xc25 Src\HAL\uart\custom\UART_map.o
 .debug_info    0x0001ddae       0x99 libraries\CMSIS\Source\startup_stm32l452xx.o
 .debug_info    0x0001de47      0xde8 libraries\CMSIS\Source\system_stm32l4xx.o
 .debug_info    0x0001ec2f     0x12d0 libraries\ST_HAL\Src\stm32l4xx_hal.o
 .debug_info    0x0001feff     0x1726 libraries\ST_HAL\Src\stm32l4xx_hal_cortex.o
 .debug_info    0x00021625     0x1047 libraries\ST_HAL\Src\stm32l4xx_hal_dma.o
 .debug_info    0x0002266c     0x1082 libraries\ST_HAL\Src\stm32l4xx_hal_gpio.o
 .debug_info    0x000236ee     0x124f libraries\ST_HAL\Src\stm32l4xx_hal_pwr_ex.o
 .debug_info    0x0002493d     0x1595 libraries\ST_HAL\Src\stm32l4xx_hal_rcc.o
 .debug_info    0x00025ed2     0x1930 libraries\ST_HAL\Src\stm32l4xx_hal_rcc_ex.o
 .debug_info    0x00027802     0x17a1 libraries\ST_HAL\Src\stm32l4xx_hal_rtc.o
 .debug_info    0x00028fa3     0x25a6 libraries\ST_HAL\Src\stm32l4xx_hal_spi.o
 .debug_info    0x0002b549     0x23f8 libraries\ST_HAL\Src\stm32l4xx_hal_uart.o
 .debug_info    0x0002d941     0x11d8 libraries\ST_HAL\Src\stm32l4xx_hal_uart_ex.o

.debug_abbrev   0x00000000     0x622d
 .debug_abbrev  0x00000000      0x1c8 Src\Applications\Main\main.o
 .debug_abbrev  0x000001c8      0x262 Src\Applications\System_App\System_app.o
 .debug_abbrev  0x0000042a      0x2a8 Src\Architecture\SREG\base\sreg.o
 .debug_abbrev  0x000006d2      0x19f Src\Architecture\SREG\custom\sreg_dat.o
 .debug_abbrev  0x00000871      0x2f0 Src\Architecture\Scheduler\base\Scheduler.o
 .debug_abbrev  0x00000b61      0x19c Src\Architecture\Scheduler\custom\Scheduler_map.o
 .debug_abbrev  0x00000cfd      0x362 Src\Architecture\StateMachine\base\stateMachine.o
 .debug_abbrev  0x0000105f      0x207 Src\Architecture\tools\basic\base\CircularBuffer.o
 .debug_abbrev  0x00001266      0x312 Src\Architecture\tools\basic\base\tools.o
 .debug_abbrev  0x00001578      0x2d3 Src\Drivers\ATCommand\base\ATCommand.o
 .debug_abbrev  0x0000184b      0x19f Src\Drivers\ATCommand\custom\ATCommand_map.o
 .debug_abbrev  0x000019ea      0x1be Src\Drivers\ATCommand\fsm\ATCommand_fsm.o
 .debug_abbrev  0x00001ba8      0x2c1 Src\Drivers\SwTimer\base\SwTimer.o
 .debug_abbrev  0x00001e69      0x2a9 Src\Drivers\pipeDevice\base\PipeDevice.o
 .debug_abbrev  0x00002112      0x18e Src\Drivers\pipeDevice\custom\PipeDevice_map.o
 .debug_abbrev  0x000022a0      0x35b Src\HAL\Flash\base\Flash.o
 .debug_abbrev  0x000025fb      0x187 Src\HAL\Flash\custom\Flash_map.o
 .debug_abbrev  0x00002782      0x265 Src\HAL\GPIO\base\GPIO.o
 .debug_abbrev  0x000029e7      0x1ac Src\HAL\GPIO\custom\GPIO_map.o
 .debug_abbrev  0x00002b93      0x2af Src\HAL\Interrupts\base\interrupts.o
 .debug_abbrev  0x00002e42      0x23a Src\HAL\Interrupts\custom\interrupts_it.o
 .debug_abbrev  0x0000307c      0x256 Src\HAL\Interrupts\custom\interrupts_map.o
 .debug_abbrev  0x000032d2      0x3d5 Src\HAL\System\base\System.o
 .debug_abbrev  0x000036a7      0x16d Src\HAL\System\custom\System_map.o
 .debug_abbrev  0x00003814      0x3c8 Src\HAL\spi\base\spi.o
 .debug_abbrev  0x00003bdc      0x1ac Src\HAL\spi\custom\spi_map.o
 .debug_abbrev  0x00003d88      0x347 Src\HAL\uart\base\uart.o
 .debug_abbrev  0x000040cf      0x1ac Src\HAL\uart\custom\UART_map.o
 .debug_abbrev  0x0000427b       0x12 libraries\CMSIS\Source\startup_stm32l452xx.o
 .debug_abbrev  0x0000428d      0x1eb libraries\CMSIS\Source\system_stm32l4xx.o
 .debug_abbrev  0x00004478      0x2b1 libraries\ST_HAL\Src\stm32l4xx_hal.o
 .debug_abbrev  0x00004729      0x38c libraries\ST_HAL\Src\stm32l4xx_hal_cortex.o
 .debug_abbrev  0x00004ab5      0x29f libraries\ST_HAL\Src\stm32l4xx_hal_dma.o
 .debug_abbrev  0x00004d54      0x26a libraries\ST_HAL\Src\stm32l4xx_hal_gpio.o
 .debug_abbrev  0x00004fbe      0x297 libraries\ST_HAL\Src\stm32l4xx_hal_pwr_ex.o
 .debug_abbrev  0x00005255      0x2af libraries\ST_HAL\Src\stm32l4xx_hal_rcc.o
 .debug_abbrev  0x00005504      0x2cf libraries\ST_HAL\Src\stm32l4xx_hal_rcc_ex.o
 .debug_abbrev  0x000057d3      0x27a libraries\ST_HAL\Src\stm32l4xx_hal_rtc.o
 .debug_abbrev  0x00005a4d      0x2a4 libraries\ST_HAL\Src\stm32l4xx_hal_spi.o
 .debug_abbrev  0x00005cf1      0x2b9 libraries\ST_HAL\Src\stm32l4xx_hal_uart.o
 .debug_abbrev  0x00005faa      0x283 libraries\ST_HAL\Src\stm32l4xx_hal_uart_ex.o

.debug_aranges  0x00000000     0x14f8
 .debug_aranges
                0x00000000       0x20 Src\Applications\Main\main.o
 .debug_aranges
                0x00000020       0x50 Src\Applications\System_App\System_app.o
 .debug_aranges
                0x00000070       0x70 Src\Architecture\SREG\base\sreg.o
 .debug_aranges
                0x000000e0       0x18 Src\Architecture\SREG\custom\sreg_dat.o
 .debug_aranges
                0x000000f8       0x88 Src\Architecture\Scheduler\base\Scheduler.o
 .debug_aranges
                0x00000180       0x18 Src\Architecture\Scheduler\custom\Scheduler_map.o
 .debug_aranges
                0x00000198       0xb8 Src\Architecture\StateMachine\base\stateMachine.o
 .debug_aranges
                0x00000250       0x70 Src\Architecture\tools\basic\base\CircularBuffer.o
 .debug_aranges
                0x000002c0       0x70 Src\Architecture\tools\basic\base\tools.o
 .debug_aranges
                0x00000330       0x88 Src\Drivers\ATCommand\base\ATCommand.o
 .debug_aranges
                0x000003b8       0x18 Src\Drivers\ATCommand\custom\ATCommand_map.o
 .debug_aranges
                0x000003d0       0x18 Src\Drivers\ATCommand\fsm\ATCommand_fsm.o
 .debug_aranges
                0x000003e8       0xb8 Src\Drivers\SwTimer\base\SwTimer.o
 .debug_aranges
                0x000004a0       0x70 Src\Drivers\pipeDevice\base\PipeDevice.o
 .debug_aranges
                0x00000510       0x18 Src\Drivers\pipeDevice\custom\PipeDevice_map.o
 .debug_aranges
                0x00000528       0xb8 Src\HAL\Flash\base\Flash.o
 .debug_aranges
                0x000005e0       0x18 Src\HAL\Flash\custom\Flash_map.o
 .debug_aranges
                0x000005f8       0x58 Src\HAL\GPIO\base\GPIO.o
 .debug_aranges
                0x00000650       0x18 Src\HAL\GPIO\custom\GPIO_map.o
 .debug_aranges
                0x00000668       0x60 Src\HAL\Interrupts\base\interrupts.o
 .debug_aranges
                0x000006c8       0xd8 Src\HAL\Interrupts\custom\interrupts_it.o
 .debug_aranges
                0x000007a0       0x88 Src\HAL\Interrupts\custom\interrupts_map.o
 .debug_aranges
                0x00000828       0xd8 Src\HAL\System\base\System.o
 .debug_aranges
                0x00000900       0x18 Src\HAL\System\custom\System_map.o
 .debug_aranges
                0x00000918       0xb8 Src\HAL\spi\base\spi.o
 .debug_aranges
                0x000009d0       0x18 Src\HAL\spi\custom\spi_map.o
 .debug_aranges
                0x000009e8       0xa8 Src\HAL\uart\base\uart.o
 .debug_aranges
                0x00000a90       0x18 Src\HAL\uart\custom\UART_map.o
 .debug_aranges
                0x00000aa8       0x28 libraries\CMSIS\Source\startup_stm32l452xx.o
 .debug_aranges
                0x00000ad0       0x28 libraries\CMSIS\Source\system_stm32l4xx.o
 .debug_aranges
                0x00000af8      0x118 libraries\ST_HAL\Src\stm32l4xx_hal.o
 .debug_aranges
                0x00000c10       0xa8 libraries\ST_HAL\Src\stm32l4xx_hal_cortex.o
 .debug_aranges
                0x00000cb8       0x80 libraries\ST_HAL\Src\stm32l4xx_hal_dma.o
 .debug_aranges
                0x00000d38       0x58 libraries\ST_HAL\Src\stm32l4xx_hal_gpio.o
 .debug_aranges
                0x00000d90      0x120 libraries\ST_HAL\Src\stm32l4xx_hal_pwr_ex.o
 .debug_aranges
                0x00000eb0       0x88 libraries\ST_HAL\Src\stm32l4xx_hal_rcc.o
 .debug_aranges
                0x00000f38       0xe8 libraries\ST_HAL\Src\stm32l4xx_hal_rcc_ex.o
 .debug_aranges
                0x00001020       0xb8 libraries\ST_HAL\Src\stm32l4xx_hal_rtc.o
 .debug_aranges
                0x000010d8      0x1d8 libraries\ST_HAL\Src\stm32l4xx_hal_spi.o
 .debug_aranges
                0x000012b0      0x1f8 libraries\ST_HAL\Src\stm32l4xx_hal_uart.o
 .debug_aranges
                0x000014a8       0x50 libraries\ST_HAL\Src\stm32l4xx_hal_uart_ex.o

.debug_ranges   0x00000000     0x1348
 .debug_ranges  0x00000000       0x10 Src\Applications\Main\main.o
 .debug_ranges  0x00000010       0x40 Src\Applications\System_App\System_app.o
 .debug_ranges  0x00000050       0x60 Src\Architecture\SREG\base\sreg.o
 .debug_ranges  0x000000b0       0x78 Src\Architecture\Scheduler\base\Scheduler.o
 .debug_ranges  0x00000128       0xc0 Src\Architecture\StateMachine\base\stateMachine.o
 .debug_ranges  0x000001e8       0x60 Src\Architecture\tools\basic\base\CircularBuffer.o
 .debug_ranges  0x00000248       0x60 Src\Architecture\tools\basic\base\tools.o
 .debug_ranges  0x000002a8       0x78 Src\Drivers\ATCommand\base\ATCommand.o
 .debug_ranges  0x00000320       0xa8 Src\Drivers\SwTimer\base\SwTimer.o
 .debug_ranges  0x000003c8       0x60 Src\Drivers\pipeDevice\base\PipeDevice.o
 .debug_ranges  0x00000428       0xa8 Src\HAL\Flash\base\Flash.o
 .debug_ranges  0x000004d0       0x48 Src\HAL\GPIO\base\GPIO.o
 .debug_ranges  0x00000518       0x50 Src\HAL\Interrupts\base\interrupts.o
 .debug_ranges  0x00000568       0xc8 Src\HAL\Interrupts\custom\interrupts_it.o
 .debug_ranges  0x00000630       0x78 Src\HAL\Interrupts\custom\interrupts_map.o
 .debug_ranges  0x000006a8      0x128 Src\HAL\System\base\System.o
 .debug_ranges  0x000007d0       0xc0 Src\HAL\spi\base\spi.o
 .debug_ranges  0x00000890       0x98 Src\HAL\uart\base\uart.o
 .debug_ranges  0x00000928       0x20 libraries\CMSIS\Source\startup_stm32l452xx.o
 .debug_ranges  0x00000948       0x18 libraries\CMSIS\Source\system_stm32l4xx.o
 .debug_ranges  0x00000960      0x108 libraries\ST_HAL\Src\stm32l4xx_hal.o
 .debug_ranges  0x00000a68       0xf8 libraries\ST_HAL\Src\stm32l4xx_hal_cortex.o
 .debug_ranges  0x00000b60       0x70 libraries\ST_HAL\Src\stm32l4xx_hal_dma.o
 .debug_ranges  0x00000bd0       0x48 libraries\ST_HAL\Src\stm32l4xx_hal_gpio.o
 .debug_ranges  0x00000c18      0x110 libraries\ST_HAL\Src\stm32l4xx_hal_pwr_ex.o
 .debug_ranges  0x00000d28       0x90 libraries\ST_HAL\Src\stm32l4xx_hal_rcc.o
 .debug_ranges  0x00000db8       0xf8 libraries\ST_HAL\Src\stm32l4xx_hal_rcc_ex.o
 .debug_ranges  0x00000eb0       0xa8 libraries\ST_HAL\Src\stm32l4xx_hal_rtc.o
 .debug_ranges  0x00000f58      0x1c8 libraries\ST_HAL\Src\stm32l4xx_hal_spi.o
 .debug_ranges  0x00001120      0x1e8 libraries\ST_HAL\Src\stm32l4xx_hal_uart.o
 .debug_ranges  0x00001308       0x40 libraries\ST_HAL\Src\stm32l4xx_hal_uart_ex.o

.debug_line     0x00000000     0xea2c
 .debug_line    0x00000000      0x75d Src\Applications\Main\main.o
 .debug_line    0x0000075d      0x7b2 Src\Applications\System_App\System_app.o
 .debug_line    0x00000f0f      0x4b5 Src\Architecture\SREG\base\sreg.o
 .debug_line    0x000013c4      0x3dd Src\Architecture\SREG\custom\sreg_dat.o
 .debug_line    0x000017a1      0x587 Src\Architecture\Scheduler\base\Scheduler.o
 .debug_line    0x00001d28      0x397 Src\Architecture\Scheduler\custom\Scheduler_map.o
 .debug_line    0x000020bf      0x62b Src\Architecture\StateMachine\base\stateMachine.o
 .debug_line    0x000026ea      0x40c Src\Architecture\tools\basic\base\CircularBuffer.o
 .debug_line    0x00002af6      0x572 Src\Architecture\tools\basic\base\tools.o
 .debug_line    0x00003068      0x7ef Src\Drivers\ATCommand\base\ATCommand.o
 .debug_line    0x00003857      0x458 Src\Drivers\ATCommand\custom\ATCommand_map.o
 .debug_line    0x00003caf      0x468 Src\Drivers\ATCommand\fsm\ATCommand_fsm.o
 .debug_line    0x00004117      0x544 Src\Drivers\SwTimer\base\SwTimer.o
 .debug_line    0x0000465b      0x511 Src\Drivers\pipeDevice\base\PipeDevice.o
 .debug_line    0x00004b6c      0x3f5 Src\Drivers\pipeDevice\custom\PipeDevice_map.o
 .debug_line    0x00004f61      0x5f4 Src\HAL\Flash\base\Flash.o
 .debug_line    0x00005555      0x2f8 Src\HAL\Flash\custom\Flash_map.o
 .debug_line    0x0000584d      0x50d Src\HAL\GPIO\base\GPIO.o
 .debug_line    0x00005d5a      0x436 Src\HAL\GPIO\custom\GPIO_map.o
 .debug_line    0x00006190      0x605 Src\HAL\Interrupts\base\interrupts.o
 .debug_line    0x00006795      0x5f6 Src\HAL\Interrupts\custom\interrupts_it.o
 .debug_line    0x00006d8b      0x7ba Src\HAL\Interrupts\custom\interrupts_map.o
 .debug_line    0x00007545      0x70f Src\HAL\System\base\System.o
 .debug_line    0x00007c54      0x29a Src\HAL\System\custom\System_map.o
 .debug_line    0x00007eee      0x7dc Src\HAL\spi\base\spi.o
 .debug_line    0x000086ca      0x364 Src\HAL\spi\custom\spi_map.o
 .debug_line    0x00008a2e      0x752 Src\HAL\uart\base\uart.o
 .debug_line    0x00009180      0x36a Src\HAL\uart\custom\UART_map.o
 .debug_line    0x000094ea       0x8e libraries\CMSIS\Source\startup_stm32l452xx.o
 .debug_line    0x00009578      0x2b7 libraries\CMSIS\Source\system_stm32l4xx.o
 .debug_line    0x0000982f      0x526 libraries\ST_HAL\Src\stm32l4xx_hal.o
 .debug_line    0x00009d55      0x4e8 libraries\ST_HAL\Src\stm32l4xx_hal_cortex.o
 .debug_line    0x0000a23d      0x54c libraries\ST_HAL\Src\stm32l4xx_hal_dma.o
 .debug_line    0x0000a789      0x444 libraries\ST_HAL\Src\stm32l4xx_hal_gpio.o
 .debug_line    0x0000abcd      0x6cf libraries\ST_HAL\Src\stm32l4xx_hal_pwr_ex.o
 .debug_line    0x0000b29c      0x674 libraries\ST_HAL\Src\stm32l4xx_hal_rcc.o
 .debug_line    0x0000b910      0x91a libraries\ST_HAL\Src\stm32l4xx_hal_rcc_ex.o
 .debug_line    0x0000c22a      0x6f5 libraries\ST_HAL\Src\stm32l4xx_hal_rtc.o
 .debug_line    0x0000c91f      0xe24 libraries\ST_HAL\Src\stm32l4xx_hal_spi.o
 .debug_line    0x0000d743      0xeb5 libraries\ST_HAL\Src\stm32l4xx_hal_uart.o
 .debug_line    0x0000e5f8      0x434 libraries\ST_HAL\Src\stm32l4xx_hal_uart_ex.o

.debug_str      0x00000000     0x71c2
 .debug_str     0x00000000      0x973 Src\Applications\Main\main.o
                                0xa9b (size before relaxing)
 .debug_str     0x00000973      0x6b9 Src\Applications\System_App\System_app.o
                               0x1064 (size before relaxing)
 .debug_str     0x0000102c      0x342 Src\Architecture\SREG\base\sreg.o
                                0xb93 (size before relaxing)
 .debug_str     0x0000136e       0x35 Src\Architecture\SREG\custom\sreg_dat.o
                                0xa9b (size before relaxing)
 .debug_str     0x000013a3      0x3d4 Src\Architecture\Scheduler\base\Scheduler.o
                                0xa85 (size before relaxing)
 .debug_str     0x00001777       0x35 Src\Architecture\Scheduler\custom\Scheduler_map.o
                                0x75e (size before relaxing)
 .debug_str     0x000017ac      0x3ca Src\Architecture\StateMachine\base\stateMachine.o
                                0xb17 (size before relaxing)
 .debug_str     0x00001b76      0x16f Src\Architecture\tools\basic\base\CircularBuffer.o
                                0x7e5 (size before relaxing)
 .debug_str     0x00001ce5      0x179 Src\Architecture\tools\basic\base\tools.o
                                0x960 (size before relaxing)
 .debug_str     0x00001e5e      0x360 Src\Drivers\ATCommand\base\ATCommand.o
                                0xd6a (size before relaxing)
 .debug_str     0x000021be       0x4e Src\Drivers\ATCommand\custom\ATCommand_map.o
                                0x7c7 (size before relaxing)
 .debug_str     0x0000220c       0x41 Src\Drivers\ATCommand\fsm\ATCommand_fsm.o
                                0xbf0 (size before relaxing)
 .debug_str     0x0000224d      0x28c Src\Drivers\SwTimer\base\SwTimer.o
                                0x9b9 (size before relaxing)
 .debug_str     0x000024d9      0x1d3 Src\Drivers\pipeDevice\base\PipeDevice.o
                                0x985 (size before relaxing)
 .debug_str     0x000026ac       0x3e Src\Drivers\pipeDevice\custom\PipeDevice_map.o
                                0x786 (size before relaxing)
 .debug_str     0x000026ea      0x36d Src\HAL\Flash\base\Flash.o
                                0xaeb (size before relaxing)
 .debug_str     0x00002a57       0x24 Src\HAL\Flash\custom\Flash_map.o
                                0x6e7 (size before relaxing)
 .debug_str     0x00002a7b      0x2b9 Src\HAL\GPIO\base\GPIO.o
                                0xdee (size before relaxing)
 .debug_str     0x00002d34       0x22 Src\HAL\GPIO\custom\GPIO_map.o
                                0xbac (size before relaxing)
 .debug_str     0x00002d56      0x6a4 Src\HAL\Interrupts\base\interrupts.o
                               0x10da (size before relaxing)
 .debug_str     0x000033fa      0x2a2 Src\HAL\Interrupts\custom\interrupts_it.o
                                0xc58 (size before relaxing)
 .debug_str     0x0000369c      0x37b Src\HAL\Interrupts\custom\interrupts_map.o
                               0x13f3 (size before relaxing)
 .debug_str     0x00003a17      0x9ac Src\HAL\System\base\System.o
                               0x1541 (size before relaxing)
 .debug_str     0x000043c3       0x26 Src\HAL\System\custom\System_map.o
                                0x7dd (size before relaxing)
 .debug_str     0x000043e9      0x70b Src\HAL\spi\base\spi.o
                               0x13f1 (size before relaxing)
 .debug_str     0x00004af4       0x54 Src\HAL\spi\custom\spi_map.o
                                0x90a (size before relaxing)
 .debug_str     0x00004b48      0x471 Src\HAL\uart\base\uart.o
                               0x13ac (size before relaxing)
 .debug_str     0x00004fb9       0x3e Src\HAL\uart\custom\UART_map.o
                                0x87c (size before relaxing)