Archive member included to satisfy reference by file (symbol)

c:/program files (x86)/atollic/truestudio for stm32 9.0.1/armtools/bin/../lib/gcc/arm-atollic-eabi/6.3.1/../../../../arm-atollic-eabi/lib/armv7e-m/fpu\libc_nano.a(lib_a-init.o)
                              libraries\CMSIS\Source\startup_stm32l452xx.o (__libc_init_array)
c:/program files (x86)/atollic/truestudio for stm32 9.0.1/armtools/bin/../lib/gcc/arm-atollic-eabi/6.3.1/armv7e-m/fpu\libgcc.a(_aeabi_uldivmod.o)
                              libraries\ST_HAL\Src\stm32l4xx_hal_uart.o (__aeabi_uldivmod)
c:/program files (x86)/atollic/truestudio for stm32 9.0.1/armtools/bin/../lib/gcc/arm-atollic-eabi/6.3.1/armv7e-m/fpu\libgcc.a(_udivmoddi4.o)
                              c:/program files (x86)/atollic/truestudio for stm32 9.0.1/armtools/bin/../lib/gcc/arm-atollic-eabi/6.3.1/armv7e-m/fpu\libgcc.a(_aeabi_uldivmod.o) (__udivmoddi4)
c:/program files (x86)/atollic/truestudio for stm32 9.0.1/armtools/bin/../lib/gcc/arm-atollic-eabi/6.3.1/armv7e-m/fpu\libgcc.a(_dvmd_tls.o)
                              c:/program files (x86)/atollic/truestudio for stm32 9.0.1/armtools/bin/../lib/gcc/arm-atollic-eabi/6.3.1/armv7e-m/fpu\libgcc.a(_aeabi_uldivmod.o) (__aeabi_ldiv0)

Allocating common symbols
Common symbol       size              file

pipes               0x8               Src\Drivers\pipeDevice\base\PipeDevice.o
ticks_per_us        0x4               Src\Architecture\Scheduler\base\Scheduler.o
schedulerContext    0x30              Src\Architecture\Scheduler\base\Scheduler.o
uwTick              0x4               libraries\ST_HAL\Src\stm32l4xx_hal.o
pFlash              0x20              libraries\ST_HAL\Src\stm32l4xx_hal_flash.o
pipe1Buffer         0x96              Src\Drivers\pipeDevice\custom\PipeDevice_map.o
ptrTask             0x1               Src\Architecture\Scheduler\base\Scheduler.o
schedulerProcess    0x4               Src\Architecture\Scheduler\base\Scheduler.o

Discarded input sections

 .text          0x00000000        0x0 c:/program files (x86)/atollic/truestudio for stm32 9.0.1/armtools/bin/../lib/gcc/arm-atollic-eabi/6.3.1/armv7e-m/fpu/crti.o
 .data          0x00000000        0x0 c:/program files (x86)/atollic/truestudio for stm32 9.0.1/armtools/bin/../lib/gcc/arm-atollic-eabi/6.3.1/armv7e-m/fpu/crti.o
 .bss           0x00000000        0x0 c:/program files (x86)/atollic/truestudio for stm32 9.0.1/armtools/bin/../lib/gcc/arm-atollic-eabi/6.3.1/armv7e-m/fpu/crti.o
 .data          0x00000000        0x4 c:/program files (x86)/atollic/truestudio for stm32 9.0.1/armtools/bin/../lib/gcc/arm-atollic-eabi/6.3.1/armv7e-m/fpu/crtbegin.o
 .text          0x00000000        0x0 Src\Applications\Main\main.o
 .data          0x00000000        0x0 Src\Applications\Main\main.o
 .bss           0x00000000        0x0 Src\Applications\Main\main.o
 .text          0x00000000        0x0 Src\Architecture\Scheduler\base\Scheduler.o
 .data          0x00000000        0x0 Src\Architecture\Scheduler\base\Scheduler.o
 .bss           0x00000000        0x0 Src\Architecture\Scheduler\base\Scheduler.o
 .text.SchedulerGetMaximumTaskTime
                0x00000000       0x14 Src\Architecture\Scheduler\base\Scheduler.o
 .text.SchedulerGetAverageTaskTime
                0x00000000       0x10 Src\Architecture\Scheduler\base\Scheduler.o
 .text.SchedSetTaskTime
                0x00000000       0x14 Src\Architecture\Scheduler\base\Scheduler.o
 .text.SchedulerGetMaxDelayProcess
                0x00000000       0x14 Src\Architecture\Scheduler\base\Scheduler.o
 .text.SchedulerDisableTask
                0x00000000       0x14 Src\Architecture\Scheduler\base\Scheduler.o
 .text.SchedulerEnableTask
                0x00000000       0x14 Src\Architecture\Scheduler\base\Scheduler.o
 .text.SchedulerEnableUrgentTask
                0x00000000       0x14 Src\Architecture\Scheduler\base\Scheduler.o
 .text.SchedulerDisableAllTask
                0x00000000       0x20 Src\Architecture\Scheduler\base\Scheduler.o
 .text          0x00000000        0x0 Src\Architecture\Scheduler\custom\Scheduler_map.o
 .data          0x00000000        0x0 Src\Architecture\Scheduler\custom\Scheduler_map.o
 .bss           0x00000000        0x0 Src\Architecture\Scheduler\custom\Scheduler_map.o
 .text          0x00000000        0x0 Src\Architecture\StateMachine\base\stateMachine.o
 .data          0x00000000        0x0 Src\Architecture\StateMachine\base\stateMachine.o
 .bss           0x00000000        0x0 Src\Architecture\StateMachine\base\stateMachine.o
 .text.checkCondition
                0x00000000       0x22 Src\Architecture\StateMachine\base\stateMachine.o
 .text.checkEvent
                0x00000000       0x3c Src\Architecture\StateMachine\base\stateMachine.o
 .text.checkAction
                0x00000000       0x20 Src\Architecture\StateMachine\base\stateMachine.o
 .text.checkExitAction
                0x00000000       0x18 Src\Architecture\StateMachine\base\stateMachine.o
 .text.checkEntryAction
[...]
Memory Configuration

Name             Origin             Length             Attributes
FLASH            0x08000000         0x00080000         xr
RAM              0x20000000         0x00020000         xrw
RAM2             0x10000000         0x00008000         rw
MEMORY_B1        0x60000000         0x00000000         xr
*default*        0x00000000         0xffffffff

Linker script and memory map

LOAD c:/program files (x86)/atollic/truestudio for stm32 9.0.1/armtools/bin/../lib/gcc/arm-atollic-eabi/6.3.1/armv7e-m/fpu/crti.o
LOAD c:/program files (x86)/atollic/truestudio for stm32 9.0.1/armtools/bin/../lib/gcc/arm-atollic-eabi/6.3.1/armv7e-m/fpu/crtbegin.o
LOAD Src\Applications\Main\main.o
LOAD Src\Architecture\Scheduler\base\Scheduler.o
LOAD Src\Architecture\Scheduler\custom\Scheduler_map.o
LOAD Src\Architecture\StateMachine\base\stateMachine.o
LOAD Src\Architecture\tools\basic\base\CheckCalc.o
LOAD Src\Architecture\tools\basic\base\CircularBuffer.o
LOAD Src\Architecture\tools\basic\base\crc.o
LOAD Src\Architecture\tools\basic\base\tools.o
LOAD Src\Drivers\SwTimer\base\SwTimer.o
LOAD Src\Drivers\SwTimer\base\SwTimer_api.o
LOAD Src\Drivers\pipeDevice\base\PipeDevice.o
LOAD Src\Drivers\pipeDevice\custom\PipeDevice_map.o
LOAD Src\HAL\Interrupts\base\interrupts.o
LOAD Src\HAL\Interrupts\base\interrupts_api.o
LOAD Src\HAL\Interrupts\custom\interrupts_it.o
LOAD Src\HAL\Interrupts\custom\interrupts_map.o
LOAD Src\HAL\System\base\System.o
LOAD Src\HAL\System\base\System_api.o
LOAD Src\HAL\System\custom\System_map.o
LOAD libraries\CMSIS\Source\startup_stm32l452xx.o
LOAD libraries\CMSIS\Source\system_stm32l4xx.o
LOAD libraries\ST_HAL\Src\stm32l4xx_hal.o
LOAD libraries\ST_HAL\Src\stm32l4xx_hal_cortex.o
LOAD libraries\ST_HAL\Src\stm32l4xx_hal_dma.o
LOAD libraries\ST_HAL\Src\stm32l4xx_hal_dma_ex.o
LOAD libraries\ST_HAL\Src\stm32l4xx_hal_flash.o
LOAD libraries\ST_HAL\Src\stm32l4xx_hal_flash_ex.o
LOAD libraries\ST_HAL\Src\stm32l4xx_hal_flash_ramfunc.o
LOAD libraries\ST_HAL\Src\stm32l4xx_hal_gpio.o
LOAD libraries\ST_HAL\Src\stm32l4xx_hal_i2c.o
LOAD libraries\ST_HAL\Src\stm32l4xx_hal_i2c_ex.o
LOAD libraries\ST_HAL\Src\stm32l4xx_hal_pwr.o
LOAD libraries\ST_HAL\Src\stm32l4xx_hal_pwr_ex.o
LOAD libraries\ST_HAL\Src\stm32l4xx_hal_rcc.o
LOAD libraries\ST_HAL\Src\stm32l4xx_hal_rcc_ex.o
LOAD libraries\ST_HAL\Src\stm32l4xx_hal_spi.o
LOAD libraries\ST_HAL\Src\stm32l4xx_hal_spi_ex.o
LOAD libraries\ST_HAL\Src\stm32l4xx_hal_tim.o
LOAD libraries\ST_HAL\Src\stm32l4xx_hal_tim_ex.o
LOAD libraries\ST_HAL\Src\stm32l4xx_hal_uart.o
LOAD libraries\ST_HAL\Src\stm32l4xx_hal_uart_ex.o
LOAD stm32l4xx_hal_msp.o
                0x00000080                malloc_getpagesize_P = 0x80
START GROUP
LOAD c:/program files (x86)/atollic/truestudio for stm32 9.0.1/armtools/bin/../lib/gcc/arm-atollic-eabi/6.3.1/../../../../arm-atollic-eabi/lib/armv7e-m/fpu\libc_nano.a
LOAD c:/program files (x86)/atollic/truestudio for stm32 9.0.1/armtools/bin/../lib/gcc/arm-atollic-eabi/6.3.1/../../../../arm-atollic-eabi/lib/armv7e-m/fpu\libm.a
END GROUP
START GROUP
LOAD c:/program files (x86)/atollic/truestudio for stm32 9.0.1/armtools/bin/../lib/gcc/arm-atollic-eabi/6.3.1/armv7e-m/fpu\libgcc.a
LOAD c:/program files (x86)/atollic/truestudio for stm32 9.0.1/armtools/bin/../lib/gcc/arm-atollic-eabi/6.3.1/../../../../arm-atollic-eabi/lib/armv7e-m/fpu\libc_nano.a
END GROUP
START GROUP
LOAD c:/program files (x86)/atollic/truestudio for stm32 9.0.1/armtools/bin/../lib/gcc/arm-atollic-eabi/6.3.1/armv7e-m/fpu\libgcc.a
LOAD c:/program files (x86)/atollic/truestudio for stm32 9.0.1/armtools/bin/../lib/gcc/arm-atollic-eabi/6.3.1/../../../../arm-atollic-eabi/lib/armv7e-m/fpu\libc_nano.a
LOAD c:/program files (x86)/atollic/truestudio for stm32 9.0.1/armtools/bin/../lib/gcc/arm-atollic-eabi/6.3.1/../../../../arm-atollic-eabi/lib/armv7e-m/fpu\libnosys.a
END GROUP
START GROUP
LOAD c:/program files (x86)/atollic/truestudio for stm32 9.0.1/armtools/bin/../lib/gcc/arm-atollic-eabi/6.3.1/armv7e-m/fpu\libgcc.a
LOAD c:/program files (x86)/atollic/truestudio for stm32 9.0.1/armtools/bin/../lib/gcc/arm-atollic-eabi/6.3.1/../../../../arm-atollic-eabi/lib/armv7e-m/fpu\libc_nano.a
LOAD c:/program files (x86)/atollic/truestudio for stm32 9.0.1/armtools/bin/../lib/gcc/arm-atollic-eabi/6.3.1/../../../../arm-atollic-eabi/lib/armv7e-m/fpu\libnosys.a
END GROUP
LOAD c:/program files (x86)/atollic/truestudio for stm32 9.0.1/armtools/bin/../lib/gcc/arm-atollic-eabi/6.3.1/armv7e-m/fpu/crtend.o
LOAD c:/program files (x86)/atollic/truestudio for stm32 9.0.1/armtools/bin/../lib/gcc/arm-atollic-eabi/6.3.1/armv7e-m/fpu/crtn.o
                0x20020000                _estack = 0x20020000
                0x00000000                _Min_Heap_Size = 0x0
                0x00000400                _Min_Stack_Size = 0x400

.isr_vector     0x08000000      0x194
                0x08000000                . = ALIGN (0x4)
 *(.isr_vector)
 .isr_vector    0x08000000      0x194 libraries\CMSIS\Source\startup_stm32l452xx.o
                0x08000000                g_pfnVectors
                0x08000194                . = ALIGN (0x4)

.text           0x08000194     0x1224
                0x08000194                . = ALIGN (0x4)
 *(.text)
 .text          0x08000194       0x40 c:/program files (x86)/atollic/truestudio for stm32 9.0.1/armtools/bin/../lib/gcc/arm-atollic-eabi/6.3.1/armv7e-m/fpu/crtbegin.o
 *(.text*)
 .text.main     0x080001d4       0x1c Src\Applications\Main\main.o
                0x080001d4                main
 .text.SchedulerResetProcessTable
                0x080001f0       0x6c Src\Architecture\Scheduler\base\Scheduler.o
                0x080001f0                SchedulerResetProcessTable
 .text.SchedulerInit
                0x0800025c       0x48 Src\Architecture\Scheduler\base\Scheduler.o
                0x0800025c                SchedulerInit
 .text.SchedulerProcessesAutoEnable
                0x080002a4       0x5c Src\Architecture\Scheduler\base\Scheduler.o
                0x080002a4                SchedulerProcessesAutoEnable
 .text.SchedulerUpdateTaskTime
                0x08000300       0x54 Src\Architecture\Scheduler\base\Scheduler.o
                0x08000300                SchedulerUpdateTaskTime
 .text.SchedulerExecuteSystemProcess
                0x08000354       0x64 Src\Architecture\Scheduler\base\Scheduler.o
 .text.SchedulerNextSystemProcess
                0x080003b8       0xc0 Src\Architecture\Scheduler\base\Scheduler.o
                0x080003b8                SchedulerNextSystemProcess
 .text.diffTime
                0x08000478        0xe Src\Drivers\SwTimer\base\SwTimer.o
 *fill*         0x08000486        0x2 
 .text.getTime  0x08000488        0xc Src\Drivers\SwTimer\base\SwTimer.o
 .text.SwTimerResetTimer
                0x08000494       0x18 Src\Drivers\SwTimer\base\SwTimer.o
                0x08000494                SwTimerResetTimer
 .text.SwTimerStartTimer
                0x080004ac       0x2c Src\Drivers\SwTimer\base\SwTimer.o
                0x080004ac                SwTimerStartTimer
 .text.SwTimerUpdateTimer
                0x080004d8       0x68 Src\Drivers\SwTimer\base\SwTimer.o
                0x080004d8                SwTimerUpdateTimer
 .text.SwTimerIrq
                0x08000540       0x20 Src\Drivers\SwTimer\base\SwTimer.o
                0x08000540                SwTimerIrq
 .text.interruptsInit
                0x08000560       0x30 Src\HAL\Interrupts\base\interrupts.o
                0x08000560                interruptsInit
 .text.interruptsStart
                0x08000590       0x34 Src\HAL\Interrupts\base\interrupts.o
                0x08000590                interruptsStart
 .text.NMI_Handler
                0x080005c4        0x2 Src\HAL\Interrupts\custom\interrupts_it.o
                0x080005c4                NMI_Handler
 .text.HardFault_Handler
                0x080005c6        0x2 Src\HAL\Interrupts\custom\interrupts_it.o
                0x080005c6                HardFault_Handler
 .text.MemManage_Handler
                0x080005c8        0x2 Src\HAL\Interrupts\custom\interrupts_it.o
                0x080005c8                MemManage_Handler
 .text.BusFault_Handler
                0x080005ca        0x2 Src\HAL\Interrupts\custom\interrupts_it.o
                0x080005ca                BusFault_Handler
 .text.UsageFault_Handler
                0x080005cc        0x2 Src\HAL\Interrupts\custom\interrupts_it.o
                0x080005cc                UsageFault_Handler
 .text.SVC_Handler
                0x080005ce        0x2 Src\HAL\Interrupts\custom\interrupts_it.o
                0x080005ce                SVC_Handler
 .text.PendSV_Handler
                0x080005d0        0x2 Src\HAL\Interrupts\custom\interrupts_it.o
                0x080005d0                PendSV_Handler
 .text.SysTick_Handler
                0x080005d2        0x8 Src\HAL\Interrupts\custom\interrupts_it.o
                0x080005d2                SysTick_Handler
 .text.RTC_WKUP_IRQHandler
                0x080005da        0x2 Src\HAL\Interrupts\custom\interrupts_it.o
                0x080005da                RTC_WKUP_IRQHandler
 .text.EXTI0_IRQHandler
                0x080005dc        0x2 Src\HAL\Interrupts\custom\interrupts_it.o
                0x080005dc                EXTI0_IRQHandler
 .text.EXTI1_IRQHandler
                0x080005de        0x2 Src\HAL\Interrupts\custom\interrupts_it.o
                0x080005de                EXTI1_IRQHandler
 .text.EXTI9_5_IRQHandler
                0x080005e0        0xa Src\HAL\Interrupts\custom\interrupts_it.o
                0x080005e0                EXTI9_5_IRQHandler
 .text.USART1_IRQHandler
                0x080005ea        0x8 Src\HAL\Interrupts\custom\interrupts_it.o
                0x080005ea                USART1_IRQHandler
 .text.USART2_IRQHandler
                0x080005f2        0x8 Src\HAL\Interrupts\custom\interrupts_it.o
                0x080005f2                USART2_IRQHandler
 .text.I2C1_EV_IRQHandler
                0x080005fa        0x8 Src\HAL\Interrupts\custom\interrupts_it.o
                0x080005fa                I2C1_EV_IRQHandler
 .text.I2C2_EV_IRQHandler
                0x08000602        0x8 Src\HAL\Interrupts\custom\interrupts_it.o
                0x08000602                I2C2_EV_IRQHandler
 .text.SPI1_IRQHandler
                0x0800060a        0x8 Src\HAL\Interrupts\custom\interrupts_it.o
                0x0800060a                SPI1_IRQHandler
 .text.SPI2_IRQHandler
                0x08000612        0x8 Src\HAL\Interrupts\custom\interrupts_it.o
                0x08000612                SPI2_IRQHandler
 .text.TIM2_IRQHandler
                0x0800061a        0x2 Src\HAL\Interrupts\custom\interrupts_it.o
                0x0800061a                TIM2_IRQHandler
 .text.TIM3_IRQHandler
                0x0800061c        0x2 Src\HAL\Interrupts\custom\interrupts_it.o
                0x0800061c                TIM3_IRQHandler
 .text.HAL_SYSTICK_Callback
                0x0800061e       0x10 Src\HAL\Interrupts\custom\interrupts_map.o
                0x0800061e                HAL_SYSTICK_Callback
 .text.HAL_GPIO_EXTI_Callback
                0x0800062e        0x2 Src\HAL\Interrupts\custom\interrupts_map.o
                0x0800062e                HAL_GPIO_EXTI_Callback
 .text.HAL_UART1_Callback
                0x08000630        0x2 Src\HAL\Interrupts\custom\interrupts_map.o
                0x08000630                HAL_UART1_Callback
 .text.HAL_UART2_Callback
                0x08000632        0x2 Src\HAL\Interrupts\custom\interrupts_map.o
                0x08000632                HAL_UART2_Callback
 .text.HAL_I2C1_Callback
                0x08000634        0x2 Src\HAL\Interrupts\custom\interrupts_map.o
                0x08000634                HAL_I2C1_Callback
 .text.HAL_I2C2_Callback
                0x08000636        0x2 Src\HAL\Interrupts\custom\interrupts_map.o
                0x08000636                HAL_I2C2_Callback
 .text.HAL_SPI1_Callback
                0x08000638        0x2 Src\HAL\Interrupts\custom\interrupts_map.o
                0x08000638                HAL_SPI1_Callback
 .text.HAL_SPI2_Callback
                0x0800063a        0x2 Src\HAL\Interrupts\custom\interrupts_map.o
                0x0800063a                HAL_SPI2_Callback
 .text.storePowerUpReason
                0x0800063c       0xb4 Src\HAL\System\base\System.o
 .text.watchdogInit
                0x080006f0        0x4 Src\HAL\System\base\System.o
 .text.SystemClock_Config
                0x080006f4       0xb8 Src\HAL\System\base\System.o
 .text.stm32L4Init
                0x080007ac       0x18 Src\HAL\System\base\System.o
                0x080007ac                stm32L4Init
 .text.systemGetCLkFreq
                0x080007c4        0xe Src\HAL\System\base\System.o
                0x080007c4                systemGetCLkFreq
 .text.systemPreConfiguration
                0x080007d2        0x2 Src\HAL\System\base\System.o
                0x080007d2                systemPreConfiguration
 .text.Reset_Handler
                0x080007d4       0x50 libraries\CMSIS\Source\startup_stm32l452xx.o
                0x080007d4                Reset_Handler
 .text.Default_Handler
                0x08000824        0x2 libraries\CMSIS\Source\startup_stm32l452xx.o
                0x08000824                RTC_Alarm_IRQHandler
                0x08000824                EXTI2_IRQHandler
                0x08000824                DebugMon_Handler
                0x08000824                TIM1_CC_IRQHandler
                0x08000824                TSC_IRQHandler
                0x08000824                TAMP_STAMP_IRQHandler
                0x08000824                EXTI3_IRQHandler
                0x08000824                LPTIM2_IRQHandler
                0x08000824                DFSDM1_FLT1_IRQHandler
                0x08000824                I2C3_ER_IRQHandler
                0x08000824                CAN1_RX0_IRQHandler
                0x08000824                FPU_IRQHandler
                0x08000824                TIM1_UP_TIM16_IRQHandler
                0x08000824                TIM6_DAC_IRQHandler
                0x08000824                DMA2_Channel2_IRQHandler
                0x08000824                DMA1_Channel4_IRQHandler
                0x08000824                ADC1_IRQHandler
                0x08000824                USART3_IRQHandler
                0x08000824                DMA1_Channel7_IRQHandler
                0x08000824                CAN1_RX1_IRQHandler
                0x08000824                DMA2_Channel1_IRQHandler
                0x08000824                QUADSPI_IRQHandler
                0x08000824                DMA1_Channel6_IRQHandler
                0x08000824                UART4_IRQHandler
                0x08000824                DMA2_Channel4_IRQHandler
                0x08000824                RCC_IRQHandler
                0x08000824                TIM1_TRG_COM_IRQHandler
                0x08000824                DMA1_Channel1_IRQHandler
                0x08000824                Default_Handler
                0x08000824                DMA2_Channel7_IRQHandler
                0x08000824                EXTI15_10_IRQHandler
                0x08000824                SDMMC1_IRQHandler
                0x08000824                I2C3_EV_IRQHandler
                0x08000824                USB_IRQHandler
                0x08000824                PVD_PVM_IRQHandler
                0x08000824                CAN1_TX_IRQHandler
                0x08000824                DMA2_Channel5_IRQHandler
                0x08000824                CRS_IRQHandler
                0x08000824                DMA1_Channel5_IRQHandler
                0x08000824                EXTI4_IRQHandler
                0x08000824                RNG_IRQHandler
                0x08000824                DMA1_Channel3_IRQHandler
                0x08000824                COMP_IRQHandler
                0x08000824                WWDG_IRQHandler
                0x08000824                I2C4_EV_IRQHandler
                0x08000824                LPUART1_IRQHandler
                0x08000824                DMA2_Channel6_IRQHandler
                0x08000824                DFSDM1_FLT0_IRQHandler
                0x08000824                I2C2_ER_IRQHandler
                0x08000824                DMA1_Channel2_IRQHandler
                0x08000824                CAN1_SCE_IRQHandler
                0x08000824                FLASH_IRQHandler
                0x08000824                SPI3_IRQHandler
                0x08000824                I2C1_ER_IRQHandler
                0x08000824                LPTIM1_IRQHandler
                0x08000824                I2C4_ER_IRQHandler
                0x08000824                SAI1_IRQHandler
                0x08000824                DMA2_Channel3_IRQHandler
                0x08000824                TIM1_BRK_TIM15_IRQHandler
 *fill*         0x08000826        0x2 
 .text.SystemInit
                0x08000828       0x48 libraries\CMSIS\Source\system_stm32l4xx.o
                0x08000828                SystemInit
 .text.HAL_InitTick
                0x08000870       0x2c libraries\ST_HAL\Src\stm32l4xx_hal.o
                0x08000870                HAL_InitTick
 .text.HAL_IncTick
                0x0800089c       0x10 libraries\ST_HAL\Src\stm32l4xx_hal.o
                0x0800089c                HAL_IncTick
 .text.HAL_GetTick
                0x080008ac        0xc libraries\ST_HAL\Src\stm32l4xx_hal.o
                0x080008ac                HAL_GetTick
 .text.HAL_NVIC_SetPriority
                0x080008b8       0x64 libraries\ST_HAL\Src\stm32l4xx_hal_cortex.o
                0x080008b8                HAL_NVIC_SetPriority
 .text.HAL_NVIC_EnableIRQ
                0x0800091c       0x18 libraries\ST_HAL\Src\stm32l4xx_hal_cortex.o
                0x0800091c                HAL_NVIC_EnableIRQ
 .text.HAL_SYSTICK_Config
                0x08000934       0x2c libraries\ST_HAL\Src\stm32l4xx_hal_cortex.o
                0x08000934                HAL_SYSTICK_Config
 .text.HAL_SYSTICK_CLKSourceConfig
                0x08000960       0x20 libraries\ST_HAL\Src\stm32l4xx_hal_cortex.o
                0x08000960                HAL_SYSTICK_CLKSourceConfig
 .text.HAL_SYSTICK_IRQHandler
                0x08000980        0x8 libraries\ST_HAL\Src\stm32l4xx_hal_cortex.o
                0x08000980                HAL_SYSTICK_IRQHandler
 .text.HAL_GPIO_EXTI_IRQHandler
                0x08000988       0x1c libraries\ST_HAL\Src\stm32l4xx_hal_gpio.o
                0x08000988                HAL_GPIO_EXTI_IRQHandler
 .text.HAL_PWREx_GetVoltageRange
                0x080009a4       0x10 libraries\ST_HAL\Src\stm32l4xx_hal_pwr_ex.o
                0x080009a4                HAL_PWREx_GetVoltageRange
 .text.HAL_PWREx_ControlVoltageScaling
                0x080009b4       0x90 libraries\ST_HAL\Src\stm32l4xx_hal_pwr_ex.o
                0x080009b4                HAL_PWREx_ControlVoltageScaling
 .text.RCC_SetFlashLatencyFromMSIRange
                0x08000a44       0x90 libraries\ST_HAL\Src\stm32l4xx_hal_rcc.o
 .text.HAL_RCC_GetSysClockFreq
                0x08000ad4      0x100 libraries\ST_HAL\Src\stm32l4xx_hal_rcc.o
                0x08000ad4                HAL_RCC_GetSysClockFreq
 .text.HAL_RCC_OscConfig
                0x08000bd4      0x5cc libraries\ST_HAL\Src\stm32l4xx_hal_rcc.o
                0x08000bd4                HAL_RCC_OscConfig
 .text.HAL_RCC_ClockConfig
                0x080011a0      0x1ac libraries\ST_HAL\Src\stm32l4xx_hal_rcc.o
                0x080011a0                HAL_RCC_ClockConfig
 .text.HAL_RCC_GetHCLKFreq
                0x0800134c        0xc libraries\ST_HAL\Src\stm32l4xx_hal_rcc.o
                0x0800134c                HAL_RCC_GetHCLKFreq
 .text.__libc_init_array
                0x08001358       0x48 c:/program files (x86)/atollic/truestudio for stm32 9.0.1/armtools/bin/../lib/gcc/arm-atollic-eabi/6.3.1/../../../../arm-atollic-eabi/lib/armv7e-m/fpu\libc_nano.a(lib_a-init.o)
                0x08001358                __libc_init_array
 *(.glue_7)
 .glue_7        0x080013a0        0x0 linker stubs
 *(.glue_7t)
 .glue_7t       0x080013a0        0x0 linker stubs
 *(.eh_frame)
 .eh_frame      0x080013a0        0x0 c:/program files (x86)/atollic/truestudio for stm32 9.0.1/armtools/bin/../lib/gcc/arm-atollic-eabi/6.3.1/armv7e-m/fpu/crtbegin.o
 *(.init)
 .init          0x080013a0        0x4 c:/program files (x86)/atollic/truestudio for stm32 9.0.1/armtools/bin/../lib/gcc/arm-atollic-eabi/6.3.1/armv7e-m/fpu/crti.o
                0x080013a0                _init
 .init          0x080013a4        0x8 c:/program files (x86)/atollic/truestudio for stm32 9.0.1/armtools/bin/../lib/gcc/arm-atollic-eabi/6.3.1/armv7e-m/fpu/crtn.o
 *(.fini)
 .fini          0x080013ac        0x4 c:/program files (x86)/atollic/truestudio for stm32 9.0.1/armtools/bin/../lib/gcc/arm-atollic-eabi/6.3.1/armv7e-m/fpu/crti.o
                0x080013ac                _fini
 .fini          0x080013b0        0x8 c:/program files (x86)/atollic/truestudio for stm32 9.0.1/armtools/bin/../lib/gcc/arm-atollic-eabi/6.3.1/armv7e-m/fpu/crtn.o
                0x080013b8                . = ALIGN (0x4)
                0x080013b8                _etext = .

.vfp11_veneer   0x080013b8        0x0
 .vfp11_veneer  0x080013b8        0x0 linker stubs

.v4_bx          0x080013b8        0x0
 .v4_bx         0x080013b8        0x0 linker stubs

.iplt           0x080013b8        0x0
 .iplt          0x080013b8        0x0 c:/program files (x86)/atollic/truestudio for stm32 9.0.1/armtools/bin/../lib/gcc/arm-atollic-eabi/6.3.1/armv7e-m/fpu/crtbegin.o

.rodata         0x080013b8       0xac
                0x080013b8                . = ALIGN (0x4)
 *(.rodata)
 *(.rodata*)
 .rodata.SchedulerInstanceMap
                0x080013b8       0x18 Src\Architecture\Scheduler\custom\Scheduler_map.o
                0x080013b8                SchedulerInstanceMap
 .rodata.SystemMap
                0x080013d0       0x54 Src\HAL\System\custom\System_map.o
                0x080013d0                SystemMap
 .rodata.AHBPrescTable
                0x08001424       0x10 libraries\CMSIS\Source\system_stm32l4xx.o
                0x08001424                AHBPrescTable
 .rodata.MSIRangeTable
                0x08001434       0x30 libraries\CMSIS\Source\system_stm32l4xx.o
                0x08001434                MSIRangeTable
                0x08001464                . = ALIGN (0x4)

.rel.dyn        0x08001464        0x0
 .rel.iplt      0x08001464        0x0 c:/program files (x86)/atollic/truestudio for stm32 9.0.1/armtools/bin/../lib/gcc/arm-atollic-eabi/6.3.1/armv7e-m/fpu/crtbegin.o

.ARM.extab
 *(.ARM.extab* .gnu.linkonce.armextab.*)

.ARM            0x08001464        0x0
                0x08001464                __exidx_start = .
 *(.ARM.exidx*)
                0x08001464                __exidx_end = .

.preinit_array  0x08001464        0x0
                0x08001464                PROVIDE (__preinit_array_start, .)
 *(.preinit_array*)
                0x08001464                PROVIDE (__preinit_array_end, .)

.init_array     0x08001464        0x4
                0x08001464                PROVIDE (__init_array_start, .)
 *(SORT(.init_array.*))
 *(.init_array*)
 .init_array    0x08001464        0x4 c:/program files (x86)/atollic/truestudio for stm32 9.0.1/armtools/bin/../lib/gcc/arm-atollic-eabi/6.3.1/armv7e-m/fpu/crtbegin.o
                0x08001468                PROVIDE (__init_array_end, .)

.fini_array     0x08001468        0x4
                [!provide]                PROVIDE (__fini_array_start, .)
 *(SORT(.fini_array.*))
 *(.fini_array*)
 .fini_array    0x08001468        0x4 c:/program files (x86)/atollic/truestudio for stm32 9.0.1/armtools/bin/../lib/gcc/arm-atollic-eabi/6.3.1/armv7e-m/fpu/crtbegin.o
                [!provide]                PROVIDE (__fini_array_end, .)
                0x0800146c                _sidata = LOADADDR (.data)

.data           0x20000000       0x3c load address 0x0800146c
                0x20000000                . = ALIGN (0x4)
                0x20000000                _sdata = .
 *(.data)
 *(.data*)
 .data.interruptsInstanceMap
                0x20000000       0x38 Src\HAL\Interrupts\custom\interrupts_map.o
                0x20000000                interruptsInstanceMap
 .data.SystemCoreClock
                0x20000038        0x4 libraries\CMSIS\Source\system_stm32l4xx.o
                0x20000038                SystemCoreClock
                0x2000003c                . = ALIGN (0x4)
                0x2000003c                _edata = .
                0x080014a8                _siram2 = LOADADDR (.ram2)

.igot.plt       0x2000003c        0x0 load address 0x080014a8
 .igot.plt      0x2000003c        0x0 c:/program files (x86)/atollic/truestudio for stm32 9.0.1/armtools/bin/../lib/gcc/arm-atollic-eabi/6.3.1/armv7e-m/fpu/crtbegin.o

.ram2           0x10000000        0x0 load address 0x080014a8
                0x10000000                . = ALIGN (0x4)
                0x10000000                _sram2 = .
 *(.ram2)
 *(.ram2*)
                0x10000000                . = ALIGN (0x4)
                0x10000000                _eram2 = .
                0x10000000                . = ALIGN (0x4)

.bss            0x2000003c       0x74
                0x2000003c                _sbss = .
                0x2000003c                __bss_start__ = _sbss
 *(.bss)
 .bss           0x2000003c       0x1c c:/program files (x86)/atollic/truestudio for stm32 9.0.1/armtools/bin/../lib/gcc/arm-atollic-eabi/6.3.1/armv7e-m/fpu/crtbegin.o
 *(.bss*)
 .bss.SwTimersArray
                0x20000058       0x10 Src\Drivers\SwTimer\base\SwTimer.o
 .bss.timeMs    0x20000068        0x4 Src\Drivers\SwTimer\base\SwTimer.o
 .bss.powerUpReason
                0x2000006c        0x1 Src\HAL\System\base\System.o
                0x2000006c                powerUpReason
 *(COMMON)
 *fill*         0x2000006d        0x3 
 COMMON         0x20000070       0x3c Src\Architecture\Scheduler\base\Scheduler.o
                0x20000070                ticks_per_us
                0x20000074                schedulerContext
                0x200000a4                ptrTask
                0x200000a8                schedulerProcess
 COMMON         0x200000ac        0x4 libraries\ST_HAL\Src\stm32l4xx_hal.o
                0x200000ac                uwTick
                0x200000b0                . = ALIGN (0x4)
                0x200000b0                _ebss = .
                0x200000b0                __bss_end__ = _ebss

._user_heap_stack
                0x200000b0      0x400
                0x200000b0                . = ALIGN (0x4)
                [!provide]                PROVIDE (end, .)
                [!provide]                PROVIDE (_end, .)
                0x200000b0                . = (. + _Min_Heap_Size)
                0x200004b0                . = (. + _Min_Stack_Size)
 *fill*         0x200000b0      0x400 
                0x200004b0                . = ALIGN (0x4)

.memory_b1_text
 *(.mb1text)
 *(.mb1text*)
 *(.mb1rodata)
 *(.mb1rodata*)

/DISCARD/
 libc.a(*)
 libm.a(*)
 libgcc.a(*)

.ARM.attributes
                0x00000000       0x30
 *(.ARM.attributes)
 .ARM.attributes
                0x00000000       0x22 c:/program files (x86)/atollic/truestudio for stm32 9.0.1/armtools/bin/../lib/gcc/arm-atollic-eabi/6.3.1/armv7e-m/fpu/crti.o
 .ARM.attributes
                0x00000022       0x34 c:/program files (x86)/atollic/truestudio for stm32 9.0.1/armtools/bin/../lib/gcc/arm-atollic-eabi/6.3.1/armv7e-m/fpu/crtbegin.o
 .ARM.attributes
                0x00000056       0x39 Src\Applications\Main\main.o
 .ARM.attributes
                0x0000008f       0x39 Src\Architecture\Scheduler\base\Scheduler.o
 .ARM.attributes
                0x000000c8       0x39 Src\Architecture\Scheduler\custom\Scheduler_map.o
 .ARM.attributes
                0x00000101       0x39 Src\Drivers\SwTimer\base\SwTimer.o
 .ARM.attributes
                0x0000013a       0x39 Src\HAL\Interrupts\base\interrupts.o
 .ARM.attributes
                0x00000173       0x39 Src\HAL\Interrupts\custom\interrupts_it.o
 .ARM.attributes
                0x000001ac       0x39 Src\HAL\Interrupts\custom\interrupts_map.o
 .ARM.attributes
                0x000001e5       0x39 Src\HAL\System\base\System.o
 .ARM.attributes
                0x0000021e       0x39 Src\HAL\System\custom\System_map.o
 .ARM.attributes
                0x00000257       0x21 libraries\CMSIS\Source\startup_stm32l452xx.o
 .ARM.attributes
                0x00000278       0x39 libraries\CMSIS\Source\system_stm32l4xx.o
 .ARM.attributes
                0x000002b1       0x39 libraries\ST_HAL\Src\stm32l4xx_hal.o
 .ARM.attributes
                0x000002ea       0x39 libraries\ST_HAL\Src\stm32l4xx_hal_cortex.o
 .ARM.attributes
                0x00000323       0x39 libraries\ST_HAL\Src\stm32l4xx_hal_gpio.o
 .ARM.attributes
                0x0000035c       0x39 libraries\ST_HAL\Src\stm32l4xx_hal_pwr_ex.o
 .ARM.attributes
                0x00000395       0x39 libraries\ST_HAL\Src\stm32l4xx_hal_rcc.o
 .ARM.attributes
                0x000003ce       0x34 c:/program files (x86)/atollic/truestudio for stm32 9.0.1/armtools/bin/../lib/gcc/arm-atollic-eabi/6.3.1/../../../../arm-atollic-eabi/lib/armv7e-m/fpu\libc_nano.a(lib_a-init.o)
 .ARM.attributes
                0x00000402       0x22 c:/program files (x86)/atollic/truestudio for stm32 9.0.1/armtools/bin/../lib/gcc/arm-atollic-eabi/6.3.1/armv7e-m/fpu/crtn.o
OUTPUT(L4_Example_Project.elf elf32-littlearm)

.debug_info     0x00000000     0xfa50
 .debug_info    0x00000000      0xa03 Src\Applications\Main\main.o
 .debug_info    0x00000a03      0xe53 Src\Architecture\Scheduler\base\Scheduler.o
 .debug_info    0x00001856      0xa0b Src\Architecture\Scheduler\custom\Scheduler_map.o
 .debug_info    0x00002261      0xf88 Src\Drivers\SwTimer\base\SwTimer.o
 .debug_info    0x000031e9     0x1363 Src\HAL\Interrupts\base\interrupts.o
 .debug_info    0x0000454c      0xffb Src\HAL\Interrupts\custom\interrupts_it.o
 .debug_info    0x00005547     0x1190 Src\HAL\Interrupts\custom\interrupts_map.o
 .debug_info    0x000066d7     0x17a5 Src\HAL\System\base\System.o
 .debug_info    0x00007e7c      0xadc Src\HAL\System\custom\System_map.o
 .debug_info    0x00008958       0x99 libraries\CMSIS\Source\startup_stm32l452xx.o
 .debug_info    0x000089f1      0xde8 libraries\CMSIS\Source\system_stm32l4xx.o
 .debug_info    0x000097d9     0x12d0 libraries\ST_HAL\Src\stm32l4xx_hal.o
 .debug_info    0x0000aaa9     0x1726 libraries\ST_HAL\Src\stm32l4xx_hal_cortex.o
 .debug_info    0x0000c1cf     0x1082 libraries\ST_HAL\Src\stm32l4xx_hal_gpio.o
 .debug_info    0x0000d251     0x124f libraries\ST_HAL\Src\stm32l4xx_hal_pwr_ex.o
 .debug_info    0x0000e4a0     0x15b0 libraries\ST_HAL\Src\stm32l4xx_hal_rcc.o

.debug_abbrev   0x00000000     0x250b
 .debug_abbrev  0x00000000      0x1b0 Src\Applications\Main\main.o
 .debug_abbrev  0x000001b0      0x2f0 Src\Architecture\Scheduler\base\Scheduler.o
 .debug_abbrev  0x000004a0      0x19c Src\Architecture\Scheduler\custom\Scheduler_map.o
 .debug_abbrev  0x0000063c      0x2c1 Src\Drivers\SwTimer\base\SwTimer.o
 .debug_abbrev  0x000008fd      0x2af Src\HAL\Interrupts\base\interrupts.o
 .debug_abbrev  0x00000bac      0x23a Src\HAL\Interrupts\custom\interrupts_it.o
 .debug_abbrev  0x00000de6      0x21a Src\HAL\Interrupts\custom\interrupts_map.o
 .debug_abbrev  0x00001000      0x3b4 Src\HAL\System\base\System.o
 .debug_abbrev  0x000013b4      0x16d Src\HAL\System\custom\System_map.o
 .debug_abbrev  0x00001521       0x12 libraries\CMSIS\Source\startup_stm32l452xx.o
 .debug_abbrev  0x00001533      0x1eb libraries\CMSIS\Source\system_stm32l4xx.o
 .debug_abbrev  0x0000171e      0x2b1 libraries\ST_HAL\Src\stm32l4xx_hal.o
 .debug_abbrev  0x000019cf      0x38c libraries\ST_HAL\Src\stm32l4xx_hal_cortex.o
 .debug_abbrev  0x00001d5b      0x26a libraries\ST_HAL\Src\stm32l4xx_hal_gpio.o
 .debug_abbrev  0x00001fc5      0x297 libraries\ST_HAL\Src\stm32l4xx_hal_pwr_ex.o
 .debug_abbrev  0x0000225c      0x2af libraries\ST_HAL\Src\stm32l4xx_hal_rcc.o

.debug_aranges  0x00000000      0x7c0
 .debug_aranges
                0x00000000       0x20 Src\Applications\Main\main.o
 .debug_aranges
                0x00000020       0x88 Src\Architecture\Scheduler\base\Scheduler.o
 .debug_aranges
                0x000000a8       0x18 Src\Architecture\Scheduler\custom\Scheduler_map.o
 .debug_aranges
                0x000000c0       0xb8 Src\Drivers\SwTimer\base\SwTimer.o
 .debug_aranges
                0x00000178       0x60 Src\HAL\Interrupts\base\interrupts.o
 .debug_aranges
                0x000001d8       0xc0 Src\HAL\Interrupts\custom\interrupts_it.o
 .debug_aranges
                0x00000298       0x58 Src\HAL\Interrupts\custom\interrupts_map.o
 .debug_aranges
                0x000002f0       0xa8 Src\HAL\System\base\System.o
 .debug_aranges
                0x00000398       0x18 Src\HAL\System\custom\System_map.o
 .debug_aranges
                0x000003b0       0x28 libraries\CMSIS\Source\startup_stm32l452xx.o
 .debug_aranges
                0x000003d8       0x28 libraries\CMSIS\Source\system_stm32l4xx.o
 .debug_aranges
                0x00000400      0x118 libraries\ST_HAL\Src\stm32l4xx_hal.o
 .debug_aranges
                0x00000518       0xa8 libraries\ST_HAL\Src\stm32l4xx_hal_cortex.o
 .debug_aranges
                0x000005c0       0x58 libraries\ST_HAL\Src\stm32l4xx_hal_gpio.o
 .debug_aranges
                0x00000618      0x120 libraries\ST_HAL\Src\stm32l4xx_hal_pwr_ex.o
 .debug_aranges
                0x00000738       0x88 libraries\ST_HAL\Src\stm32l4xx_hal_rcc.o

.debug_ranges   0x00000000      0x790
 .debug_ranges  0x00000000       0x10 Src\Applications\Main\main.o
 .debug_ranges  0x00000010       0x78 Src\Architecture\Scheduler\base\Scheduler.o
 .debug_ranges  0x00000088       0xa8 Src\Drivers\SwTimer\base\SwTimer.o
 .debug_ranges  0x00000130       0x50 Src\HAL\Interrupts\base\interrupts.o
 .debug_ranges  0x00000180       0xb0 Src\HAL\Interrupts\custom\interrupts_it.o
 .debug_ranges  0x00000230       0x48 Src\HAL\Interrupts\custom\interrupts_map.o
 .debug_ranges  0x00000278       0xf8 Src\HAL\System\base\System.o
 .debug_ranges  0x00000370       0x20 libraries\CMSIS\Source\startup_stm32l452xx.o
 .debug_ranges  0x00000390       0x18 libraries\CMSIS\Source\system_stm32l4xx.o
 .debug_ranges  0x000003a8      0x108 libraries\ST_HAL\Src\stm32l4xx_hal.o
 .debug_ranges  0x000004b0       0xf8 libraries\ST_HAL\Src\stm32l4xx_hal_cortex.o
 .debug_ranges  0x000005a8       0x48 libraries\ST_HAL\Src\stm32l4xx_hal_gpio.o
 .debug_ranges  0x000005f0      0x110 libraries\ST_HAL\Src\stm32l4xx_hal_pwr_ex.o
 .debug_ranges  0x00000700       0x90 libraries\ST_HAL\Src\stm32l4xx_hal_rcc.o

.debug_line     0x00000000     0x4b34
 .debug_line    0x00000000      0x3ec Src\Applications\Main\main.o
 .debug_line    0x000003ec      0x587 Src\Architecture\Scheduler\base\Scheduler.o
 .debug_line    0x00000973      0x32b Src\Architecture\Scheduler\custom\Scheduler_map.o
 .debug_line    0x00000c9e      0x544 Src\Drivers\SwTimer\base\SwTimer.o
 .debug_line    0x000011e2      0x605 Src\HAL\Interrupts\base\interrupts.o
 .debug_line    0x000017e7      0x5c2 Src\HAL\Interrupts\custom\interrupts_it.o
 .debug_line    0x00001da9      0x614 Src\HAL\Interrupts\custom\interrupts_map.o
 .debug_line    0x000023bd      0x5f9 Src\HAL\System\base\System.o
 .debug_line    0x000029b6      0x29a Src\HAL\System\custom\System_map.o
 .debug_line    0x00002c50       0x8e libraries\CMSIS\Source\startup_stm32l452xx.o
 .debug_line    0x00002cde      0x2b7 libraries\CMSIS\Source\system_stm32l4xx.o
 .debug_line    0x00002f95      0x526 libraries\ST_HAL\Src\stm32l4xx_hal.o
 .debug_line    0x000034bb      0x4e8 libraries\ST_HAL\Src\stm32l4xx_hal_cortex.o
 .debug_line    0x000039a3      0x444 libraries\ST_HAL\Src\stm32l4xx_hal_gpio.o
 .debug_line    0x00003de7      0x6cf libraries\ST_HAL\Src\stm32l4xx_hal_pwr_ex.o
 .debug_line    0x000044b6      0x67e libraries\ST_HAL\Src\stm32l4xx_hal_rcc.o

.debug_str      0x00000000     0x2fce
 .debug_str     0x00000000      0x656 Src\Applications\Main\main.o
                                0x6e0 (size before relaxing)
 .debug_str     0x00000656      0x3d5 Src\Architecture\Scheduler\base\Scheduler.o
                                0xa7b (size before relaxing)
 .debug_str     0x00000a2b       0x35 Src\Architecture\Scheduler\custom\Scheduler_map.o
                                0x743 (size before relaxing)
 .debug_str     0x00000a60      0x355 Src\Drivers\SwTimer\base\SwTimer.o
                                0x9b9 (size before relaxing)
 .debug_str     0x00000db5      0x8ed Src\HAL\Interrupts\base\interrupts.o
                               0x10d6 (size before relaxing)
 .debug_str     0x000016a2      0x22c Src\HAL\Interrupts\custom\interrupts_it.o
                                0xc01 (size before relaxing)
 .debug_str     0x000018ce       0x6f Src\HAL\Interrupts\custom\interrupts_map.o
                               0x106a (size before relaxing)
 .debug_str     0x0000193d      0x7f7 Src\HAL\System\base\System.o
                                0xf6b (size before relaxing)
 .debug_str     0x00002134       0x26 Src\HAL\System\custom\System_map.o
                                0x7dd (size before relaxing)
 .debug_str     0x0000215a       0x72 libraries\CMSIS\Source\system_stm32l4xx.o
                                0x858 (size before relaxing)
 .debug_str     0x000021cc      0x3a9 libraries\ST_HAL\Src\stm32l4xx_hal.o
                               0x103c (size before relaxing)
 .debug_str     0x00002575      0x2e5 libraries\ST_HAL\Src\stm32l4xx_hal_cortex.o
                                0xfed (size before relaxing)
 .debug_str     0x0000285a      0x183 libraries\ST_HAL\Src\stm32l4xx_hal_gpio.o
                                0x9ec (size before relaxing)
 .debug_str     0x000029dd      0x428 libraries\ST_HAL\Src\stm32l4xx_hal_pwr_ex.o
                                0xc02 (size before relaxing)
 .debug_str     0x00002e05      0x1c9 libraries\ST_HAL\Src\stm32l4xx_hal_rcc.o
                                0xc5f (size before relaxing)

.comment        0x00000000       0x7c
 .comment       0x00000000       0x7c Src\Applications\Main\main.o
                                 0x7d (size before relaxing)
 .comment       0x0000007c       0x7d Src\Architecture\Scheduler\base\Scheduler.o
 .comment       0x0000007c       0x7d Src\Architecture\Scheduler\custom\Scheduler_map.o
 .comment       0x0000007c       0x7d Src\Drivers\SwTimer\base\SwTimer.o
 .comment       0x0000007c       0x7d Src\HAL\Interrupts\base\interrupts.o
 .comment       0x0000007c       0x7d Src\HAL\Interrupts\custom\interrupts_it.o
 .comment       0x0000007c       0x7d Src\HAL\Interrupts\custom\interrupts_map.o
 .comment       0x0000007c       0x7d Src\HAL\System\base\System.o
 .comment       0x0000007c       0x7d Src\HAL\System\custom\System_map.o
 .comment       0x0000007c       0x7d libraries\CMSIS\Source\system_stm32l4xx.o
 .comment       0x0000007c       0x7d libraries\ST_HAL\Src\stm32l4xx_hal.o
 .comment       0x0000007c       0x7d libraries\ST_HAL\Src\stm32l4xx_hal_cortex.o
 .comment       0x0000007c       0x7d libraries\ST_HAL\Src\stm32l4xx_hal_gpio.o
 .comment       0x0000007c       0x7d libraries\ST_HAL\Src\stm32l4xx_hal_pwr_ex.o
 .comment       0x0000007c       0x7d libraries\ST_HAL\Src\stm32l4xx_hal_rcc.o

.debug_frame    0x00000000      0xff0
 .debug_frame   0x00000000       0x28 Src\Applications\Main\main.o
 .debug_frame   0x00000028      0x140 Src\Architecture\Scheduler\base\Scheduler.o
 .debug_frame   0x00000168      0x194 Src\Drivers\SwTimer\base\SwTimer.o
 .debug_frame   0x000002fc       0xd4 Src\HAL\Interrupts\base\interrupts.o
 .debug_frame   0x000003d0      0x1a0 Src\HAL\Interrupts\custom\interrupts_it.o
 .debug_frame   0x00000570       0x98 Src\HAL\Interrupts\custom\interrupts_map.o
 .debug_frame   0x00000608      0x19c Src\HAL\System\base\System.o
 .debug_frame   0x000007a4       0x30 libraries\CMSIS\Source\system_stm32l4xx.o
 .debug_frame   0x000007d4      0x23c libraries\ST_HAL\Src\stm32l4xx_hal.o
 .debug_frame   0x00000a10      0x15c libraries\ST_HAL\Src\stm32l4xx_hal_cortex.o
 .debug_frame   0x00000b6c       0xd0 libraries\ST_HAL\Src\stm32l4xx_hal_gpio.o
 .debug_frame   0x00000c3c      0x228 libraries\ST_HAL\Src\stm32l4xx_hal_pwr_ex.o
 .debug_frame   0x00000e64      0x160 libraries\ST_HAL\Src\stm32l4xx_hal_rcc.o
 .debug_frame   0x00000fc4       0x2c c:/program files (x86)/atollic/truestudio for stm32 9.0.1/armtools/bin/../lib/gcc/arm-atollic-eabi/6.3.1/../../../../arm-atollic-eabi/lib/armv7e-m/fpu\libc_nano.a(lib_a-init.o)

.debug_loc      0x00000000     0x25f3
 .debug_loc     0x00000000      0x273 Src\Architecture\Scheduler\base\Scheduler.o
 .debug_loc     0x00000273      0x4b0 Src\Drivers\SwTimer\base\SwTimer.o
 .debug_loc     0x00000723      0x255 Src\HAL\Interrupts\base\interrupts.o
 .debug_loc     0x00000978      0x34a Src\HAL\System\base\System.o
 .debug_loc     0x00000cc2      0x1e4 libraries\CMSIS\Source\system_stm32l4xx.o
 .debug_loc     0x00000ea6       0xf8 libraries\ST_HAL\Src\stm32l4xx_hal.o
 .debug_loc     0x00000f9e      0x5ce libraries\ST_HAL\Src\stm32l4xx_hal_cortex.o
 .debug_loc     0x0000156c      0x331 libraries\ST_HAL\Src\stm32l4xx_hal_gpio.o
 .debug_loc     0x0000189d      0x733 libraries\ST_HAL\Src\stm32l4xx_hal_pwr_ex.o
 .debug_loc     0x00001fd0      0x623 libraries\ST_HAL\Src\stm32l4xx_hal_rcc.o

Cross Reference Table

Symbol                                            File
ADC1_IRQHandler                                   libraries\CMSIS\Source\startup_stm32l452xx.o
ADC_IRQHandler                                    Src\HAL\Interrupts\custom\interrupts_it.o
AHBPrescTable                                     libraries\CMSIS\Source\system_stm32l4xx.o
                                                  libraries\ST_HAL\Src\stm32l4xx_hal_rcc.o
APBPrescTable                                     libraries\CMSIS\Source\system_stm32l4xx.o
                                                  libraries\ST_HAL\Src\stm32l4xx_hal_rcc.o
AddCheckCalc                                      Src\Architecture\tools\basic\base\CheckCalc.o
AddQueueByte                                      Src\Architecture\tools\basic\base\CircularBuffer.o
BusFault_Handler                                  Src\HAL\Interrupts\custom\interrupts_it.o
CAN1_RX0_IRQHandler                               libraries\CMSIS\Source\startup_stm32l452xx.o
CAN1_RX1_IRQHandler                               libraries\CMSIS\Source\startup_stm32l452xx.o
CAN1_SCE_IRQHandler                               libraries\CMSIS\Source\startup_stm32l452xx.o
CAN1_TX_IRQHandler                                libraries\CMSIS\Source\startup_stm32l452xx.o
COMP_IRQHandler                                   libraries\CMSIS\Source\startup_stm32l452xx.o
CRS_IRQHandler                                    libraries\CMSIS\Source\startup_stm32l452xx.o
ClearQueue                                        Src\Architecture\tools\basic\base\CircularBuffer.o
Crc8                                              Src\Architecture\tools\basic\base\crc.o
CreateQueue                                       Src\Architecture\tools\basic\base\CircularBuffer.o
DFSDM1_FLT0_IRQHandler                            libraries\CMSIS\Source\startup_stm32l452xx.o
DFSDM1_FLT1_IRQHandler                            libraries\CMSIS\Source\startup_stm32l452xx.o
DMA1_Channel1_IRQHandler                          libraries\CMSIS\Source\startup_stm32l452xx.o
DMA1_Channel2_IRQHandler                          libraries\CMSIS\Source\startup_stm32l452xx.o
DMA1_Channel3_IRQHandler                          libraries\CMSIS\Source\startup_stm32l452xx.o
DMA1_Channel4_IRQHandler                          libraries\CMSIS\Source\startup_stm32l452xx.o
DMA1_Channel5_IRQHandler                          libraries\CMSIS\Source\startup_stm32l452xx.o
DMA1_Channel6_IRQHandler                          libraries\CMSIS\Source\startup_stm32l452xx.o
DMA1_Channel7_IRQHandler                          libraries\CMSIS\Source\startup_stm32l452xx.o
DMA2_Channel1_IRQHandler                          libraries\CMSIS\Source\startup_stm32l452xx.o
DMA2_Channel2_IRQHandler                          libraries\CMSIS\Source\startup_stm32l452xx.o
DMA2_Channel3_IRQHandler                          libraries\CMSIS\Source\startup_stm32l452xx.o
DMA2_Channel4_IRQHandler                          libraries\CMSIS\Source\startup_stm32l452xx.o
DMA2_Channel5_IRQHandler                          libraries\CMSIS\Source\startup_stm32l452xx.o
DMA2_Channel6_IRQHandler                          libraries\CMSIS\Source\startup_stm32l452xx.o
DMA2_Channel7_IRQHandler                          libraries\CMSIS\Source\startup_stm32l452xx.o
DebugMon_Handler                                  libraries\CMSIS\Source\startup_stm32l452xx.o
DecreaseQueueWriteIndex                           Src\Architecture\tools\basic\base\CircularBuffer.o
Default_Handler                                   libraries\CMSIS\Source\startup_stm32l452xx.o
EXTI0_IRQHandler                                  Src\HAL\Interrupts\custom\interrupts_it.o
EXTI15_10_IRQHandler                              libraries\CMSIS\Source\startup_stm32l452xx.o
EXTI1_IRQHandler                                  Src\HAL\Interrupts\custom\interrupts_it.o
EXTI2_IRQHandler                                  libraries\CMSIS\Source\startup_stm32l452xx.o
EXTI3_IRQHandler                                  libraries\CMSIS\Source\startup_stm32l452xx.o
EXTI4_IRQHandler                                  libraries\CMSIS\Source\startup_stm32l452xx.o
EXTI9_5_IRQHandler                                Src\HAL\Interrupts\custom\interrupts_it.o
FLASH_FlushCaches                                 libraries\ST_HAL\Src\stm32l4xx_hal_flash_ex.o
                                                  libraries\ST_HAL\Src\stm32l4xx_hal_flash.o
FLASH_IRQHandler                                  libraries\CMSIS\Source\startup_stm32l452xx.o
FLASH_PageErase                                   libraries\ST_HAL\Src\stm32l4xx_hal_flash_ex.o
                                                  libraries\ST_HAL\Src\stm32l4xx_hal_flash.o
FLASH_WaitForLastOperation                        libraries\ST_HAL\Src\stm32l4xx_hal_flash.o
                                                  libraries\ST_HAL\Src\stm32l4xx_hal_flash_ex.o
FPU_IRQHandler                                    libraries\CMSIS\Source\startup_stm32l452xx.o
GetCheckCalc                                      Src\Architecture\tools\basic\base\CheckCalc.o
GetQueueByte                                      Src\Architecture\tools\basic\base\CircularBuffer.o
GetQueueFreeBytes                                 Src\Architecture\tools\basic\base\CircularBuffer.o
GetQueuePendingBytes                              Src\Architecture\tools\basic\base\CircularBuffer.o
HAL_DBGMCU_DisableDBGSleepMode                    libraries\ST_HAL\Src\stm32l4xx_hal.o
HAL_DBGMCU_DisableDBGStandbyMode                  libraries\ST_HAL\Src\stm32l4xx_hal.o
HAL_DBGMCU_DisableDBGStopMode                     libraries\ST_HAL\Src\stm32l4xx_hal.o
HAL_DBGMCU_EnableDBGSleepMode                     libraries\ST_HAL\Src\stm32l4xx_hal.o
HAL_DBGMCU_EnableDBGStandbyMode                   libraries\ST_HAL\Src\stm32l4xx_hal.o
HAL_DBGMCU_EnableDBGStopMode                      libraries\ST_HAL\Src\stm32l4xx_hal.o
HAL_DMA_Abort                                     libraries\ST_HAL\Src\stm32l4xx_hal_dma.o
                                                  libraries\ST_HAL\Src\stm32l4xx_hal_uart.o
                                                  libraries\ST_HAL\Src\stm32l4xx_hal_spi.o
HAL_DMA_Abort_IT                                  libraries\ST_HAL\Src\stm32l4xx_hal_dma.o
                                                  libraries\ST_HAL\Src\stm32l4xx_hal_uart.o
                                                  libraries\ST_HAL\Src\stm32l4xx_hal_spi.o
                                                  libraries\ST_HAL\Src\stm32l4xx_hal_i2c.o
HAL_DMA_DeInit                                    libraries\ST_HAL\Src\stm32l4xx_hal_dma.o
HAL_DMA_GetError                                  libraries\ST_HAL\Src\stm32l4xx_hal_dma.o
HAL_DMA_GetState                                  libraries\ST_HAL\Src\stm32l4xx_hal_dma.o
HAL_DMA_IRQHandler                                libraries\ST_HAL\Src\stm32l4xx_hal_dma.o
HAL_DMA_Init                                      libraries\ST_HAL\Src\stm32l4xx_hal_dma.o
HAL_DMA_PollForTransfer                           libraries\ST_HAL\Src\stm32l4xx_hal_dma.o
HAL_DMA_RegisterCallback                          libraries\ST_HAL\Src\stm32l4xx_hal_dma.o
HAL_DMA_Start                                     libraries\ST_HAL\Src\stm32l4xx_hal_dma.o
HAL_DMA_Start_IT                                  libraries\ST_HAL\Src\stm32l4xx_hal_dma.o
                                                  libraries\ST_HAL\Src\stm32l4xx_hal_uart.o
                                                  libraries\ST_HAL\Src\stm32l4xx_hal_spi.o
                                                  libraries\ST_HAL\Src\stm32l4xx_hal_i2c.o
HAL_DMA_UnRegisterCallback                        libraries\ST_HAL\Src\stm32l4xx_hal_dma.o
HAL_DeInit                                        libraries\ST_HAL\Src\stm32l4xx_hal.o
HAL_Delay                                         libraries\ST_HAL\Src\stm32l4xx_hal.o
HAL_FLASHEx_DisableRunPowerDown                   libraries\ST_HAL\Src\stm32l4xx_hal_flash_ramfunc.o
HAL_FLASHEx_EnableRunPowerDown                    libraries\ST_HAL\Src\stm32l4xx_hal_flash_ramfunc.o
HAL_FLASHEx_Erase                                 libraries\ST_HAL\Src\stm32l4xx_hal_flash_ex.o
HAL_FLASHEx_Erase_IT                              libraries\ST_HAL\Src\stm32l4xx_hal_flash_ex.o
HAL_FLASHEx_OBGetConfig                           libraries\ST_HAL\Src\stm32l4xx_hal_flash_ex.o
HAL_FLASHEx_OBProgram                             libraries\ST_HAL\Src\stm32l4xx_hal_flash_ex.o
HAL_FLASH_EndOfOperationCallback                  libraries\ST_HAL\Src\stm32l4xx_hal_flash.o
HAL_FLASH_GetError                                libraries\ST_HAL\Src\stm32l4xx_hal_flash.o
HAL_FLASH_IRQHandler                              libraries\ST_HAL\Src\stm32l4xx_hal_flash.o
HAL_FLASH_Lock                                    libraries\ST_HAL\Src\stm32l4xx_hal_flash.o
HAL_FLASH_OB_Launch                               libraries\ST_HAL\Src\stm32l4xx_hal_flash.o
HAL_FLASH_OB_Lock                                 libraries\ST_HAL\Src\stm32l4xx_hal_flash.o
HAL_FLASH_OB_Unlock                               libraries\ST_HAL\Src\stm32l4xx_hal_flash.o
HAL_FLASH_OperationErrorCallback                  libraries\ST_HAL\Src\stm32l4xx_hal_flash.o
HAL_FLASH_Program                                 libraries\ST_HAL\Src\stm32l4xx_hal_flash.o
HAL_FLASH_Program_IT                              libraries\ST_HAL\Src\stm32l4xx_hal_flash.o
HAL_FLASH_Unlock                                  libraries\ST_HAL\Src\stm32l4xx_hal_flash.o
HAL_GPIO_DeInit                                   libraries\ST_HAL\Src\stm32l4xx_hal_gpio.o
                                                  stm32l4xx_hal_msp.o
HAL_GPIO_EXTI_Callback                            Src\HAL\Interrupts\custom\interrupts_map.o
HAL_GPIO_EXTI_IRQHandler                          libraries\ST_HAL\Src\stm32l4xx_hal_gpio.o
                                                  Src\HAL\Interrupts\custom\interrupts_it.o
HAL_GPIO_Init                                     libraries\ST_HAL\Src\stm32l4xx_hal_gpio.o
                                                  stm32l4xx_hal_msp.o
                                                  libraries\ST_HAL\Src\stm32l4xx_hal_rcc_ex.o
                                                  libraries\ST_HAL\Src\stm32l4xx_hal_rcc.o
HAL_GPIO_LockPin                                  libraries\ST_HAL\Src\stm32l4xx_hal_gpio.o
HAL_GPIO_ReadPin                                  libraries\ST_HAL\Src\stm32l4xx_hal_gpio.o
HAL_GPIO_TogglePin                                libraries\ST_HAL\Src\stm32l4xx_hal_gpio.o
HAL_GPIO_WritePin                                 libraries\ST_HAL\Src\stm32l4xx_hal_gpio.o
HAL_GetDEVID                                      libraries\ST_HAL\Src\stm32l4xx_hal.o
HAL_GetHalVersion                                 libraries\ST_HAL\Src\stm32l4xx_hal.o
HAL_GetREVID                                      libraries\ST_HAL\Src\stm32l4xx_hal.o
HAL_GetTick                                       libraries\ST_HAL\Src\stm32l4xx_hal.o
                                                  libraries\ST_HAL\Src\stm32l4xx_hal_uart_ex.o
                                                  libraries\ST_HAL\Src\stm32l4xx_hal_uart.o
                                                  libraries\ST_HAL\Src\stm32l4xx_hal_spi.o
                                                  libraries\ST_HAL\Src\stm32l4xx_hal_rcc_ex.o
                                                  libraries\ST_HAL\Src\stm32l4xx_hal_rcc.o
                                                  libraries\ST_HAL\Src\stm32l4xx_hal_i2c.o
                                                  libraries\ST_HAL\Src\stm32l4xx_hal_flash.o
                                                  libraries\ST_HAL\Src\stm32l4xx_hal_dma.o
HAL_GetUIDw0                                      libraries\ST_HAL\Src\stm32l4xx_hal.o
HAL_GetUIDw1                                      libraries\ST_HAL\Src\stm32l4xx_hal.o
HAL_GetUIDw2                                      libraries\ST_HAL\Src\stm32l4xx_hal.o
HAL_HalfDuplex_EnableReceiver                     libraries\ST_HAL\Src\stm32l4xx_hal_uart.o
HAL_HalfDuplex_EnableTransmitter                  libraries\ST_HAL\Src\stm32l4xx_hal_uart.o
HAL_HalfDuplex_Init                               libraries\ST_HAL\Src\stm32l4xx_hal_uart.o
HAL_I2C1_Callback                                 Src\HAL\Interrupts\custom\interrupts_map.o
                                                  Src\HAL\Interrupts\custom\interrupts_it.o
HAL_I2C2_Callback                                 Src\HAL\Interrupts\custom\interrupts_map.o
                                                  Src\HAL\Interrupts\custom\interrupts_it.o
HAL_I2CEx_ConfigAnalogFilter                      libraries\ST_HAL\Src\stm32l4xx_hal_i2c_ex.o
HAL_I2CEx_ConfigDigitalFilter                     libraries\ST_HAL\Src\stm32l4xx_hal_i2c_ex.o
HAL_I2CEx_DisableFastModePlus                     libraries\ST_HAL\Src\stm32l4xx_hal_i2c_ex.o
HAL_I2CEx_DisableWakeUp                           libraries\ST_HAL\Src\stm32l4xx_hal_i2c_ex.o
HAL_I2CEx_EnableFastModePlus                      libraries\ST_HAL\Src\stm32l4xx_hal_i2c_ex.o
HAL_I2CEx_EnableWakeUp                            libraries\ST_HAL\Src\stm32l4xx_hal_i2c_ex.o
HAL_I2C_AbortCpltCallback                         libraries\ST_HAL\Src\stm32l4xx_hal_i2c.o
HAL_I2C_AddrCallback                              libraries\ST_HAL\Src\stm32l4xx_hal_i2c.o
HAL_I2C_DeInit                                    libraries\ST_HAL\Src\stm32l4xx_hal_i2c.o
HAL_I2C_DisableListen_IT                          libraries\ST_HAL\Src\stm32l4xx_hal_i2c.o
HAL_I2C_ER_IRQHandler                             libraries\ST_HAL\Src\stm32l4xx_hal_i2c.o
HAL_I2C_EV_IRQHandler                             libraries\ST_HAL\Src\stm32l4xx_hal_i2c.o
HAL_I2C_EnableListen_IT                           libraries\ST_HAL\Src\stm32l4xx_hal_i2c.o
HAL_I2C_ErrorCallback                             libraries\ST_HAL\Src\stm32l4xx_hal_i2c.o
HAL_I2C_GetError                                  libraries\ST_HAL\Src\stm32l4xx_hal_i2c.o
HAL_I2C_GetMode                                   libraries\ST_HAL\Src\stm32l4xx_hal_i2c.o
HAL_I2C_GetState                                  libraries\ST_HAL\Src\stm32l4xx_hal_i2c.o
HAL_I2C_Init                                      libraries\ST_HAL\Src\stm32l4xx_hal_i2c.o
HAL_I2C_IsDeviceReady                             libraries\ST_HAL\Src\stm32l4xx_hal_i2c.o
HAL_I2C_ListenCpltCallback                        libraries\ST_HAL\Src\stm32l4xx_hal_i2c.o
HAL_I2C_MasterRxCpltCallback                      libraries\ST_HAL\Src\stm32l4xx_hal_i2c.o
HAL_I2C_MasterTxCpltCallback                      libraries\ST_HAL\Src\stm32l4xx_hal_i2c.o
HAL_I2C_Master_Abort_IT                           libraries\ST_HAL\Src\stm32l4xx_hal_i2c.o
HAL_I2C_Master_Receive                            libraries\ST_HAL\Src\stm32l4xx_hal_i2c.o
HAL_I2C_Master_Receive_DMA                        libraries\ST_HAL\Src\stm32l4xx_hal_i2c.o
HAL_I2C_Master_Receive_IT                         libraries\ST_HAL\Src\stm32l4xx_hal_i2c.o
HAL_I2C_Master_Sequential_Receive_IT              libraries\ST_HAL\Src\stm32l4xx_hal_i2c.o
HAL_I2C_Master_Sequential_Transmit_IT             libraries\ST_HAL\Src\stm32l4xx_hal_i2c.o
HAL_I2C_Master_Transmit                           libraries\ST_HAL\Src\stm32l4xx_hal_i2c.o
HAL_I2C_Master_Transmit_DMA                       libraries\ST_HAL\Src\stm32l4xx_hal_i2c.o
HAL_I2C_Master_Transmit_IT                        libraries\ST_HAL\Src\stm32l4xx_hal_i2c.o
HAL_I2C_MemRxCpltCallback                         libraries\ST_HAL\Src\stm32l4xx_hal_i2c.o
HAL_I2C_MemTxCpltCallback                         libraries\ST_HAL\Src\stm32l4xx_hal_i2c.o
HAL_I2C_Mem_Read                                  libraries\ST_HAL\Src\stm32l4xx_hal_i2c.o
HAL_I2C_Mem_Read_DMA                              libraries\ST_HAL\Src\stm32l4xx_hal_i2c.o
HAL_I2C_Mem_Read_IT                               libraries\ST_HAL\Src\stm32l4xx_hal_i2c.o
HAL_I2C_Mem_Write                                 libraries\ST_HAL\Src\stm32l4xx_hal_i2c.o
HAL_I2C_Mem_Write_DMA                             libraries\ST_HAL\Src\stm32l4xx_hal_i2c.o
HAL_I2C_Mem_Write_IT                              libraries\ST_HAL\Src\stm32l4xx_hal_i2c.o
HAL_I2C_MspDeInit                                 libraries\ST_HAL\Src\stm32l4xx_hal_i2c.o
HAL_I2C_MspInit                                   libraries\ST_HAL\Src\stm32l4xx_hal_i2c.o
HAL_I2C_SlaveRxCpltCallback                       libraries\ST_HAL\Src\stm32l4xx_hal_i2c.o
HAL_I2C_SlaveTxCpltCallback                       libraries\ST_HAL\Src\stm32l4xx_hal_i2c.o
HAL_I2C_Slave_Receive                             libraries\ST_HAL\Src\stm32l4xx_hal_i2c.o
HAL_I2C_Slave_Receive_DMA                         libraries\ST_HAL\Src\stm32l4xx_hal_i2c.o
HAL_I2C_Slave_Receive_IT                          libraries\ST_HAL\Src\stm32l4xx_hal_i2c.o
HAL_I2C_Slave_Sequential_Receive_IT               libraries\ST_HAL\Src\stm32l4xx_hal_i2c.o
HAL_I2C_Slave_Sequential_Transmit_IT              libraries\ST_HAL\Src\stm32l4xx_hal_i2c.o
HAL_I2C_Slave_Transmit                            libraries\ST_HAL\Src\stm32l4xx_hal_i2c.o
HAL_I2C_Slave_Transmit_DMA                        libraries\ST_HAL\Src\stm32l4xx_hal_i2c.o
HAL_I2C_Slave_Transmit_IT                         libraries\ST_HAL\Src\stm32l4xx_hal_i2c.o
HAL_IncTick                                       libraries\ST_HAL\Src\stm32l4xx_hal.o
                                                  Src\HAL\Interrupts\custom\interrupts_map.o
HAL_Init                                          libraries\ST_HAL\Src\stm32l4xx_hal.o
HAL_InitTick                                      libraries\ST_HAL\Src\stm32l4xx_hal.o
                                                  libraries\ST_HAL\Src\stm32l4xx_hal_rcc.o
HAL_LIN_Init                                      libraries\ST_HAL\Src\stm32l4xx_hal_uart.o
HAL_LIN_SendBreak                                 libraries\ST_HAL\Src\stm32l4xx_hal_uart.o
HAL_MPU_ConfigRegion                              libraries\ST_HAL\Src\stm32l4xx_hal_cortex.o
HAL_MPU_Disable                                   libraries\ST_HAL\Src\stm32l4xx_hal_cortex.o
HAL_MPU_Enable                                    libraries\ST_HAL\Src\stm32l4xx_hal_cortex.o
HAL_MspDeInit                                     libraries\ST_HAL\Src\stm32l4xx_hal.o
HAL_MspInit                                       stm32l4xx_hal_msp.o
                                                  libraries\ST_HAL\Src\stm32l4xx_hal.o
HAL_MultiProcessorEx_AddressLength_Set            libraries\ST_HAL\Src\stm32l4xx_hal_uart_ex.o
HAL_MultiProcessor_DisableMuteMode                libraries\ST_HAL\Src\stm32l4xx_hal_uart.o
HAL_MultiProcessor_EnableMuteMode                 libraries\ST_HAL\Src\stm32l4xx_hal_uart.o
HAL_MultiProcessor_EnterMuteMode                  libraries\ST_HAL\Src\stm32l4xx_hal_uart.o
HAL_MultiProcessor_Init                           libraries\ST_HAL\Src\stm32l4xx_hal_uart.o
HAL_NVIC_ClearPendingIRQ                          libraries\ST_HAL\Src\stm32l4xx_hal_cortex.o
HAL_NVIC_DisableIRQ                               libraries\ST_HAL\Src\stm32l4xx_hal_cortex.o
                                                  Src\HAL\Interrupts\base\interrupts.o
HAL_NVIC_EnableIRQ                                libraries\ST_HAL\Src\stm32l4xx_hal_cortex.o
                                                  Src\HAL\Interrupts\base\interrupts.o
HAL_NVIC_GetActive                                libraries\ST_HAL\Src\stm32l4xx_hal_cortex.o
HAL_NVIC_GetPendingIRQ                            libraries\ST_HAL\Src\stm32l4xx_hal_cortex.o
HAL_NVIC_GetPriority                              libraries\ST_HAL\Src\stm32l4xx_hal_cortex.o
HAL_NVIC_GetPriorityGrouping                      libraries\ST_HAL\Src\stm32l4xx_hal_cortex.o
HAL_NVIC_SetPendingIRQ                            libraries\ST_HAL\Src\stm32l4xx_hal_cortex.o
HAL_NVIC_SetPriority                              libraries\ST_HAL\Src\stm32l4xx_hal_cortex.o
                                                  stm32l4xx_hal_msp.o
                                                  libraries\ST_HAL\Src\stm32l4xx_hal.o
                                                  Src\HAL\Interrupts\base\interrupts.o
HAL_NVIC_SetPriorityGrouping                      libraries\ST_HAL\Src\stm32l4xx_hal_cortex.o
                                                  stm32l4xx_hal_msp.o
                                                  libraries\ST_HAL\Src\stm32l4xx_hal.o
HAL_NVIC_SystemReset                              libraries\ST_HAL\Src\stm32l4xx_hal_cortex.o
HAL_PWREx_ConfigPVM                               libraries\ST_HAL\Src\stm32l4xx_hal_pwr_ex.o
HAL_PWREx_ControlVoltageScaling                   libraries\ST_HAL\Src\stm32l4xx_hal_pwr_ex.o
                                                  Src\HAL\System\base\System.o
HAL_PWREx_DisableBatteryCharging                  libraries\ST_HAL\Src\stm32l4xx_hal_pwr_ex.o
HAL_PWREx_DisableGPIOPullDown                     libraries\ST_HAL\Src\stm32l4xx_hal_pwr_ex.o
HAL_PWREx_DisableGPIOPullUp                       libraries\ST_HAL\Src\stm32l4xx_hal_pwr_ex.o
HAL_PWREx_DisableInternalWakeUpLine               libraries\ST_HAL\Src\stm32l4xx_hal_pwr_ex.o
HAL_PWREx_DisableLowPowerRunMode                  libraries\ST_HAL\Src\stm32l4xx_hal_pwr_ex.o
                                                  libraries\ST_HAL\Src\stm32l4xx_hal_pwr.o
HAL_PWREx_DisablePVM1                             libraries\ST_HAL\Src\stm32l4xx_hal_pwr_ex.o
HAL_PWREx_DisablePVM3                             libraries\ST_HAL\Src\stm32l4xx_hal_pwr_ex.o
HAL_PWREx_DisablePVM4                             libraries\ST_HAL\Src\stm32l4xx_hal_pwr_ex.o
HAL_PWREx_DisablePullUpPullDownConfig             libraries\ST_HAL\Src\stm32l4xx_hal_pwr_ex.o
HAL_PWREx_DisableSRAM2ContentRetention            libraries\ST_HAL\Src\stm32l4xx_hal_pwr_ex.o
HAL_PWREx_DisableVddUSB                           libraries\ST_HAL\Src\stm32l4xx_hal_pwr_ex.o
HAL_PWREx_EnableBatteryCharging                   libraries\ST_HAL\Src\stm32l4xx_hal_pwr_ex.o
HAL_PWREx_EnableGPIOPullDown                      libraries\ST_HAL\Src\stm32l4xx_hal_pwr_ex.o
HAL_PWREx_EnableGPIOPullUp                        libraries\ST_HAL\Src\stm32l4xx_hal_pwr_ex.o
HAL_PWREx_EnableInternalWakeUpLine                libraries\ST_HAL\Src\stm32l4xx_hal_pwr_ex.o
HAL_PWREx_EnableLowPowerRunMode                   libraries\ST_HAL\Src\stm32l4xx_hal_pwr_ex.o
                                                  libraries\ST_HAL\Src\stm32l4xx_hal_pwr.o
HAL_PWREx_EnablePVM1                              libraries\ST_HAL\Src\stm32l4xx_hal_pwr_ex.o
HAL_PWREx_EnablePVM3                              libraries\ST_HAL\Src\stm32l4xx_hal_pwr_ex.o
HAL_PWREx_EnablePVM4                              libraries\ST_HAL\Src\stm32l4xx_hal_pwr_ex.o
HAL_PWREx_EnablePullUpPullDownConfig              libraries\ST_HAL\Src\stm32l4xx_hal_pwr_ex.o
HAL_PWREx_EnableSRAM2ContentRetention             libraries\ST_HAL\Src\stm32l4xx_hal_pwr_ex.o
HAL_PWREx_EnableVddUSB                            libraries\ST_HAL\Src\stm32l4xx_hal_pwr_ex.o
HAL_PWREx_EnterSHUTDOWNMode                       libraries\ST_HAL\Src\stm32l4xx_hal_pwr_ex.o
HAL_PWREx_EnterSTOP0Mode                          libraries\ST_HAL\Src\stm32l4xx_hal_pwr_ex.o
                                                  libraries\ST_HAL\Src\stm32l4xx_hal_pwr.o
HAL_PWREx_EnterSTOP1Mode                          libraries\ST_HAL\Src\stm32l4xx_hal_pwr_ex.o
                                                  libraries\ST_HAL\Src\stm32l4xx_hal_pwr.o
HAL_PWREx_EnterSTOP2Mode                          libraries\ST_HAL\Src\stm32l4xx_hal_pwr_ex.o
HAL_PWREx_GetVoltageRange                         libraries\ST_HAL\Src\stm32l4xx_hal_pwr_ex.o
                                                  libraries\ST_HAL\Src\stm32l4xx_hal_rcc.o
HAL_PWREx_PVD_PVM_IRQHandler                      libraries\ST_HAL\Src\stm32l4xx_hal_pwr_ex.o
HAL_PWREx_PVM1Callback                            libraries\ST_HAL\Src\stm32l4xx_hal_pwr_ex.o
HAL_PWREx_PVM3Callback                            libraries\ST_HAL\Src\stm32l4xx_hal_pwr_ex.o
HAL_PWREx_PVM4Callback                            libraries\ST_HAL\Src\stm32l4xx_hal_pwr_ex.o
HAL_PWR_ConfigPVD                                 libraries\ST_HAL\Src\stm32l4xx_hal_pwr.o
HAL_PWR_DeInit                                    libraries\ST_HAL\Src\stm32l4xx_hal_pwr.o
HAL_PWR_DisableBkUpAccess                         libraries\ST_HAL\Src\stm32l4xx_hal_pwr.o
                                                  libraries\ST_HAL\Src\stm32l4xx_hal_rcc_ex.o
HAL_PWR_DisablePVD                                libraries\ST_HAL\Src\stm32l4xx_hal_pwr.o
HAL_PWR_DisableSEVOnPend                          libraries\ST_HAL\Src\stm32l4xx_hal_pwr.o
HAL_PWR_DisableSleepOnExit                        libraries\ST_HAL\Src\stm32l4xx_hal_pwr.o
HAL_PWR_DisableWakeUpPin                          libraries\ST_HAL\Src\stm32l4xx_hal_pwr.o
HAL_PWR_EnableBkUpAccess                          libraries\ST_HAL\Src\stm32l4xx_hal_pwr.o
                                                  libraries\ST_HAL\Src\stm32l4xx_hal_rcc_ex.o
HAL_PWR_EnablePVD                                 libraries\ST_HAL\Src\stm32l4xx_hal_pwr.o
HAL_PWR_EnableSEVOnPend                           libraries\ST_HAL\Src\stm32l4xx_hal_pwr.o
HAL_PWR_EnableSleepOnExit                         libraries\ST_HAL\Src\stm32l4xx_hal_pwr.o
HAL_PWR_EnableWakeUpPin                           libraries\ST_HAL\Src\stm32l4xx_hal_pwr.o
                                                  Src\HAL\System\base\System.o
HAL_PWR_EnterSLEEPMode                            libraries\ST_HAL\Src\stm32l4xx_hal_pwr.o
HAL_PWR_EnterSTANDBYMode                          libraries\ST_HAL\Src\stm32l4xx_hal_pwr.o
                                                  Src\HAL\System\base\System.o
HAL_PWR_EnterSTOPMode                             libraries\ST_HAL\Src\stm32l4xx_hal_pwr.o
HAL_PWR_PVDCallback                               libraries\ST_HAL\Src\stm32l4xx_hal_pwr.o
                                                  libraries\ST_HAL\Src\stm32l4xx_hal_pwr_ex.o
HAL_RCCEx_CRSConfig                               libraries\ST_HAL\Src\stm32l4xx_hal_rcc_ex.o
HAL_RCCEx_CRSGetSynchronizationInfo               libraries\ST_HAL\Src\stm32l4xx_hal_rcc_ex.o
HAL_RCCEx_CRSSoftwareSynchronizationGenerate      libraries\ST_HAL\Src\stm32l4xx_hal_rcc_ex.o
HAL_RCCEx_CRSWaitSynchronization                  libraries\ST_HAL\Src\stm32l4xx_hal_rcc_ex.o
HAL_RCCEx_CRS_ErrorCallback                       libraries\ST_HAL\Src\stm32l4xx_hal_rcc_ex.o
HAL_RCCEx_CRS_ExpectedSyncCallback                libraries\ST_HAL\Src\stm32l4xx_hal_rcc_ex.o
HAL_RCCEx_CRS_IRQHandler                          libraries\ST_HAL\Src\stm32l4xx_hal_rcc_ex.o
HAL_RCCEx_CRS_SyncOkCallback                      libraries\ST_HAL\Src\stm32l4xx_hal_rcc_ex.o
HAL_RCCEx_CRS_SyncWarnCallback                    libraries\ST_HAL\Src\stm32l4xx_hal_rcc_ex.o
HAL_RCCEx_DisableLSCO                             libraries\ST_HAL\Src\stm32l4xx_hal_rcc_ex.o
HAL_RCCEx_DisableLSECSS                           libraries\ST_HAL\Src\stm32l4xx_hal_rcc_ex.o
HAL_RCCEx_DisableMSIPLLMode                       libraries\ST_HAL\Src\stm32l4xx_hal_rcc_ex.o
HAL_RCCEx_DisablePLLSAI1                          libraries\ST_HAL\Src\stm32l4xx_hal_rcc_ex.o
HAL_RCCEx_EnableLSCO                              libraries\ST_HAL\Src\stm32l4xx_hal_rcc_ex.o
HAL_RCCEx_EnableLSECSS                            libraries\ST_HAL\Src\stm32l4xx_hal_rcc_ex.o
HAL_RCCEx_EnableLSECSS_IT                         libraries\ST_HAL\Src\stm32l4xx_hal_rcc_ex.o
HAL_RCCEx_EnableMSIPLLMode                        libraries\ST_HAL\Src\stm32l4xx_hal_rcc_ex.o
HAL_RCCEx_EnablePLLSAI1                           libraries\ST_HAL\Src\stm32l4xx_hal_rcc_ex.o
HAL_RCCEx_GetPeriphCLKConfig                      libraries\ST_HAL\Src\stm32l4xx_hal_rcc_ex.o
HAL_RCCEx_GetPeriphCLKFreq                        libraries\ST_HAL\Src\stm32l4xx_hal_rcc_ex.o
HAL_RCCEx_LSECSS_Callback                         libraries\ST_HAL\Src\stm32l4xx_hal_rcc_ex.o
HAL_RCCEx_LSECSS_IRQHandler                       libraries\ST_HAL\Src\stm32l4xx_hal_rcc_ex.o
HAL_RCCEx_PeriphCLKConfig                         libraries\ST_HAL\Src\stm32l4xx_hal_rcc_ex.o
HAL_RCCEx_StandbyMSIRangeConfig                   libraries\ST_HAL\Src\stm32l4xx_hal_rcc_ex.o
HAL_RCCEx_WakeUpStopCLKConfig                     libraries\ST_HAL\Src\stm32l4xx_hal_rcc_ex.o
HAL_RCC_CSSCallback                               libraries\ST_HAL\Src\stm32l4xx_hal_rcc.o
HAL_RCC_ClockConfig                               libraries\ST_HAL\Src\stm32l4xx_hal_rcc.o
                                                  Src\HAL\System\base\System.o
HAL_RCC_DeInit                                    libraries\ST_HAL\Src\stm32l4xx_hal_rcc.o
HAL_RCC_EnableCSS                                 libraries\ST_HAL\Src\stm32l4xx_hal_rcc.o
HAL_RCC_GetClockConfig                            libraries\ST_HAL\Src\stm32l4xx_hal_rcc.o
HAL_RCC_GetHCLKFreq                               libraries\ST_HAL\Src\stm32l4xx_hal_rcc.o
                                                  Src\HAL\System\base\System.o
HAL_RCC_GetOscConfig                              libraries\ST_HAL\Src\stm32l4xx_hal_rcc.o
HAL_RCC_GetPCLK1Freq                              libraries\ST_HAL\Src\stm32l4xx_hal_rcc.o
                                                  libraries\ST_HAL\Src\stm32l4xx_hal_uart.o
                                                  libraries\ST_HAL\Src\stm32l4xx_hal_rcc_ex.o
HAL_RCC_GetPCLK2Freq                              libraries\ST_HAL\Src\stm32l4xx_hal_rcc.o
                                                  libraries\ST_HAL\Src\stm32l4xx_hal_uart.o
                                                  libraries\ST_HAL\Src\stm32l4xx_hal_rcc_ex.o
HAL_RCC_GetSysClockFreq                           libraries\ST_HAL\Src\stm32l4xx_hal_rcc.o
                                                  libraries\ST_HAL\Src\stm32l4xx_hal_uart.o
                                                  libraries\ST_HAL\Src\stm32l4xx_hal_rcc_ex.o
HAL_RCC_MCOConfig                                 libraries\ST_HAL\Src\stm32l4xx_hal_rcc.o
HAL_RCC_NMI_IRQHandler                            libraries\ST_HAL\Src\stm32l4xx_hal_rcc.o
HAL_RCC_OscConfig                                 libraries\ST_HAL\Src\stm32l4xx_hal_rcc.o
                                                  Src\HAL\System\base\System.o
HAL_RS485Ex_Init                                  libraries\ST_HAL\Src\stm32l4xx_hal_uart_ex.o
HAL_ResumeTick                                    libraries\ST_HAL\Src\stm32l4xx_hal.o
                                                  Src\HAL\Interrupts\base\interrupts.o
HAL_SPI1_Callback                                 Src\HAL\Interrupts\custom\interrupts_map.o
                                                  Src\HAL\Interrupts\custom\interrupts_it.o
HAL_SPI2_Callback                                 Src\HAL\Interrupts\custom\interrupts_map.o
                                                  Src\HAL\Interrupts\custom\interrupts_it.o
HAL_SPIEx_FlushRxFifo                             libraries\ST_HAL\Src\stm32l4xx_hal_spi_ex.o
HAL_SPI_Abort                                     libraries\ST_HAL\Src\stm32l4xx_hal_spi.o
HAL_SPI_AbortCpltCallback                         libraries\ST_HAL\Src\stm32l4xx_hal_spi.o
HAL_SPI_Abort_IT                                  libraries\ST_HAL\Src\stm32l4xx_hal_spi.o
HAL_SPI_DMAPause                                  libraries\ST_HAL\Src\stm32l4xx_hal_spi.o
HAL_SPI_DMAResume                                 libraries\ST_HAL\Src\stm32l4xx_hal_spi.o
HAL_SPI_DMAStop                                   libraries\ST_HAL\Src\stm32l4xx_hal_spi.o
HAL_SPI_DeInit                                    libraries\ST_HAL\Src\stm32l4xx_hal_spi.o
HAL_SPI_ErrorCallback                             libraries\ST_HAL\Src\stm32l4xx_hal_spi.o
HAL_SPI_GetError                                  libraries\ST_HAL\Src\stm32l4xx_hal_spi.o
HAL_SPI_GetState                                  libraries\ST_HAL\Src\stm32l4xx_hal_spi.o
HAL_SPI_IRQHandler                                libraries\ST_HAL\Src\stm32l4xx_hal_spi.o
HAL_SPI_Init                                      libraries\ST_HAL\Src\stm32l4xx_hal_spi.o
HAL_SPI_MspDeInit                                 stm32l4xx_hal_msp.o
                                                  libraries\ST_HAL\Src\stm32l4xx_hal_spi.o
HAL_SPI_MspInit                                   stm32l4xx_hal_msp.o
                                                  libraries\ST_HAL\Src\stm32l4xx_hal_spi.o
HAL_SPI_Receive                                   libraries\ST_HAL\Src\stm32l4xx_hal_spi.o
HAL_SPI_Receive_DMA                               libraries\ST_HAL\Src\stm32l4xx_hal_spi.o
HAL_SPI_Receive_IT                                libraries\ST_HAL\Src\stm32l4xx_hal_spi.o
HAL_SPI_RxCpltCallback                            libraries\ST_HAL\Src\stm32l4xx_hal_spi.o
HAL_SPI_RxHalfCpltCallback                        libraries\ST_HAL\Src\stm32l4xx_hal_spi.o
HAL_SPI_Transmit                                  libraries\ST_HAL\Src\stm32l4xx_hal_spi.o
HAL_SPI_TransmitReceive                           libraries\ST_HAL\Src\stm32l4xx_hal_spi.o
HAL_SPI_TransmitReceive_DMA                       libraries\ST_HAL\Src\stm32l4xx_hal_spi.o
HAL_SPI_TransmitReceive_IT                        libraries\ST_HAL\Src\stm32l4xx_hal_spi.o
HAL_SPI_Transmit_DMA                              libraries\ST_HAL\Src\stm32l4xx_hal_spi.o
HAL_SPI_Transmit_IT                               libraries\ST_HAL\Src\stm32l4xx_hal_spi.o
HAL_SPI_TxCpltCallback                            libraries\ST_HAL\Src\stm32l4xx_hal_spi.o
HAL_SPI_TxHalfCpltCallback                        libraries\ST_HAL\Src\stm32l4xx_hal_spi.o
HAL_SPI_TxRxCpltCallback                          libraries\ST_HAL\Src\stm32l4xx_hal_spi.o
HAL_SPI_TxRxHalfCpltCallback                      libraries\ST_HAL\Src\stm32l4xx_hal_spi.o
HAL_SYSCFG_DisableIOAnalogSwitchBooster           libraries\ST_HAL\Src\stm32l4xx_hal.o
HAL_SYSCFG_DisableMemorySwappingBank              libraries\ST_HAL\Src\stm32l4xx_hal.o
HAL_SYSCFG_DisableVREFBUF                         libraries\ST_HAL\Src\stm32l4xx_hal.o
HAL_SYSCFG_EnableIOAnalogSwitchBooster            libraries\ST_HAL\Src\stm32l4xx_hal.o
HAL_SYSCFG_EnableMemorySwappingBank               libraries\ST_HAL\Src\stm32l4xx_hal.o
HAL_SYSCFG_EnableVREFBUF                          libraries\ST_HAL\Src\stm32l4xx_hal.o
HAL_SYSCFG_SRAM2Erase                             libraries\ST_HAL\Src\stm32l4xx_hal.o
HAL_SYSCFG_VREFBUF_HighImpedanceConfig            libraries\ST_HAL\Src\stm32l4xx_hal.o
HAL_SYSCFG_VREFBUF_TrimmingConfig                 libraries\ST_HAL\Src\stm32l4xx_hal.o
HAL_SYSCFG_VREFBUF_VoltageScalingConfig           libraries\ST_HAL\Src\stm32l4xx_hal.o
HAL_SYSTICK_CLKSourceConfig                       libraries\ST_HAL\Src\stm32l4xx_hal_cortex.o
                                                  Src\HAL\System\base\System.o
HAL_SYSTICK_Callback                              Src\HAL\Interrupts\custom\interrupts_map.o
HAL_SYSTICK_Config                                libraries\ST_HAL\Src\stm32l4xx_hal_cortex.o
                                                  libraries\ST_HAL\Src\stm32l4xx_hal.o
                                                  Src\HAL\System\base\System.o
HAL_SYSTICK_IRQHandler                            libraries\ST_HAL\Src\stm32l4xx_hal_cortex.o
                                                  Src\HAL\Interrupts\custom\interrupts_it.o
HAL_SuspendTick                                   libraries\ST_HAL\Src\stm32l4xx_hal.o
                                                  Src\HAL\Interrupts\base\interrupts.o
HAL_UART1_Callback                                Src\HAL\Interrupts\custom\interrupts_map.o
                                                  Src\HAL\Interrupts\custom\interrupts_it.o
HAL_UART2_Callback                                Src\HAL\Interrupts\custom\interrupts_map.o
                                                  Src\HAL\Interrupts\custom\interrupts_it.o
HAL_UARTEx_DisableStopMode                        libraries\ST_HAL\Src\stm32l4xx_hal_uart_ex.o
HAL_UARTEx_EnableStopMode                         libraries\ST_HAL\Src\stm32l4xx_hal_uart_ex.o
HAL_UARTEx_StopModeWakeUpSourceConfig             libraries\ST_HAL\Src\stm32l4xx_hal_uart_ex.o
HAL_UARTEx_WakeupCallback                         libraries\ST_HAL\Src\stm32l4xx_hal_uart_ex.o
                                                  libraries\ST_HAL\Src\stm32l4xx_hal_uart.o
HAL_UART_Abort                                    libraries\ST_HAL\Src\stm32l4xx_hal_uart.o
HAL_UART_AbortCpltCallback                        libraries\ST_HAL\Src\stm32l4xx_hal_uart.o
HAL_UART_AbortReceive                             libraries\ST_HAL\Src\stm32l4xx_hal_uart.o
HAL_UART_AbortReceiveCpltCallback                 libraries\ST_HAL\Src\stm32l4xx_hal_uart.o
HAL_UART_AbortReceive_IT                          libraries\ST_HAL\Src\stm32l4xx_hal_uart.o
HAL_UART_AbortTransmit                            libraries\ST_HAL\Src\stm32l4xx_hal_uart.o
HAL_UART_AbortTransmitCpltCallback                libraries\ST_HAL\Src\stm32l4xx_hal_uart.o
HAL_UART_AbortTransmit_IT                         libraries\ST_HAL\Src\stm32l4xx_hal_uart.o
HAL_UART_Abort_IT                                 libraries\ST_HAL\Src\stm32l4xx_hal_uart.o
HAL_UART_DMAPause                                 libraries\ST_HAL\Src\stm32l4xx_hal_uart.o
HAL_UART_DMAResume                                libraries\ST_HAL\Src\stm32l4xx_hal_uart.o
HAL_UART_DMAStop                                  libraries\ST_HAL\Src\stm32l4xx_hal_uart.o
HAL_UART_DeInit                                   libraries\ST_HAL\Src\stm32l4xx_hal_uart.o
HAL_UART_ErrorCallback                            libraries\ST_HAL\Src\stm32l4xx_hal_uart.o
HAL_UART_GetError                                 libraries\ST_HAL\Src\stm32l4xx_hal_uart.o
HAL_UART_GetState                                 libraries\ST_HAL\Src\stm32l4xx_hal_uart.o
HAL_UART_IRQHandler                               libraries\ST_HAL\Src\stm32l4xx_hal_uart.o
HAL_UART_Init                                     libraries\ST_HAL\Src\stm32l4xx_hal_uart.o
HAL_UART_MspDeInit                                stm32l4xx_hal_msp.o
                                                  libraries\ST_HAL\Src\stm32l4xx_hal_uart.o
HAL_UART_MspInit                                  stm32l4xx_hal_msp.o
                                                  libraries\ST_HAL\Src\stm32l4xx_hal_uart.o
                                                  libraries\ST_HAL\Src\stm32l4xx_hal_uart_ex.o
HAL_UART_Receive                                  libraries\ST_HAL\Src\stm32l4xx_hal_uart.o
HAL_UART_Receive_DMA                              libraries\ST_HAL\Src\stm32l4xx_hal_uart.o
HAL_UART_Receive_IT                               libraries\ST_HAL\Src\stm32l4xx_hal_uart.o
HAL_UART_RxCpltCallback                           libraries\ST_HAL\Src\stm32l4xx_hal_uart.o
HAL_UART_RxHalfCpltCallback                       libraries\ST_HAL\Src\stm32l4xx_hal_uart.o
HAL_UART_Transmit                                 libraries\ST_HAL\Src\stm32l4xx_hal_uart.o
HAL_UART_Transmit_DMA                             libraries\ST_HAL\Src\stm32l4xx_hal_uart.o
HAL_UART_Transmit_IT                              libraries\ST_HAL\Src\stm32l4xx_hal_uart.o
HAL_UART_TxCpltCallback                           libraries\ST_HAL\Src\stm32l4xx_hal_uart.o
HAL_UART_TxHalfCpltCallback                       libraries\ST_HAL\Src\stm32l4xx_hal_uart.o
HardFault_Handler                                 Src\HAL\Interrupts\custom\interrupts_it.o
I2C1_ER_IRQHandler                                libraries\CMSIS\Source\startup_stm32l452xx.o
I2C1_EV_IRQHandler                                Src\HAL\Interrupts\custom\interrupts_it.o
I2C2_ER_IRQHandler                                libraries\CMSIS\Source\startup_stm32l452xx.o
I2C2_EV_IRQHandler                                Src\HAL\Interrupts\custom\interrupts_it.o
I2C3_ER_IRQHandler                                libraries\CMSIS\Source\startup_stm32l452xx.o
I2C3_EV_IRQHandler                                libraries\CMSIS\Source\startup_stm32l452xx.o
I2C4_ER_IRQHandler                                libraries\CMSIS\Source\startup_stm32l452xx.o
I2C4_EV_IRQHandler                                libraries\CMSIS\Source\startup_stm32l452xx.o
IWDGMap                                           Src\HAL\System\custom\System_map.o
IncreaseQueueWriteIndex                           Src\Architecture\tools\basic\base\CircularBuffer.o
LPTIM1_IRQHandler                                 libraries\CMSIS\Source\startup_stm32l452xx.o
LPTIM2_IRQHandler                                 libraries\CMSIS\Source\startup_stm32l452xx.o
LPUART1_IRQHandler                                libraries\CMSIS\Source\startup_stm32l452xx.o
MSIRangeTable                                     libraries\CMSIS\Source\system_stm32l4xx.o
                                                  libraries\ST_HAL\Src\stm32l4xx_hal_rcc_ex.o
                                                  libraries\ST_HAL\Src\stm32l4xx_hal_rcc.o
MemManage_Handler                                 Src\HAL\Interrupts\custom\interrupts_it.o
NMI_Handler                                       Src\HAL\Interrupts\custom\interrupts_it.o
PVD_PVM_IRQHandler                                libraries\CMSIS\Source\startup_stm32l452xx.o
PendSV_Handler                                    Src\HAL\Interrupts\custom\interrupts_it.o
QUADSPI_IRQHandler                                libraries\CMSIS\Source\startup_stm32l452xx.o
RCC_IRQHandler                                    libraries\CMSIS\Source\startup_stm32l452xx.o
RNG_IRQHandler                                    libraries\CMSIS\Source\startup_stm32l452xx.o
RTC_Alarm_IRQHandler                              libraries\CMSIS\Source\startup_stm32l452xx.o
RTC_WKUP_IRQHandler                               Src\HAL\Interrupts\custom\interrupts_it.o
ResetCheckCalc                                    Src\Architecture\tools\basic\base\CheckCalc.o
ResetQueue                                        Src\Architecture\tools\basic\base\CircularBuffer.o
Reset_Handler                                     libraries\CMSIS\Source\startup_stm32l452xx.o
SAI1_IRQHandler                                   libraries\CMSIS\Source\startup_stm32l452xx.o
SDMMC1_IRQHandler                                 libraries\CMSIS\Source\startup_stm32l452xx.o
SPI1_IRQHandler                                   Src\HAL\Interrupts\custom\interrupts_it.o
SPI2_IRQHandler                                   Src\HAL\Interrupts\custom\interrupts_it.o
SPI3_IRQHandler                                   libraries\CMSIS\Source\startup_stm32l452xx.o
SVC_Handler                                       Src\HAL\Interrupts\custom\interrupts_it.o
SchedSetTaskTime                                  Src\Architecture\Scheduler\base\Scheduler.o
SchedulerDisableAllTask                           Src\Architecture\Scheduler\base\Scheduler.o
SchedulerDisableTask                              Src\Architecture\Scheduler\base\Scheduler.o
SchedulerEnableTask                               Src\Architecture\Scheduler\base\Scheduler.o
SchedulerEnableUrgentTask                         Src\Architecture\Scheduler\base\Scheduler.o
SchedulerGetAverageTaskTime                       Src\Architecture\Scheduler\base\Scheduler.o
SchedulerGetMaxDelayProcess                       Src\Architecture\Scheduler\base\Scheduler.o
SchedulerGetMaximumTaskTime                       Src\Architecture\Scheduler\base\Scheduler.o
SchedulerInit                                     Src\Architecture\Scheduler\base\Scheduler.o
                                                  Src\Applications\Main\main.o
SchedulerInstanceMap                              Src\Architecture\Scheduler\custom\Scheduler_map.o
                                                  Src\Architecture\Scheduler\base\Scheduler.o
SchedulerNextSystemProcess                        Src\Architecture\Scheduler\base\Scheduler.o
                                                  Src\Applications\Main\main.o
SchedulerProcessesAutoEnable                      Src\Architecture\Scheduler\base\Scheduler.o
                                                  Src\HAL\Interrupts\custom\interrupts_map.o
SchedulerResetProcessTable                        Src\Architecture\Scheduler\base\Scheduler.o
SchedulerUpdateTaskTime                           Src\Architecture\Scheduler\base\Scheduler.o
SearchIntoDelimitedTable                          Src\Architecture\tools\basic\base\tools.o
SwTimerCancelTimer                                Src\Drivers\SwTimer\base\SwTimer.o
SwTimerGetElapsed                                 Src\Drivers\SwTimer\base\SwTimer.o
                                                  Src\Drivers\SwTimer\base\SwTimer_api.o
SwTimerGetPending                                 Src\Drivers\SwTimer\base\SwTimer.o
                                                  Src\Drivers\SwTimer\base\SwTimer_api.o
SwTimerGetState                                   Src\Drivers\SwTimer\base\SwTimer.o
                                                  Src\Drivers\SwTimer\base\SwTimer_api.o
SwTimerInit                                       Src\Drivers\SwTimer\base\SwTimer.o
                                                  Src\Drivers\SwTimer\base\SwTimer_api.o
SwTimerIrq                                        Src\Drivers\SwTimer\base\SwTimer.o
                                                  Src\HAL\Interrupts\custom\interrupts_map.o
SwTimerIsExpired                                  Src\Drivers\SwTimer\base\SwTimer.o
SwTimerResetTimer                                 Src\Drivers\SwTimer\base\SwTimer.o
SwTimerSetCallbackFunction                        Src\Drivers\SwTimer\base\SwTimer.o
                                                  Src\Drivers\SwTimer\base\SwTimer_api.o
SwTimerSetState                                   Src\Drivers\SwTimer\base\SwTimer.o
                                                  Src\Drivers\SwTimer\base\SwTimer_api.o
SwTimerSetTimeout                                 Src\Drivers\SwTimer\base\SwTimer.o
                                                  Src\Drivers\SwTimer\base\SwTimer_api.o
SwTimerSleep                                      Src\Drivers\SwTimer\base\SwTimer.o
                                                  Src\Drivers\SwTimer\base\SwTimer_api.o
SwTimerStart                                      Src\Drivers\SwTimer\base\SwTimer.o
                                                  Src\Drivers\SwTimer\base\SwTimer_api.o
SwTimerStartTimer                                 Src\Drivers\SwTimer\base\SwTimer.o
SwTimerStop                                       Src\Drivers\SwTimer\base\SwTimer.o
                                                  Src\Drivers\SwTimer\base\SwTimer_api.o
SwTimerStopTimer                                  Src\Drivers\SwTimer\base\SwTimer.o
SwTimerUpdateTimer                                Src\Drivers\SwTimer\base\SwTimer.o
SwTimerWake                                       Src\Drivers\SwTimer\base\SwTimer.o
                                                  Src\Drivers\SwTimer\base\SwTimer_api.o
SysTick_Handler                                   Src\HAL\Interrupts\custom\interrupts_it.o
SystemCoreClock                                   libraries\CMSIS\Source\system_stm32l4xx.o
                                                  libraries\ST_HAL\Src\stm32l4xx_hal_spi.o
                                                  libraries\ST_HAL\Src\stm32l4xx_hal_rcc.o
                                                  libraries\ST_HAL\Src\stm32l4xx_hal_pwr_ex.o
                                                  libraries\ST_HAL\Src\stm32l4xx_hal.o
                                                  Src\HAL\System\base\System.o
SystemCoreClockUpdate                             libraries\CMSIS\Source\system_stm32l4xx.o
SystemInit                                        libraries\CMSIS\Source\system_stm32l4xx.o
                                                  libraries\CMSIS\Source\startup_stm32l452xx.o
SystemMap                                         Src\HAL\System\custom\System_map.o
                                                  Src\HAL\System\base\System.o
TAMP_STAMP_IRQHandler                             libraries\CMSIS\Source\startup_stm32l452xx.o
TIM1_BRK_TIM15_IRQHandler                         libraries\CMSIS\Source\startup_stm32l452xx.o
TIM1_CC_IRQHandler                                libraries\CMSIS\Source\startup_stm32l452xx.o
TIM1_TRG_COM_IRQHandler                           libraries\CMSIS\Source\startup_stm32l452xx.o
TIM1_UP_TIM16_IRQHandler                          libraries\CMSIS\Source\startup_stm32l452xx.o
TIM2_IRQHandler                                   Src\HAL\Interrupts\custom\interrupts_it.o
TIM3_IRQHandler                                   Src\HAL\Interrupts\custom\interrupts_it.o
TIM6_DAC_IRQHandler                               libraries\CMSIS\Source\startup_stm32l452xx.o
TSC_IRQHandler                                    libraries\CMSIS\Source\startup_stm32l452xx.o
UART4_IRQHandler                                  libraries\CMSIS\Source\startup_stm32l452xx.o
UART_AdvFeatureConfig                             libraries\ST_HAL\Src\stm32l4xx_hal_uart.o
                                                  libraries\ST_HAL\Src\stm32l4xx_hal_uart_ex.o
UART_CheckIdleState                               libraries\ST_HAL\Src\stm32l4xx_hal_uart.o
                                                  libraries\ST_HAL\Src\stm32l4xx_hal_uart_ex.o
UART_SetConfig                                    libraries\ST_HAL\Src\stm32l4xx_hal_uart.o
                                                  libraries\ST_HAL\Src\stm32l4xx_hal_uart_ex.o
UART_WaitOnFlagUntilTimeout                       libraries\ST_HAL\Src\stm32l4xx_hal_uart.o
                                                  libraries\ST_HAL\Src\stm32l4xx_hal_uart_ex.o
USART1_IRQHandler                                 Src\HAL\Interrupts\custom\interrupts_it.o
USART2_IRQHandler                                 Src\HAL\Interrupts\custom\interrupts_it.o
USART3_IRQHandler                                 libraries\CMSIS\Source\startup_stm32l452xx.o
USB_IRQHandler                                    libraries\CMSIS\Source\startup_stm32l452xx.o
UpdateQueueReadIndex                              Src\Architecture\tools\basic\base\CircularBuffer.o
UpdateQueueWriteIndex                             Src\Architecture\tools\basic\base\CircularBuffer.o
UsageFault_Handler                                Src\HAL\Interrupts\custom\interrupts_it.o
WWDGMap                                           Src\HAL\System\custom\System_map.o
WWDG_IRQHandler                                   libraries\CMSIS\Source\startup_stm32l452xx.o
__aeabi_idiv0                                     c:/program files (x86)/atollic/truestudio for stm32 9.0.1/armtools/bin/../lib/gcc/arm-atollic-eabi/6.3.1/armv7e-m/fpu\libgcc.a(_dvmd_tls.o)
__aeabi_ldiv0                                     c:/program files (x86)/atollic/truestudio for stm32 9.0.1/armtools/bin/../lib/gcc/arm-atollic-eabi/6.3.1/armv7e-m/fpu\libgcc.a(_dvmd_tls.o)
                                                  c:/program files (x86)/atollic/truestudio for stm32 9.0.1/armtools/bin/../lib/gcc/arm-atollic-eabi/6.3.1/armv7e-m/fpu\libgcc.a(_aeabi_uldivmod.o)
__aeabi_uldivmod                                  c:/program files (x86)/atollic/truestudio for stm32 9.0.1/armtools/bin/../lib/gcc/arm-atollic-eabi/6.3.1/armv7e-m/fpu\libgcc.a(_aeabi_uldivmod.o)
                                                  libraries\ST_HAL\Src\stm32l4xx_hal_uart.o
__deregister_frame_info                           c:/program files (x86)/atollic/truestudio for stm32 9.0.1/armtools/bin/../lib/gcc/arm-atollic-eabi/6.3.1/armv7e-m/fpu/crtbegin.o
__dso_handle                                      c:/program files (x86)/atollic/truestudio for stm32 9.0.1/armtools/bin/../lib/gcc/arm-atollic-eabi/6.3.1/armv7e-m/fpu/crtbegin.o
__init_array_end                                  c:/program files (x86)/atollic/truestudio for stm32 9.0.1/armtools/bin/../lib/gcc/arm-atollic-eabi/6.3.1/../../../../arm-atollic-eabi/lib/armv7e-m/fpu\libc_nano.a(lib_a-init.o)
__init_array_start                                c:/program files (x86)/atollic/truestudio for stm32 9.0.1/armtools/bin/../lib/gcc/arm-atollic-eabi/6.3.1/../../../../arm-atollic-eabi/lib/armv7e-m/fpu\libc_nano.a(lib_a-init.o)
__libc_init_array                                 c:/program files (x86)/atollic/truestudio for stm32 9.0.1/armtools/bin/../lib/gcc/arm-atollic-eabi/6.3.1/../../../../arm-atollic-eabi/lib/armv7e-m/fpu\libc_nano.a(lib_a-init.o)
                                                  libraries\CMSIS\Source\startup_stm32l452xx.o
__preinit_array_end                               c:/program files (x86)/atollic/truestudio for stm32 9.0.1/armtools/bin/../lib/gcc/arm-atollic-eabi/6.3.1/../../../../arm-atollic-eabi/lib/armv7e-m/fpu\libc_nano.a(lib_a-init.o)
__preinit_array_start                             c:/program files (x86)/atollic/truestudio for stm32 9.0.1/armtools/bin/../lib/gcc/arm-atollic-eabi/6.3.1/../../../../arm-atollic-eabi/lib/armv7e-m/fpu\libc_nano.a(lib_a-init.o)
__register_frame_info                             c:/program files (x86)/atollic/truestudio for stm32 9.0.1/armtools/bin/../lib/gcc/arm-atollic-eabi/6.3.1/armv7e-m/fpu/crtbegin.o